<?xml version="1.0"?>
<link_info>
   <banner>TI ARM Linker PC v16.9.7.LTS</banner>
   <copyright>Copyright (c) 1996-2017 Texas Instruments Incorporated</copyright>
   <link_time>0x5accfee6</link_time>
   <link_errors>0x0</link_errors>
   <output_file>Solarco.out</output_file>
   <entry_point>
      <name>_c_int00</name>
      <address>0x20c5</address>
   </entry_point>
   <input_file_list>
      <input_file id="fl-2">
         <path>.\</path>
         <kind>object</kind>
         <file>bluetooth.obj</file>
         <name>bluetooth.obj</name>
      </input_file>
      <input_file id="fl-3">
         <path>.\</path>
         <kind>object</kind>
         <file>display.obj</file>
         <name>display.obj</name>
      </input_file>
      <input_file id="fl-4">
         <path>.\</path>
         <kind>object</kind>
         <file>keypad.obj</file>
         <name>keypad.obj</name>
      </input_file>
      <input_file id="fl-5">
         <path>.\</path>
         <kind>object</kind>
         <file>main.obj</file>
         <name>main.obj</name>
      </input_file>
      <input_file id="fl-6">
         <path>.\</path>
         <kind>object</kind>
         <file>motor.obj</file>
         <name>motor.obj</name>
      </input_file>
      <input_file id="fl-7">
         <path>.\</path>
         <kind>object</kind>
         <file>sensor.obj</file>
         <name>sensor.obj</name>
      </input_file>
      <input_file id="fl-8">
         <path>.\</path>
         <kind>object</kind>
         <file>tm4c123gh6pm_startup_ccs.obj</file>
         <name>tm4c123gh6pm_startup_ccs.obj</name>
      </input_file>
      <input_file id="fl-9">
         <path>.\</path>
         <kind>object</kind>
         <file>uartstdio.obj</file>
         <name>uartstdio.obj</name>
      </input_file>
      <input_file id="fl-e">
         <kind>object</kind>
         <file>&lt;internal&gt;</file>
         <name>&lt;internal&gt;</name>
      </input_file>
      <input_file id="fl-c4">
         <path>C:\Program Files (x86)\TI\ccsv7\tools\compiler\ti-cgt-arm_16.9.7.LTS\lib\</path>
         <kind>archive</kind>
         <file>rtsv7M4_T_le_v4SPD16_eabi.lib</file>
         <name>atoi.obj</name>
      </input_file>
      <input_file id="fl-c5">
         <path>C:\Program Files (x86)\TI\ccsv7\tools\compiler\ti-cgt-arm_16.9.7.LTS\lib\</path>
         <kind>archive</kind>
         <file>rtsv7M4_T_le_v4SPD16_eabi.lib</file>
         <name>boot.obj</name>
      </input_file>
      <input_file id="fl-c6">
         <path>C:\Program Files (x86)\TI\ccsv7\tools\compiler\ti-cgt-arm_16.9.7.LTS\lib\</path>
         <kind>archive</kind>
         <file>rtsv7M4_T_le_v4SPD16_eabi.lib</file>
         <name>copy_decompress_lzss.obj</name>
      </input_file>
      <input_file id="fl-c7">
         <path>C:\Program Files (x86)\TI\ccsv7\tools\compiler\ti-cgt-arm_16.9.7.LTS\lib\</path>
         <kind>archive</kind>
         <file>rtsv7M4_T_le_v4SPD16_eabi.lib</file>
         <name>copy_decompress_none.obj</name>
      </input_file>
      <input_file id="fl-c8">
         <path>C:\Program Files (x86)\TI\ccsv7\tools\compiler\ti-cgt-arm_16.9.7.LTS\lib\</path>
         <kind>archive</kind>
         <file>rtsv7M4_T_le_v4SPD16_eabi.lib</file>
         <name>copy_zero_init.obj</name>
      </input_file>
      <input_file id="fl-c9">
         <path>C:\Program Files (x86)\TI\ccsv7\tools\compiler\ti-cgt-arm_16.9.7.LTS\lib\</path>
         <kind>archive</kind>
         <file>rtsv7M4_T_le_v4SPD16_eabi.lib</file>
         <name>ctype.obj</name>
      </input_file>
      <input_file id="fl-ca">
         <path>C:\Program Files (x86)\TI\ccsv7\tools\compiler\ti-cgt-arm_16.9.7.LTS\lib\</path>
         <kind>archive</kind>
         <file>rtsv7M4_T_le_v4SPD16_eabi.lib</file>
         <name>exit.obj</name>
      </input_file>
      <input_file id="fl-cb">
         <path>C:\Program Files (x86)\TI\ccsv7\tools\compiler\ti-cgt-arm_16.9.7.LTS\lib\</path>
         <kind>archive</kind>
         <file>rtsv7M4_T_le_v4SPD16_eabi.lib</file>
         <name>fd_div_t2.obj</name>
      </input_file>
      <input_file id="fl-cc">
         <path>C:\Program Files (x86)\TI\ccsv7\tools\compiler\ti-cgt-arm_16.9.7.LTS\lib\</path>
         <kind>archive</kind>
         <file>rtsv7M4_T_le_v4SPD16_eabi.lib</file>
         <name>fd_tou_t2.obj</name>
      </input_file>
      <input_file id="fl-cd">
         <path>C:\Program Files (x86)\TI\ccsv7\tools\compiler\ti-cgt-arm_16.9.7.LTS\lib\</path>
         <kind>archive</kind>
         <file>rtsv7M4_T_le_v4SPD16_eabi.lib</file>
         <name>ltoa.obj</name>
      </input_file>
      <input_file id="fl-ce">
         <path>C:\Program Files (x86)\TI\ccsv7\tools\compiler\ti-cgt-arm_16.9.7.LTS\lib\</path>
         <kind>archive</kind>
         <file>rtsv7M4_T_le_v4SPD16_eabi.lib</file>
         <name>memcpy_t2.obj</name>
      </input_file>
      <input_file id="fl-cf">
         <path>C:\Program Files (x86)\TI\ccsv7\tools\compiler\ti-cgt-arm_16.9.7.LTS\lib\</path>
         <kind>archive</kind>
         <file>rtsv7M4_T_le_v4SPD16_eabi.lib</file>
         <name>memset_t2.obj</name>
      </input_file>
      <input_file id="fl-d0">
         <path>C:\Program Files (x86)\TI\ccsv7\tools\compiler\ti-cgt-arm_16.9.7.LTS\lib\</path>
         <kind>archive</kind>
         <file>rtsv7M4_T_le_v4SPD16_eabi.lib</file>
         <name>mpu_init.obj</name>
      </input_file>
      <input_file id="fl-d1">
         <path>C:\Program Files (x86)\TI\ccsv7\tools\compiler\ti-cgt-arm_16.9.7.LTS\lib\</path>
         <kind>archive</kind>
         <file>rtsv7M4_T_le_v4SPD16_eabi.lib</file>
         <name>pre_init.obj</name>
      </input_file>
      <input_file id="fl-d2">
         <path>C:\Program Files (x86)\TI\ccsv7\tools\compiler\ti-cgt-arm_16.9.7.LTS\lib\</path>
         <kind>archive</kind>
         <file>rtsv7M4_T_le_v4SPD16_eabi.lib</file>
         <name>stkdepth_vars.obj</name>
      </input_file>
      <input_file id="fl-d3">
         <path>C:\Program Files (x86)\TI\ccsv7\tools\compiler\ti-cgt-arm_16.9.7.LTS\lib\</path>
         <kind>archive</kind>
         <file>rtsv7M4_T_le_v4SPD16_eabi.lib</file>
         <name>strcat.obj</name>
      </input_file>
      <input_file id="fl-d4">
         <path>C:\Program Files (x86)\TI\ccsv7\tools\compiler\ti-cgt-arm_16.9.7.LTS\lib\</path>
         <kind>archive</kind>
         <file>rtsv7M4_T_le_v4SPD16_eabi.lib</file>
         <name>strcmp.obj</name>
      </input_file>
      <input_file id="fl-d5">
         <path>C:\Program Files (x86)\TI\ccsv7\tools\compiler\ti-cgt-arm_16.9.7.LTS\lib\</path>
         <kind>archive</kind>
         <file>rtsv7M4_T_le_v4SPD16_eabi.lib</file>
         <name>strcpy.obj</name>
      </input_file>
      <input_file id="fl-d6">
         <path>C:\Program Files (x86)\TI\ccsv7\tools\compiler\ti-cgt-arm_16.9.7.LTS\lib\</path>
         <kind>archive</kind>
         <file>rtsv7M4_T_le_v4SPD16_eabi.lib</file>
         <name>strlen.obj</name>
      </input_file>
      <input_file id="fl-d7">
         <path>C:\Program Files (x86)\TI\ccsv7\tools\compiler\ti-cgt-arm_16.9.7.LTS\lib\</path>
         <kind>archive</kind>
         <file>rtsv7M4_T_le_v4SPD16_eabi.lib</file>
         <name>strtod.obj</name>
      </input_file>
      <input_file id="fl-d8">
         <path>C:\Program Files (x86)\TI\ccsv7\tools\compiler\ti-cgt-arm_16.9.7.LTS\lib\</path>
         <kind>archive</kind>
         <file>rtsv7M4_T_le_v4SPD16_eabi.lib</file>
         <name>u_divt2.obj</name>
      </input_file>
      <input_file id="fl-d9">
         <path>C:\Program Files (x86)\TI\ccsv7\tools\compiler\ti-cgt-arm_16.9.7.LTS\lib\</path>
         <kind>archive</kind>
         <file>rtsv7M4_T_le_v4SPD16_eabi.lib</file>
         <name>u_tofd_t2.obj</name>
      </input_file>
      <input_file id="fl-da">
         <path>C:\Program Files (x86)\TI\ccsv7\tools\compiler\ti-cgt-arm_16.9.7.LTS\lib\</path>
         <kind>archive</kind>
         <file>rtsv7M4_T_le_v4SPD16_eabi.lib</file>
         <name>_lock.obj</name>
      </input_file>
      <input_file id="fl-db">
         <path>C:\Program Files (x86)\TI\ccsv7\tools\compiler\ti-cgt-arm_16.9.7.LTS\lib\</path>
         <kind>archive</kind>
         <file>rtsv7M4_T_le_v4SPD16_eabi.lib</file>
         <name>args_main.obj</name>
      </input_file>
      <input_file id="fl-dc">
         <path>C:\Program Files (x86)\TI\ccsv7\tools\compiler\ti-cgt-arm_16.9.7.LTS\lib\</path>
         <kind>archive</kind>
         <file>rtsv7M4_T_le_v4SPD16_eabi.lib</file>
         <name>autoinit.obj</name>
      </input_file>
      <input_file id="fl-dd">
         <path>C:\Program Files (x86)\TI\ccsv7\tools\compiler\ti-cgt-arm_16.9.7.LTS\lib\</path>
         <kind>archive</kind>
         <file>rtsv7M4_T_le_v4SPD16_eabi.lib</file>
         <name>cpy_tbl.obj</name>
      </input_file>
      <input_file id="fl-de">
         <path>C:\Program Files (x86)\TI\ccsv7\tools\compiler\ti-cgt-arm_16.9.7.LTS\lib\</path>
         <kind>archive</kind>
         <file>rtsv7M4_T_le_v4SPD16_eabi.lib</file>
         <name>errno.obj</name>
      </input_file>
      <input_file id="fl-df">
         <path>C:\Program Files (x86)\TI\ccsv7\tools\compiler\ti-cgt-arm_16.9.7.LTS\lib\</path>
         <kind>archive</kind>
         <file>rtsv7M4_T_le_v4SPD16_eabi.lib</file>
         <name>fd_add_t2.obj</name>
      </input_file>
      <input_file id="fl-e0">
         <path>C:\Program Files (x86)\TI\ccsv7\tools\compiler\ti-cgt-arm_16.9.7.LTS\lib\</path>
         <kind>archive</kind>
         <file>rtsv7M4_T_le_v4SPD16_eabi.lib</file>
         <name>fd_cmp_t2.obj</name>
      </input_file>
      <input_file id="fl-e1">
         <path>C:\Program Files (x86)\TI\ccsv7\tools\compiler\ti-cgt-arm_16.9.7.LTS\lib\</path>
         <kind>archive</kind>
         <file>rtsv7M4_T_le_v4SPD16_eabi.lib</file>
         <name>fd_mul_t2.obj</name>
      </input_file>
      <input_file id="fl-e2">
         <path>C:\Program Files (x86)\TI\ccsv7\tools\compiler\ti-cgt-arm_16.9.7.LTS\lib\</path>
         <kind>archive</kind>
         <file>rtsv7M4_T_le_v4SPD16_eabi.lib</file>
         <name>i_div0.obj</name>
      </input_file>
      <input_file id="fl-e3">
         <path>C:\Program Files (x86)\TI\ccsv7\tools\compiler\ti-cgt-arm_16.9.7.LTS\lib\</path>
         <kind>archive</kind>
         <file>rtsv7M4_T_le_v4SPD16_eabi.lib</file>
         <name>startup.obj</name>
      </input_file>
      <input_file id="fl-e4">
         <path>C:\Program Files (x86)\TI\TivaWare\driverlib\ccs\Debug\</path>
         <kind>archive</kind>
         <file>driverlib.lib</file>
         <name>adc.obj</name>
      </input_file>
      <input_file id="fl-e5">
         <path>C:\Program Files (x86)\TI\TivaWare\driverlib\ccs\Debug\</path>
         <kind>archive</kind>
         <file>driverlib.lib</file>
         <name>fpu.obj</name>
      </input_file>
      <input_file id="fl-e6">
         <path>C:\Program Files (x86)\TI\TivaWare\driverlib\ccs\Debug\</path>
         <kind>archive</kind>
         <file>driverlib.lib</file>
         <name>gpio.obj</name>
      </input_file>
      <input_file id="fl-e7">
         <path>C:\Program Files (x86)\TI\TivaWare\driverlib\ccs\Debug\</path>
         <kind>archive</kind>
         <file>driverlib.lib</file>
         <name>interrupt.obj</name>
      </input_file>
      <input_file id="fl-e8">
         <path>C:\Program Files (x86)\TI\TivaWare\driverlib\ccs\Debug\</path>
         <kind>archive</kind>
         <file>driverlib.lib</file>
         <name>sysctl.obj</name>
      </input_file>
      <input_file id="fl-e9">
         <path>C:\Program Files (x86)\TI\TivaWare\driverlib\ccs\Debug\</path>
         <kind>archive</kind>
         <file>driverlib.lib</file>
         <name>uart.obj</name>
      </input_file>
      <input_file id="fl-ea">
         <path>C:\Program Files (x86)\TI\TivaWare\driverlib\ccs\Debug\</path>
         <kind>archive</kind>
         <file>driverlib.lib</file>
         <name>cpu.obj</name>
      </input_file>
   </input_file_list>
   <object_component_list>
      <object_component id="oc-f">
         <name>.intvecs</name>
         <load_address>0x0</load_address>
         <run_address>0x0</run_address>
         <size>0x26c</size>
         <input_file_ref idref="fl-8"/>
      </object_component>
      <object_component id="oc-a7">
         <name>.text</name>
         <load_address>0x26c</load_address>
         <run_address>0x26c</run_address>
         <size>0x94c</size>
         <input_file_ref idref="fl-5"/>
      </object_component>
      <object_component id="oc-140">
         <name>.text</name>
         <load_address>0xbb8</load_address>
         <run_address>0xbb8</run_address>
         <size>0x330</size>
         <input_file_ref idref="fl-4"/>
      </object_component>
      <object_component id="oc-115">
         <name>.text</name>
         <load_address>0xee8</load_address>
         <run_address>0xee8</run_address>
         <size>0x23c</size>
         <input_file_ref idref="fl-d7"/>
      </object_component>
      <object_component id="oc-d7">
         <name>.text</name>
         <load_address>0x1124</load_address>
         <run_address>0x1124</run_address>
         <size>0x228</size>
         <input_file_ref idref="fl-3"/>
      </object_component>
      <object_component id="oc-21f">
         <name>.text</name>
         <load_address>0x134c</load_address>
         <run_address>0x134c</run_address>
         <size>0x1b6</size>
         <input_file_ref idref="fl-df"/>
      </object_component>
      <object_component id="oc-57">
         <name>.text</name>
         <load_address>0x1502</load_address>
         <run_address>0x1502</run_address>
         <size>0x2</size>
         <input_file_ref idref="fl-d0"/>
      </object_component>
      <object_component id="oc-10e">
         <name>.text</name>
         <load_address>0x1504</load_address>
         <run_address>0x1504</run_address>
         <size>0x184</size>
         <input_file_ref idref="fl-6"/>
      </object_component>
      <object_component id="oc-209">
         <name>.text</name>
         <load_address>0x1688</load_address>
         <run_address>0x1688</run_address>
         <size>0x136</size>
         <input_file_ref idref="fl-cb"/>
      </object_component>
      <object_component id="oc-1df">
         <name>.text:GPIOPadConfigSet</name>
         <load_address>0x17be</load_address>
         <run_address>0x17be</run_address>
         <size>0x132</size>
         <input_file_ref idref="fl-e6"/>
      </object_component>
      <object_component id="oc-d0">
         <name>.text:SysCtlClockGet</name>
         <load_address>0x18f0</load_address>
         <run_address>0x18f0</run_address>
         <size>0x110</size>
         <input_file_ref idref="fl-e8"/>
      </object_component>
      <object_component id="oc-21a">
         <name>.text</name>
         <load_address>0x1a00</load_address>
         <run_address>0x1a00</run_address>
         <size>0xfc</size>
         <input_file_ref idref="fl-e1"/>
      </object_component>
      <object_component id="oc-12e">
         <name>.text:SysCtlClockSet</name>
         <load_address>0x1afc</load_address>
         <run_address>0x1afc</run_address>
         <size>0xf4</size>
         <input_file_ref idref="fl-e8"/>
      </object_component>
      <object_component id="oc-3f">
         <name>.text</name>
         <load_address>0x1bf0</load_address>
         <run_address>0x1bf0</run_address>
         <size>0x9c</size>
         <input_file_ref idref="fl-ce"/>
      </object_component>
      <object_component id="oc-108">
         <name>.text</name>
         <load_address>0x1c8c</load_address>
         <run_address>0x1c8c</run_address>
         <size>0x98</size>
         <input_file_ref idref="fl-7"/>
      </object_component>
      <object_component id="oc-146">
         <name>.text</name>
         <load_address>0x1d24</load_address>
         <run_address>0x1d24</run_address>
         <size>0x8c</size>
         <input_file_ref idref="fl-2"/>
      </object_component>
      <object_component id="oc-224">
         <name>.text:__aeabi_cdcmple</name>
         <load_address>0x1db0</load_address>
         <run_address>0x1db0</run_address>
         <size>0x86</size>
         <input_file_ref idref="fl-e0"/>
      </object_component>
      <object_component id="oc-1f7">
         <name>.text:ADCSequenceStepConfigure</name>
         <load_address>0x1e36</load_address>
         <run_address>0x1e36</run_address>
         <size>0x7a</size>
         <input_file_ref idref="fl-e4"/>
      </object_component>
      <object_component id="oc-4b">
         <name>.text</name>
         <load_address>0x1eb0</load_address>
         <run_address>0x1eb0</run_address>
         <size>0x7a</size>
         <input_file_ref idref="fl-cf"/>
      </object_component>
      <object_component id="oc-9f">
         <name>.text</name>
         <load_address>0x1f2a</load_address>
         <run_address>0x1f2a</run_address>
         <size>0x2</size>
         <input_file_ref idref="fl-e3"/>
      </object_component>
      <object_component id="oc-63">
         <name>.text</name>
         <load_address>0x1f2c</load_address>
         <run_address>0x1f2c</run_address>
         <size>0x70</size>
         <input_file_ref idref="fl-dc"/>
      </object_component>
      <object_component id="oc-2d4">
         <name>.text:IntEnable</name>
         <load_address>0x1f9c</load_address>
         <run_address>0x1f9c</run_address>
         <size>0x68</size>
         <input_file_ref idref="fl-e7"/>
      </object_component>
      <object_component id="oc-12">
         <name>.text:decompress:lzss</name>
         <load_address>0x2004</load_address>
         <run_address>0x2004</run_address>
         <size>0x68</size>
         <input_file_ref idref="fl-c6"/>
      </object_component>
      <object_component id="oc-24f">
         <name>.text:GPIOIntTypeSet</name>
         <load_address>0x206c</load_address>
         <run_address>0x206c</run_address>
         <size>0x56</size>
         <input_file_ref idref="fl-e6"/>
      </object_component>
      <object_component id="oc-24">
         <name>.text</name>
         <load_address>0x20c4</load_address>
         <run_address>0x20c4</run_address>
         <size>0x54</size>
         <input_file_ref idref="fl-c5"/>
      </object_component>
      <object_component id="oc-6f">
         <name>.text</name>
         <load_address>0x2118</load_address>
         <run_address>0x2118</run_address>
         <size>0x54</size>
         <input_file_ref idref="fl-ca"/>
      </object_component>
      <object_component id="oc-1d3">
         <name>.text</name>
         <load_address>0x216c</load_address>
         <run_address>0x216c</run_address>
         <size>0x54</size>
         <input_file_ref idref="fl-cd"/>
      </object_component>
      <object_component id="oc-1eb">
         <name>.text:ADCSequenceConfigure</name>
         <load_address>0x21c0</load_address>
         <run_address>0x21c0</run_address>
         <size>0x50</size>
         <input_file_ref idref="fl-e4"/>
      </object_component>
      <object_component id="oc-20e">
         <name>.text</name>
         <load_address>0x2210</load_address>
         <run_address>0x2210</run_address>
         <size>0x4c</size>
         <input_file_ref idref="fl-c4"/>
      </object_component>
      <object_component id="oc-99">
         <name>.text</name>
         <load_address>0x225c</load_address>
         <run_address>0x225c</run_address>
         <size>0x4c</size>
         <input_file_ref idref="fl-dd"/>
      </object_component>
      <object_component id="oc-26b">
         <name>.text:GPIOPinConfigure</name>
         <load_address>0x22a8</load_address>
         <run_address>0x22a8</run_address>
         <size>0x48</size>
         <input_file_ref idref="fl-e6"/>
      </object_component>
      <object_component id="oc-277">
         <name>.text:UARTConfigSetExpClk</name>
         <load_address>0x22f0</load_address>
         <run_address>0x22f0</run_address>
         <size>0x46</size>
         <input_file_ref idref="fl-e9"/>
      </object_component>
      <object_component id="oc-2c8">
         <name>.text:_GPIOIntNumberGet</name>
         <load_address>0x2338</load_address>
         <run_address>0x2338</run_address>
         <size>0x44</size>
         <input_file_ref idref="fl-e6"/>
      </object_component>
      <object_component id="oc-214">
         <name>.text</name>
         <load_address>0x237c</load_address>
         <run_address>0x237c</run_address>
         <size>0x44</size>
         <input_file_ref idref="fl-cc"/>
      </object_component>
      <object_component id="oc-13a">
         <name>.text:SysCtlPeripheralReady</name>
         <load_address>0x23c0</load_address>
         <run_address>0x23c0</run_address>
         <size>0x38</size>
         <input_file_ref idref="fl-e8"/>
      </object_component>
      <object_component id="oc-2ce">
         <name>.text:IntRegister</name>
         <load_address>0x23f8</load_address>
         <run_address>0x23f8</run_address>
         <size>0x34</size>
         <input_file_ref idref="fl-e7"/>
      </object_component>
      <object_component id="oc-134">
         <name>.text:SysCtlPeripheralEnable</name>
         <load_address>0x242c</load_address>
         <run_address>0x242c</run_address>
         <size>0x34</size>
         <input_file_ref idref="fl-e8"/>
      </object_component>
      <object_component id="oc-1c1">
         <name>.text:ADCIntStatus</name>
         <load_address>0x2460</load_address>
         <run_address>0x2460</run_address>
         <size>0x2e</size>
         <input_file_ref idref="fl-e4"/>
      </object_component>
      <object_component id="oc-28c">
         <name>.text:GPIODirModeSet</name>
         <load_address>0x248e</load_address>
         <run_address>0x248e</run_address>
         <size>0x2a</size>
         <input_file_ref idref="fl-e6"/>
      </object_component>
      <object_component id="oc-2e8">
         <name>.text:UARTDisable</name>
         <load_address>0x24b8</load_address>
         <run_address>0x24b8</run_address>
         <size>0x20</size>
         <input_file_ref idref="fl-e9"/>
      </object_component>
      <object_component id="oc-204">
         <name>.text</name>
         <load_address>0x24d8</load_address>
         <run_address>0x24d8</run_address>
         <size>0x20</size>
         <input_file_ref idref="fl-d9"/>
      </object_component>
      <object_component id="oc-1cd">
         <name>.text:ADCSequenceDataGet</name>
         <load_address>0x24f8</load_address>
         <run_address>0x24f8</run_address>
         <size>0x1e</size>
         <input_file_ref idref="fl-e4"/>
      </object_component>
      <object_component id="oc-e3">
         <name>.text</name>
         <load_address>0x2516</load_address>
         <run_address>0x2516</run_address>
         <size>0x1e</size>
         <input_file_ref idref="fl-d3"/>
      </object_component>
      <object_component id="oc-1bb">
         <name>.text:ADCProcessorTrigger</name>
         <load_address>0x2534</load_address>
         <run_address>0x2534</run_address>
         <size>0x18</size>
         <input_file_ref idref="fl-e4"/>
      </object_component>
      <object_component id="oc-249">
         <name>.text:GPIOIntRegister</name>
         <load_address>0x254c</load_address>
         <run_address>0x254c</run_address>
         <size>0x18</size>
         <input_file_ref idref="fl-e6"/>
      </object_component>
      <object_component id="oc-17e">
         <name>.text:GPIOPinTypeGPIOOutput</name>
         <load_address>0x2564</load_address>
         <run_address>0x2564</run_address>
         <size>0x18</size>
         <input_file_ref idref="fl-e6"/>
      </object_component>
      <object_component id="oc-69">
         <name>.text</name>
         <load_address>0x257c</load_address>
         <run_address>0x257c</run_address>
         <size>0x18</size>
         <input_file_ref idref="fl-db"/>
      </object_component>
      <object_component id="oc-ef">
         <name>.text</name>
         <load_address>0x2594</load_address>
         <run_address>0x2594</run_address>
         <size>0x18</size>
         <input_file_ref idref="fl-d4"/>
      </object_component>
      <object_component id="oc-2ee">
         <name>.text:UARTEnable</name>
         <load_address>0x25ac</load_address>
         <run_address>0x25ac</run_address>
         <size>0x14</size>
         <input_file_ref idref="fl-e9"/>
      </object_component>
      <object_component id="oc-15c">
         <name>.text</name>
         <load_address>0x25c0</load_address>
         <run_address>0x25c0</run_address>
         <size>0x14</size>
         <input_file_ref idref="fl-da"/>
      </object_component>
      <object_component id="oc-11b">
         <name>.text</name>
         <load_address>0x25d4</load_address>
         <run_address>0x25d4</run_address>
         <size>0x14</size>
         <input_file_ref idref="fl-d5"/>
      </object_component>
      <object_component id="oc-e9">
         <name>.text</name>
         <load_address>0x25e8</load_address>
         <run_address>0x25e8</run_address>
         <size>0x14</size>
         <input_file_ref idref="fl-d6"/>
      </object_component>
      <object_component id="oc-1e5">
         <name>.text:GPIOPinTypeADC</name>
         <load_address>0x25fc</load_address>
         <run_address>0x25fc</run_address>
         <size>0x12</size>
         <input_file_ref idref="fl-e6"/>
      </object_component>
      <object_component id="oc-1d9">
         <name>.text:GPIOPinTypeGPIOInput</name>
         <load_address>0x260e</load_address>
         <run_address>0x260e</run_address>
         <size>0x12</size>
         <input_file_ref idref="fl-e6"/>
      </object_component>
      <object_component id="oc-271">
         <name>.text:GPIOPinTypeUART</name>
         <load_address>0x2620</load_address>
         <run_address>0x2620</run_address>
         <size>0x12</size>
         <input_file_ref idref="fl-e6"/>
      </object_component>
      <object_component id="oc-122">
         <name>.text:FPUEnable</name>
         <load_address>0x2634</load_address>
         <run_address>0x2634</run_address>
         <size>0x10</size>
         <input_file_ref idref="fl-e5"/>
      </object_component>
      <object_component id="oc-128">
         <name>.text:FPULazyStackingEnable</name>
         <load_address>0x2644</load_address>
         <run_address>0x2644</run_address>
         <size>0x10</size>
         <input_file_ref idref="fl-e5"/>
      </object_component>
      <object_component id="oc-14c">
         <name>.text:IntMasterEnable</name>
         <load_address>0x2654</load_address>
         <run_address>0x2654</run_address>
         <size>0x10</size>
         <input_file_ref idref="fl-e7"/>
      </object_component>
      <object_component id="oc-1f1">
         <name>.text:ADCSequenceDisable</name>
         <load_address>0x2664</load_address>
         <run_address>0x2664</run_address>
         <size>0xe</size>
         <input_file_ref idref="fl-e4"/>
      </object_component>
      <object_component id="oc-1fd">
         <name>.text:ADCSequenceEnable</name>
         <load_address>0x2672</load_address>
         <run_address>0x2672</run_address>
         <size>0xe</size>
         <input_file_ref idref="fl-e4"/>
      </object_component>
      <object_component id="oc-f5">
         <name>.text:GPIOIntDisable</name>
         <load_address>0x2680</load_address>
         <run_address>0x2680</run_address>
         <size>0xe</size>
         <input_file_ref idref="fl-e6"/>
      </object_component>
      <object_component id="oc-259">
         <name>.text:UARTCharPutNonBlocking</name>
         <load_address>0x268e</load_address>
         <run_address>0x268e</run_address>
         <size>0xe</size>
         <input_file_ref idref="fl-e9"/>
      </object_component>
      <object_component id="oc-25f">
         <name>.text:UARTCharsAvail</name>
         <load_address>0x269c</load_address>
         <run_address>0x269c</run_address>
         <size>0xe</size>
         <input_file_ref idref="fl-e9"/>
      </object_component>
      <object_component id="oc-18">
         <name>.text:decompress:none</name>
         <load_address>0x26aa</load_address>
         <run_address>0x26aa</run_address>
         <size>0xe</size>
         <input_file_ref idref="fl-c7"/>
      </object_component>
      <object_component id="oc-27f">
         <name>.text:CPUcpsie</name>
         <load_address>0x26b8</load_address>
         <run_address>0x26b8</run_address>
         <size>0xc</size>
         <input_file_ref idref="fl-ea"/>
      </object_component>
      <object_component id="oc-dd">
         <name>.text:GPIOIntEnable</name>
         <load_address>0x26c4</load_address>
         <run_address>0x26c4</run_address>
         <size>0xc</size>
         <input_file_ref idref="fl-e6"/>
      </object_component>
      <object_component id="oc-1e">
         <name>.text:decompress:ZI</name>
         <load_address>0x26d0</load_address>
         <run_address>0x26d0</run_address>
         <size>0xc</size>
         <input_file_ref idref="fl-c8"/>
      </object_component>
      <object_component id="oc-2b">
         <name>.text</name>
         <load_address>0x26dc</load_address>
         <run_address>0x26dc</run_address>
         <size>0xc</size>
         <input_file_ref idref="fl-8"/>
      </object_component>
      <object_component id="oc-1c7">
         <name>.text:ADCIntClear</name>
         <load_address>0x26e8</load_address>
         <run_address>0x26e8</run_address>
         <size>0xa</size>
         <input_file_ref idref="fl-e4"/>
      </object_component>
      <object_component id="oc-265">
         <name>.text:UARTCharGet</name>
         <load_address>0x26f2</load_address>
         <run_address>0x26f2</run_address>
         <size>0xa</size>
         <input_file_ref idref="fl-e9"/>
      </object_component>
      <object_component id="oc-23d">
         <name>.text:GPIOIntClear</name>
         <load_address>0x26fc</load_address>
         <run_address>0x26fc</run_address>
         <size>0x6</size>
         <input_file_ref idref="fl-e6"/>
      </object_component>
      <object_component id="oc-243">
         <name>.text:GPIOPinRead</name>
         <load_address>0x2702</load_address>
         <run_address>0x2702</run_address>
         <size>0x6</size>
         <input_file_ref idref="fl-e6"/>
      </object_component>
      <object_component id="oc-178">
         <name>.text:GPIOPinWrite</name>
         <load_address>0x2708</load_address>
         <run_address>0x2708</run_address>
         <size>0x6</size>
         <input_file_ref idref="fl-e6"/>
      </object_component>
      <object_component id="oc-d6">
         <name>.text:SysCtlDelay</name>
         <load_address>0x270e</load_address>
         <run_address>0x270e</run_address>
         <size>0x6</size>
         <input_file_ref idref="fl-e8"/>
      </object_component>
      <object_component id="oc-5d">
         <name>.text</name>
         <load_address>0x2714</load_address>
         <run_address>0x2714</run_address>
         <size>0x4</size>
         <input_file_ref idref="fl-d1"/>
      </object_component>
      <object_component id="oc-229">
         <name>.const:.string:_ctypes_</name>
         <load_address>0x2718</load_address>
         <run_address>0x2718</run_address>
         <size>0x101</size>
         <input_file_ref idref="fl-c9"/>
      </object_component>
      <object_component id="oc-302">
         <name>.const:g_ppui32GPIOIntMapSnowflake</name>
         <load_address>0x281c</load_address>
         <run_address>0x281c</run_address>
         <size>0xd8</size>
         <input_file_ref idref="fl-e6"/>
      </object_component>
      <object_component id="oc-2ff">
         <name>.const:g_ppui32GPIOIntMapBlizzard</name>
         <load_address>0x28f4</load_address>
         <run_address>0x28f4</run_address>
         <size>0xc0</size>
         <input_file_ref idref="fl-e6"/>
      </object_component>
      <object_component id="oc-22c">
         <name>.const:$O1$$</name>
         <load_address>0x29b8</load_address>
         <run_address>0x29b8</run_address>
         <size>0x98</size>
         <input_file_ref idref="fl-d7"/>
      </object_component>
      <object_component id="oc-2e3">
         <name>.const:g_pui32GPIOBaseAddrs</name>
         <load_address>0x2a50</load_address>
         <run_address>0x2a50</run_address>
         <size>0x90</size>
         <input_file_ref idref="fl-e6"/>
      </object_component>
      <object_component id="oc-30b">
         <name>.const</name>
         <load_address>0x2ae0</load_address>
         <run_address>0x2ae0</run_address>
         <size>0x70</size>
         <input_file_ref idref="fl-e7"/>
      </object_component>
      <object_component id="oc-174">
         <name>.const:g_pui32Xtals</name>
         <load_address>0x2b50</load_address>
         <run_address>0x2b50</run_address>
         <size>0x6c</size>
         <input_file_ref idref="fl-e8"/>
      </object_component>
      <object_component id="oc-184">
         <name>.const:.string:customChar</name>
         <load_address>0x2bbc</load_address>
         <run_address>0x2bbc</run_address>
         <size>0x40</size>
         <input_file_ref idref="fl-3"/>
      </object_component>
      <object_component id="oc-2dc">
         <name>.const:.string</name>
         <load_address>0x2bfc</load_address>
         <run_address>0x2bfc</run_address>
         <size>0x2e</size>
         <input_file_ref idref="fl-4"/>
      </object_component>
      <object_component id="oc-341">
         <name>.cinit..data.load</name>
         <load_address>0x2c30</load_address>
         <run_address>0x2c30</run_address>
         <size>0x39</size>
      </object_component>
      <object_component id="oc-33e">
         <name>__TI_handler_table</name>
         <load_address>0x2c6c</load_address>
         <run_address>0x2c6c</run_address>
         <size>0xc</size>
      </object_component>
      <object_component id="oc-342">
         <name>.cinit..bss.load</name>
         <load_address>0x2c78</load_address>
         <run_address>0x2c78</run_address>
         <size>0x8</size>
      </object_component>
      <object_component id="oc-340">
         <name>.cinit..vtable.load</name>
         <load_address>0x2c80</load_address>
         <run_address>0x2c80</run_address>
         <size>0x8</size>
      </object_component>
      <object_component id="oc-33f">
         <name>__TI_cinit_table</name>
         <load_address>0x2c88</load_address>
         <run_address>0x2c88</run_address>
         <size>0x18</size>
      </object_component>
      <object_component id="oc-306">
         <name>.vtable</name>
         <uninitialized>true</uninitialized>
         <run_address>0x20000000</run_address>
         <size>0x26c</size>
         <input_file_ref idref="fl-e7"/>
      </object_component>
      <object_component id="oc-255">
         <name>.data:keymap</name>
         <load_address>0x200004c0</load_address>
         <run_address>0x200004c0</run_address>
         <size>0x30</size>
         <input_file_ref idref="fl-4"/>
      </object_component>
      <object_component id="oc-af">
         <name>.data:$O1$$</name>
         <load_address>0x200004f0</load_address>
         <run_address>0x200004f0</run_address>
         <size>0xc</size>
         <input_file_ref idref="fl-ca"/>
      </object_component>
      <object_component id="oc-75">
         <name>.data</name>
         <load_address>0x20000508</load_address>
         <run_address>0x20000508</run_address>
         <size>0x4</size>
         <input_file_ref idref="fl-d2"/>
      </object_component>
      <object_component id="oc-b2">
         <name>.data:$O1$$</name>
         <load_address>0x200004fc</load_address>
         <run_address>0x200004fc</run_address>
         <size>0x8</size>
         <input_file_ref idref="fl-da"/>
      </object_component>
      <object_component id="oc-22f">
         <name>.data</name>
         <load_address>0x20000504</load_address>
         <run_address>0x20000504</run_address>
         <size>0x4</size>
         <input_file_ref idref="fl-de"/>
      </object_component>
      <object_component id="oc-fb">
         <name>.common:solar</name>
         <uninitialized>true</uninitialized>
         <run_address>0x200004b8</run_address>
         <size>0x6</size>
      </object_component>
      <object_component id="oc-27d">
         <name>.common:b</name>
         <uninitialized>true</uninitialized>
         <run_address>0x200004b0</run_address>
         <size>0x8</size>
      </object_component>
      <object_component id="oc-114">
         <name>.common:k</name>
         <uninitialized>true</uninitialized>
         <run_address>0x200004a0</run_address>
         <size>0x10</size>
      </object_component>
      <object_component id="oc-121">
         <name>.common:m</name>
         <uninitialized>true</uninitialized>
         <run_address>0x20000470</run_address>
         <size>0x30</size>
      </object_component>
      <object_component id="oc-2a">
         <name>.stack</name>
         <uninitialized>true</uninitialized>
         <run_address>0x2000026c</run_address>
         <size>0x0</size>
         <input_file_ref idref="fl-c5"/>
      </object_component>
      <object_component id="oc-343">
         <name>.stack</name>
         <uninitialized>true</uninitialized>
         <run_address>0x2000026c</run_address>
         <size>0x0</size>
      </object_component>
      <object_component id="oc-fc">
         <name>.debug_info</name>
         <load_address>0x0</load_address>
         <run_address>0x0</run_address>
         <size>0x462</size>
         <input_file_ref idref="fl-2"/>
      </object_component>
      <object_component id="oc-147">
         <name>.debug_info</name>
         <load_address>0x462</load_address>
         <run_address>0x462</run_address>
         <size>0x307</size>
         <input_file_ref idref="fl-2"/>
      </object_component>
      <object_component id="oc-198">
         <name>.debug_info</name>
         <load_address>0x769</load_address>
         <run_address>0x769</run_address>
         <size>0x4a</size>
         <input_file_ref idref="fl-2"/>
      </object_component>
      <object_component id="oc-193">
         <name>.debug_info</name>
         <load_address>0x7b3</load_address>
         <run_address>0x7b3</run_address>
         <size>0x5e</size>
         <input_file_ref idref="fl-2"/>
      </object_component>
      <object_component id="oc-1b2">
         <name>.debug_info</name>
         <load_address>0x811</load_address>
         <run_address>0x811</run_address>
         <size>0xc8</size>
         <input_file_ref idref="fl-2"/>
      </object_component>
      <object_component id="oc-ba">
         <name>.debug_info</name>
         <load_address>0x8d9</load_address>
         <run_address>0x8d9</run_address>
         <size>0x8b</size>
         <input_file_ref idref="fl-2"/>
      </object_component>
      <object_component id="oc-7c">
         <name>.debug_info</name>
         <load_address>0x964</load_address>
         <run_address>0x964</run_address>
         <size>0x18b</size>
         <input_file_ref idref="fl-2"/>
      </object_component>
      <object_component id="oc-fe">
         <name>.debug_info</name>
         <load_address>0xaef</load_address>
         <run_address>0xaef</run_address>
         <size>0x359</size>
         <input_file_ref idref="fl-3"/>
      </object_component>
      <object_component id="oc-185">
         <name>.debug_info</name>
         <load_address>0xe48</load_address>
         <run_address>0xe48</run_address>
         <size>0xcd</size>
         <input_file_ref idref="fl-3"/>
      </object_component>
      <object_component id="oc-da">
         <name>.debug_info</name>
         <load_address>0xf15</load_address>
         <run_address>0xf15</run_address>
         <size>0x9be</size>
         <input_file_ref idref="fl-3"/>
      </object_component>
      <object_component id="oc-100">
         <name>.debug_info</name>
         <load_address>0x18d3</load_address>
         <run_address>0x18d3</run_address>
         <size>0x537</size>
         <input_file_ref idref="fl-4"/>
      </object_component>
      <object_component id="oc-256">
         <name>.debug_info</name>
         <load_address>0x1e0a</load_address>
         <run_address>0x1e0a</run_address>
         <size>0xc4</size>
         <input_file_ref idref="fl-4"/>
      </object_component>
      <object_component id="oc-141">
         <name>.debug_info</name>
         <load_address>0x1ece</load_address>
         <run_address>0x1ece</run_address>
         <size>0x632</size>
         <input_file_ref idref="fl-4"/>
      </object_component>
      <object_component id="oc-1a1">
         <name>.debug_info</name>
         <load_address>0x2500</load_address>
         <run_address>0x2500</run_address>
         <size>0x86</size>
         <input_file_ref idref="fl-4"/>
      </object_component>
      <object_component id="oc-102">
         <name>.debug_info</name>
         <load_address>0x2586</load_address>
         <run_address>0x2586</run_address>
         <size>0x89d</size>
         <input_file_ref idref="fl-5"/>
      </object_component>
      <object_component id="oc-a8">
         <name>.debug_info</name>
         <load_address>0x2e23</load_address>
         <run_address>0x2e23</run_address>
         <size>0x14e3</size>
         <input_file_ref idref="fl-5"/>
      </object_component>
      <object_component id="oc-1a8">
         <name>.debug_info</name>
         <load_address>0x4306</load_address>
         <run_address>0x4306</run_address>
         <size>0xc2</size>
         <input_file_ref idref="fl-5"/>
      </object_component>
      <object_component id="oc-1ad">
         <name>.debug_info</name>
         <load_address>0x43c8</load_address>
         <run_address>0x43c8</run_address>
         <size>0x4a</size>
         <input_file_ref idref="fl-5"/>
      </object_component>
      <object_component id="oc-104">
         <name>.debug_info</name>
         <load_address>0x4412</load_address>
         <run_address>0x4412</run_address>
         <size>0x3b6</size>
         <input_file_ref idref="fl-6"/>
      </object_component>
      <object_component id="oc-110">
         <name>.debug_info</name>
         <load_address>0x47c8</load_address>
         <run_address>0x47c8</run_address>
         <size>0x336</size>
         <input_file_ref idref="fl-6"/>
      </object_component>
      <object_component id="oc-3a">
         <name>.debug_info</name>
         <load_address>0x4afe</load_address>
         <run_address>0x4afe</run_address>
         <size>0x84</size>
         <input_file_ref idref="fl-6"/>
      </object_component>
      <object_component id="oc-106">
         <name>.debug_info</name>
         <load_address>0x4b82</load_address>
         <run_address>0x4b82</run_address>
         <size>0x5db</size>
         <input_file_ref idref="fl-7"/>
      </object_component>
      <object_component id="oc-10a">
         <name>.debug_info</name>
         <load_address>0x515d</load_address>
         <run_address>0x515d</run_address>
         <size>0x2a9</size>
         <input_file_ref idref="fl-7"/>
      </object_component>
      <object_component id="oc-33">
         <name>.debug_info</name>
         <load_address>0x5406</load_address>
         <run_address>0x5406</run_address>
         <size>0x291</size>
         <input_file_ref idref="fl-8"/>
      </object_component>
      <object_component id="oc-10">
         <name>.debug_info</name>
         <load_address>0x5697</load_address>
         <run_address>0x5697</run_address>
         <size>0xe2</size>
         <input_file_ref idref="fl-8"/>
      </object_component>
      <object_component id="oc-2f">
         <name>.debug_info</name>
         <load_address>0x5779</load_address>
         <run_address>0x5779</run_address>
         <size>0x25e</size>
         <input_file_ref idref="fl-8"/>
      </object_component>
      <object_component id="oc-2af">
         <name>.debug_info</name>
         <load_address>0x59d7</load_address>
         <run_address>0x59d7</run_address>
         <size>0x2ae</size>
         <input_file_ref idref="fl-c4"/>
      </object_component>
      <object_component id="oc-210">
         <name>.debug_info</name>
         <load_address>0x5c85</load_address>
         <run_address>0x5c85</run_address>
         <size>0x171</size>
         <input_file_ref idref="fl-c4"/>
      </object_component>
      <object_component id="oc-25">
         <name>.debug_info</name>
         <load_address>0x5df6</load_address>
         <run_address>0x5df6</run_address>
         <size>0x160</size>
         <input_file_ref idref="fl-c5"/>
      </object_component>
      <object_component id="oc-86">
         <name>.debug_info</name>
         <load_address>0x5f56</load_address>
         <run_address>0x5f56</run_address>
         <size>0x293</size>
         <input_file_ref idref="fl-c6"/>
      </object_component>
      <object_component id="oc-16">
         <name>.debug_info</name>
         <load_address>0x61e9</load_address>
         <run_address>0x61e9</run_address>
         <size>0x245</size>
         <input_file_ref idref="fl-c6"/>
      </object_component>
      <object_component id="oc-35">
         <name>.debug_info</name>
         <load_address>0x642e</load_address>
         <run_address>0x642e</run_address>
         <size>0x60</size>
         <input_file_ref idref="fl-c6"/>
      </object_component>
      <object_component id="oc-81">
         <name>.debug_info</name>
         <load_address>0x648e</load_address>
         <run_address>0x648e</run_address>
         <size>0x46</size>
         <input_file_ref idref="fl-c6"/>
      </object_component>
      <object_component id="oc-4a">
         <name>.debug_info</name>
         <load_address>0x64d4</load_address>
         <run_address>0x64d4</run_address>
         <size>0x2da</size>
         <input_file_ref idref="fl-c7"/>
      </object_component>
      <object_component id="oc-19">
         <name>.debug_info</name>
         <load_address>0x67ae</load_address>
         <run_address>0x67ae</run_address>
         <size>0x1df</size>
         <input_file_ref idref="fl-c7"/>
      </object_component>
      <object_component id="oc-45">
         <name>.debug_info</name>
         <load_address>0x698d</load_address>
         <run_address>0x698d</run_address>
         <size>0x46</size>
         <input_file_ref idref="fl-c7"/>
      </object_component>
      <object_component id="oc-88">
         <name>.debug_info</name>
         <load_address>0x69d3</load_address>
         <run_address>0x69d3</run_address>
         <size>0x2c</size>
         <input_file_ref idref="fl-c7"/>
      </object_component>
      <object_component id="oc-56">
         <name>.debug_info</name>
         <load_address>0x69ff</load_address>
         <run_address>0x69ff</run_address>
         <size>0x2c9</size>
         <input_file_ref idref="fl-c8"/>
      </object_component>
      <object_component id="oc-20">
         <name>.debug_info</name>
         <load_address>0x6cc8</load_address>
         <run_address>0x6cc8</run_address>
         <size>0x1aa</size>
         <input_file_ref idref="fl-c8"/>
      </object_component>
      <object_component id="oc-51">
         <name>.debug_info</name>
         <load_address>0x6e72</load_address>
         <run_address>0x6e72</run_address>
         <size>0x46</size>
         <input_file_ref idref="fl-c8"/>
      </object_component>
      <object_component id="oc-90">
         <name>.debug_info</name>
         <load_address>0x6eb8</load_address>
         <run_address>0x6eb8</run_address>
         <size>0x2c</size>
         <input_file_ref idref="fl-c8"/>
      </object_component>
      <object_component id="oc-2b6">
         <name>.debug_info</name>
         <load_address>0x6ee4</load_address>
         <run_address>0x6ee4</run_address>
         <size>0xee</size>
         <input_file_ref idref="fl-c9"/>
      </object_component>
      <object_component id="oc-22a">
         <name>.debug_info</name>
         <load_address>0x6fd2</load_address>
         <run_address>0x6fd2</run_address>
         <size>0xfa</size>
         <input_file_ref idref="fl-c9"/>
      </object_component>
      <object_component id="oc-b6">
         <name>.debug_info</name>
         <load_address>0x70cc</load_address>
         <run_address>0x70cc</run_address>
         <size>0x3ce</size>
         <input_file_ref idref="fl-ca"/>
      </object_component>
      <object_component id="oc-b0">
         <name>.debug_info</name>
         <load_address>0x749a</load_address>
         <run_address>0x749a</run_address>
         <size>0x185</size>
         <input_file_ref idref="fl-ca"/>
      </object_component>
      <object_component id="oc-70">
         <name>.debug_info</name>
         <load_address>0x761f</load_address>
         <run_address>0x761f</run_address>
         <size>0x214</size>
         <input_file_ref idref="fl-ca"/>
      </object_component>
      <object_component id="oc-20b">
         <name>.debug_info</name>
         <load_address>0x7833</load_address>
         <run_address>0x7833</run_address>
         <size>0x132</size>
         <input_file_ref idref="fl-cb"/>
      </object_component>
      <object_component id="oc-215">
         <name>.debug_info</name>
         <load_address>0x7965</load_address>
         <run_address>0x7965</run_address>
         <size>0x131</size>
         <input_file_ref idref="fl-cc"/>
      </object_component>
      <object_component id="oc-2a4">
         <name>.debug_info</name>
         <load_address>0x7a96</load_address>
         <run_address>0x7a96</run_address>
         <size>0x2e6</size>
         <input_file_ref idref="fl-cd"/>
      </object_component>
      <object_component id="oc-1d4">
         <name>.debug_info</name>
         <load_address>0x7d7c</load_address>
         <run_address>0x7d7c</run_address>
         <size>0x1c2</size>
         <input_file_ref idref="fl-cd"/>
      </object_component>
      <object_component id="oc-40">
         <name>.debug_info</name>
         <load_address>0x7f3e</load_address>
         <run_address>0x7f3e</run_address>
         <size>0x111</size>
         <input_file_ref idref="fl-ce"/>
      </object_component>
      <object_component id="oc-4e">
         <name>.debug_info</name>
         <load_address>0x804f</load_address>
         <run_address>0x804f</run_address>
         <size>0x13f</size>
         <input_file_ref idref="fl-cf"/>
      </object_component>
      <object_component id="oc-5a">
         <name>.debug_info</name>
         <load_address>0x818e</load_address>
         <run_address>0x818e</run_address>
         <size>0x138</size>
         <input_file_ref idref="fl-d0"/>
      </object_component>
      <object_component id="oc-61">
         <name>.debug_info</name>
         <load_address>0x82c6</load_address>
         <run_address>0x82c6</run_address>
         <size>0x148</size>
         <input_file_ref idref="fl-d1"/>
      </object_component>
      <object_component id="oc-76">
         <name>.debug_info</name>
         <load_address>0x840e</load_address>
         <run_address>0x840e</run_address>
         <size>0x109</size>
         <input_file_ref idref="fl-d2"/>
      </object_component>
      <object_component id="oc-18b">
         <name>.debug_info</name>
         <load_address>0x8517</load_address>
         <run_address>0x8517</run_address>
         <size>0x28a</size>
         <input_file_ref idref="fl-d3"/>
      </object_component>
      <object_component id="oc-e5">
         <name>.debug_info</name>
         <load_address>0x87a1</load_address>
         <run_address>0x87a1</run_address>
         <size>0x249</size>
         <input_file_ref idref="fl-d3"/>
      </object_component>
      <object_component id="oc-18f">
         <name>.debug_info</name>
         <load_address>0x89ea</load_address>
         <run_address>0x89ea</run_address>
         <size>0x27f</size>
         <input_file_ref idref="fl-d4"/>
      </object_component>
      <object_component id="oc-f0">
         <name>.debug_info</name>
         <load_address>0x8c69</load_address>
         <run_address>0x8c69</run_address>
         <size>0x258</size>
         <input_file_ref idref="fl-d4"/>
      </object_component>
      <object_component id="oc-236">
         <name>.debug_info</name>
         <load_address>0x8ec1</load_address>
         <run_address>0x8ec1</run_address>
         <size>0x28a</size>
         <input_file_ref idref="fl-d5"/>
      </object_component>
      <object_component id="oc-11f">
         <name>.debug_info</name>
         <load_address>0x914b</load_address>
         <run_address>0x914b</run_address>
         <size>0x231</size>
         <input_file_ref idref="fl-d5"/>
      </object_component>
      <object_component id="oc-18d">
         <name>.debug_info</name>
         <load_address>0x937c</load_address>
         <run_address>0x937c</run_address>
         <size>0x284</size>
         <input_file_ref idref="fl-d6"/>
      </object_component>
      <object_component id="oc-ec">
         <name>.debug_info</name>
         <load_address>0x9600</load_address>
         <run_address>0x9600</run_address>
         <size>0x22a</size>
         <input_file_ref idref="fl-d6"/>
      </object_component>
      <object_component id="oc-233">
         <name>.debug_info</name>
         <load_address>0x982a</load_address>
         <run_address>0x982a</run_address>
         <size>0x3f7</size>
         <input_file_ref idref="fl-d7"/>
      </object_component>
      <object_component id="oc-22d">
         <name>.debug_info</name>
         <load_address>0x9c21</load_address>
         <run_address>0x9c21</run_address>
         <size>0x118</size>
         <input_file_ref idref="fl-d7"/>
      </object_component>
      <object_component id="oc-116">
         <name>.debug_info</name>
         <load_address>0x9d39</load_address>
         <run_address>0x9d39</run_address>
         <size>0x300</size>
         <input_file_ref idref="fl-d7"/>
      </object_component>
      <object_component id="oc-206">
         <name>.debug_info</name>
         <load_address>0xa039</load_address>
         <run_address>0xa039</run_address>
         <size>0x126</size>
         <input_file_ref idref="fl-d9"/>
      </object_component>
      <object_component id="oc-164">
         <name>.debug_info</name>
         <load_address>0xa15f</load_address>
         <run_address>0xa15f</run_address>
         <size>0x2be</size>
         <input_file_ref idref="fl-da"/>
      </object_component>
      <object_component id="oc-b3">
         <name>.debug_info</name>
         <load_address>0xa41d</load_address>
         <run_address>0xa41d</run_address>
         <size>0x113</size>
         <input_file_ref idref="fl-da"/>
      </object_component>
      <object_component id="oc-15d">
         <name>.debug_info</name>
         <load_address>0xa530</load_address>
         <run_address>0xa530</run_address>
         <size>0x21f</size>
         <input_file_ref idref="fl-da"/>
      </object_component>
      <object_component id="oc-ae">
         <name>.debug_info</name>
         <load_address>0xa74f</load_address>
         <run_address>0xa74f</run_address>
         <size>0x300</size>
         <input_file_ref idref="fl-db"/>
      </object_component>
      <object_component id="oc-6c">
         <name>.debug_info</name>
         <load_address>0xaa4f</load_address>
         <run_address>0xaa4f</run_address>
         <size>0x167</size>
         <input_file_ref idref="fl-db"/>
      </object_component>
      <object_component id="oc-155">
         <name>.debug_info</name>
         <load_address>0xabb6</load_address>
         <run_address>0xabb6</run_address>
         <size>0x5e</size>
         <input_file_ref idref="fl-db"/>
      </object_component>
      <object_component id="oc-a6">
         <name>.debug_info</name>
         <load_address>0xac14</load_address>
         <run_address>0xac14</run_address>
         <size>0x483</size>
         <input_file_ref idref="fl-dc"/>
      </object_component>
      <object_component id="oc-64">
         <name>.debug_info</name>
         <load_address>0xb097</load_address>
         <run_address>0xb097</run_address>
         <size>0x190</size>
         <input_file_ref idref="fl-dc"/>
      </object_component>
      <object_component id="oc-c6">
         <name>.debug_info</name>
         <load_address>0xb227</load_address>
         <run_address>0xb227</run_address>
         <size>0x39</size>
         <input_file_ref idref="fl-dc"/>
      </object_component>
      <object_component id="oc-16f">
         <name>.debug_info</name>
         <load_address>0xb260</load_address>
         <run_address>0xb260</run_address>
         <size>0x39</size>
         <input_file_ref idref="fl-dc"/>
      </object_component>
      <object_component id="oc-cb">
         <name>.debug_info</name>
         <load_address>0xb299</load_address>
         <run_address>0xb299</run_address>
         <size>0xcd</size>
         <input_file_ref idref="fl-dc"/>
      </object_component>
      <object_component id="oc-c2">
         <name>.debug_info</name>
         <load_address>0xb366</load_address>
         <run_address>0xb366</run_address>
         <size>0x37a</size>
         <input_file_ref idref="fl-dd"/>
      </object_component>
      <object_component id="oc-9a">
         <name>.debug_info</name>
         <load_address>0xb6e0</load_address>
         <run_address>0xb6e0</run_address>
         <size>0x183</size>
         <input_file_ref idref="fl-dd"/>
      </object_component>
      <object_component id="oc-16a">
         <name>.debug_info</name>
         <load_address>0xb863</load_address>
         <run_address>0xb863</run_address>
         <size>0x2c</size>
         <input_file_ref idref="fl-dd"/>
      </object_component>
      <object_component id="oc-230">
         <name>.debug_info</name>
         <load_address>0xb88f</load_address>
         <run_address>0xb88f</run_address>
         <size>0xf3</size>
         <input_file_ref idref="fl-de"/>
      </object_component>
      <object_component id="oc-220">
         <name>.debug_info</name>
         <load_address>0xb982</load_address>
         <run_address>0xb982</run_address>
         <size>0x144</size>
         <input_file_ref idref="fl-df"/>
      </object_component>
      <object_component id="oc-225">
         <name>.debug_info</name>
         <load_address>0xbac6</load_address>
         <run_address>0xbac6</run_address>
         <size>0x120</size>
         <input_file_ref idref="fl-e0"/>
      </object_component>
      <object_component id="oc-21b">
         <name>.debug_info</name>
         <load_address>0xbbe6</load_address>
         <run_address>0xbbe6</run_address>
         <size>0x132</size>
         <input_file_ref idref="fl-e1"/>
      </object_component>
      <object_component id="oc-a0">
         <name>.debug_info</name>
         <load_address>0xbd18</load_address>
         <run_address>0xbd18</run_address>
         <size>0x145</size>
         <input_file_ref idref="fl-e3"/>
      </object_component>
      <object_component id="oc-29e">
         <name>.debug_info</name>
         <load_address>0xbe5d</load_address>
         <run_address>0xbe5d</run_address>
         <size>0x24d</size>
         <input_file_ref idref="fl-e4"/>
      </object_component>
      <object_component id="oc-1f8">
         <name>.debug_info</name>
         <load_address>0xc0aa</load_address>
         <run_address>0xc0aa</run_address>
         <size>0x333</size>
         <input_file_ref idref="fl-e4"/>
      </object_component>
      <object_component id="oc-1fe">
         <name>.debug_info</name>
         <load_address>0xc3dd</load_address>
         <run_address>0xc3dd</run_address>
         <size>0x2a0</size>
         <input_file_ref idref="fl-e4"/>
      </object_component>
      <object_component id="oc-1f2">
         <name>.debug_info</name>
         <load_address>0xc67d</load_address>
         <run_address>0xc67d</run_address>
         <size>0x2a2</size>
         <input_file_ref idref="fl-e4"/>
      </object_component>
      <object_component id="oc-1ce">
         <name>.debug_info</name>
         <load_address>0xc91f</load_address>
         <run_address>0xc91f</run_address>
         <size>0x2ff</size>
         <input_file_ref idref="fl-e4"/>
      </object_component>
      <object_component id="oc-1ec">
         <name>.debug_info</name>
         <load_address>0xcc1e</load_address>
         <run_address>0xcc1e</run_address>
         <size>0x326</size>
         <input_file_ref idref="fl-e4"/>
      </object_component>
      <object_component id="oc-1bc">
         <name>.debug_info</name>
         <load_address>0xcf44</load_address>
         <run_address>0xcf44</run_address>
         <size>0x2a4</size>
         <input_file_ref idref="fl-e4"/>
      </object_component>
      <object_component id="oc-1c2">
         <name>.debug_info</name>
         <load_address>0xd1e8</load_address>
         <run_address>0xd1e8</run_address>
         <size>0x2e7</size>
         <input_file_ref idref="fl-e4"/>
      </object_component>
      <object_component id="oc-1c9">
         <name>.debug_info</name>
         <load_address>0xd4cf</load_address>
         <run_address>0xd4cf</run_address>
         <size>0x294</size>
         <input_file_ref idref="fl-e4"/>
      </object_component>
      <object_component id="oc-129">
         <name>.debug_info</name>
         <load_address>0xd763</load_address>
         <run_address>0xd763</run_address>
         <size>0x225</size>
         <input_file_ref idref="fl-e5"/>
      </object_component>
      <object_component id="oc-123">
         <name>.debug_info</name>
         <load_address>0xd988</load_address>
         <run_address>0xd988</run_address>
         <size>0x20d</size>
         <input_file_ref idref="fl-e5"/>
      </object_component>
      <object_component id="oc-189">
         <name>.debug_info</name>
         <load_address>0xdb95</load_address>
         <run_address>0xdb95</run_address>
         <size>0x240</size>
         <input_file_ref idref="fl-e6"/>
      </object_component>
      <object_component id="oc-300">
         <name>.debug_info</name>
         <load_address>0xddd5</load_address>
         <run_address>0xddd5</run_address>
         <size>0x167</size>
         <input_file_ref idref="fl-e6"/>
      </object_component>
      <object_component id="oc-303">
         <name>.debug_info</name>
         <load_address>0xdf3c</load_address>
         <run_address>0xdf3c</run_address>
         <size>0x169</size>
         <input_file_ref idref="fl-e6"/>
      </object_component>
      <object_component id="oc-2e4">
         <name>.debug_info</name>
         <load_address>0xe0a5</load_address>
         <run_address>0xe0a5</run_address>
         <size>0x15b</size>
         <input_file_ref idref="fl-e6"/>
      </object_component>
      <object_component id="oc-179">
         <name>.debug_info</name>
         <load_address>0xe200</load_address>
         <run_address>0xe200</run_address>
         <size>0x2a3</size>
         <input_file_ref idref="fl-e6"/>
      </object_component>
      <object_component id="oc-28d">
         <name>.debug_info</name>
         <load_address>0xe4a3</load_address>
         <run_address>0xe4a3</run_address>
         <size>0x2b3</size>
         <input_file_ref idref="fl-e6"/>
      </object_component>
      <object_component id="oc-1e0">
         <name>.debug_info</name>
         <load_address>0xe756</load_address>
         <run_address>0xe756</run_address>
         <size>0x316</size>
         <input_file_ref idref="fl-e6"/>
      </object_component>
      <object_component id="oc-272">
         <name>.debug_info</name>
         <load_address>0xea6c</load_address>
         <run_address>0xea6c</run_address>
         <size>0x27b</size>
         <input_file_ref idref="fl-e6"/>
      </object_component>
      <object_component id="oc-17f">
         <name>.debug_info</name>
         <load_address>0xece7</load_address>
         <run_address>0xece7</run_address>
         <size>0x2b7</size>
         <input_file_ref idref="fl-e6"/>
      </object_component>
      <object_component id="oc-1da">
         <name>.debug_info</name>
         <load_address>0xef9e</load_address>
         <run_address>0xef9e</run_address>
         <size>0x285</size>
         <input_file_ref idref="fl-e6"/>
      </object_component>
      <object_component id="oc-1e6">
         <name>.debug_info</name>
         <load_address>0xf223</load_address>
         <run_address>0xf223</run_address>
         <size>0x279</size>
         <input_file_ref idref="fl-e6"/>
      </object_component>
      <object_component id="oc-244">
         <name>.debug_info</name>
         <load_address>0xf49c</load_address>
         <run_address>0xf49c</run_address>
         <size>0x27b</size>
         <input_file_ref idref="fl-e6"/>
      </object_component>
      <object_component id="oc-26c">
         <name>.debug_info</name>
         <load_address>0xf717</load_address>
         <run_address>0xf717</run_address>
         <size>0x280</size>
         <input_file_ref idref="fl-e6"/>
      </object_component>
      <object_component id="oc-2c9">
         <name>.debug_info</name>
         <load_address>0xf997</load_address>
         <run_address>0xf997</run_address>
         <size>0x298</size>
         <input_file_ref idref="fl-e6"/>
      </object_component>
      <object_component id="oc-250">
         <name>.debug_info</name>
         <load_address>0xfc2f</load_address>
         <run_address>0xfc2f</run_address>
         <size>0x2bb</size>
         <input_file_ref idref="fl-e6"/>
      </object_component>
      <object_component id="oc-24b">
         <name>.debug_info</name>
         <load_address>0xfeea</load_address>
         <run_address>0xfeea</run_address>
         <size>0x2cf</size>
         <input_file_ref idref="fl-e6"/>
      </object_component>
      <object_component id="oc-df">
         <name>.debug_info</name>
         <load_address>0x101b9</load_address>
         <run_address>0x101b9</run_address>
         <size>0x28f</size>
         <input_file_ref idref="fl-e6"/>
      </object_component>
      <object_component id="oc-f7">
         <name>.debug_info</name>
         <load_address>0x10448</load_address>
         <run_address>0x10448</run_address>
         <size>0x291</size>
         <input_file_ref idref="fl-e6"/>
      </object_component>
      <object_component id="oc-23f">
         <name>.debug_info</name>
         <load_address>0x106d9</load_address>
         <run_address>0x106d9</run_address>
         <size>0x28d</size>
         <input_file_ref idref="fl-e6"/>
      </object_component>
      <object_component id="oc-30a">
         <name>.debug_info</name>
         <load_address>0x10966</load_address>
         <run_address>0x10966</run_address>
         <size>0x20e</size>
         <input_file_ref idref="fl-e7"/>
      </object_component>
      <object_component id="oc-30c">
         <name>.debug_info</name>
         <load_address>0x10b74</load_address>
         <run_address>0x10b74</run_address>
         <size>0x210</size>
         <input_file_ref idref="fl-e7"/>
      </object_component>
      <object_component id="oc-307">
         <name>.debug_info</name>
         <load_address>0x10d84</load_address>
         <run_address>0x10d84</run_address>
         <size>0x157</size>
         <input_file_ref idref="fl-e7"/>
      </object_component>
      <object_component id="oc-2d1">
         <name>.debug_info</name>
         <load_address>0x10edb</load_address>
         <run_address>0x10edb</run_address>
         <size>0x2c1</size>
         <input_file_ref idref="fl-e7"/>
      </object_component>
      <object_component id="oc-14e">
         <name>.debug_info</name>
         <load_address>0x1119c</load_address>
         <run_address>0x1119c</run_address>
         <size>0x23e</size>
         <input_file_ref idref="fl-e7"/>
      </object_component>
      <object_component id="oc-2d6">
         <name>.debug_info</name>
         <load_address>0x113da</load_address>
         <run_address>0x113da</run_address>
         <size>0x268</size>
         <input_file_ref idref="fl-e7"/>
      </object_component>
      <object_component id="oc-23a">
         <name>.debug_info</name>
         <load_address>0x11642</load_address>
         <run_address>0x11642</run_address>
         <size>0x298</size>
         <input_file_ref idref="fl-e8"/>
      </object_component>
      <object_component id="oc-175">
         <name>.debug_info</name>
         <load_address>0x118da</load_address>
         <run_address>0x118da</run_address>
         <size>0x14d</size>
         <input_file_ref idref="fl-e8"/>
      </object_component>
      <object_component id="oc-13b">
         <name>.debug_info</name>
         <load_address>0x11a27</load_address>
         <run_address>0x11a27</run_address>
         <size>0x27f</size>
         <input_file_ref idref="fl-e8"/>
      </object_component>
      <object_component id="oc-135">
         <name>.debug_info</name>
         <load_address>0x11ca6</load_address>
         <run_address>0x11ca6</run_address>
         <size>0x27d</size>
         <input_file_ref idref="fl-e8"/>
      </object_component>
      <object_component id="oc-12f">
         <name>.debug_info</name>
         <load_address>0x11f23</load_address>
         <run_address>0x11f23</run_address>
         <size>0x2db</size>
         <input_file_ref idref="fl-e8"/>
      </object_component>
      <object_component id="oc-d1">
         <name>.debug_info</name>
         <load_address>0x121fe</load_address>
         <run_address>0x121fe</run_address>
         <size>0x2b5</size>
         <input_file_ref idref="fl-e8"/>
      </object_component>
      <object_component id="oc-2c1">
         <name>.debug_info</name>
         <load_address>0x124b3</load_address>
         <run_address>0x124b3</run_address>
         <size>0x5f</size>
         <input_file_ref idref="fl-e8"/>
      </object_component>
      <object_component id="oc-2e0">
         <name>.debug_info</name>
         <load_address>0x12512</load_address>
         <run_address>0x12512</run_address>
         <size>0x227</size>
         <input_file_ref idref="fl-e9"/>
      </object_component>
      <object_component id="oc-2ef">
         <name>.debug_info</name>
         <load_address>0x12739</load_address>
         <run_address>0x12739</run_address>
         <size>0x247</size>
         <input_file_ref idref="fl-e9"/>
      </object_component>
      <object_component id="oc-2e9">
         <name>.debug_info</name>
         <load_address>0x12980</load_address>
         <run_address>0x12980</run_address>
         <size>0x249</size>
         <input_file_ref idref="fl-e9"/>
      </object_component>
      <object_component id="oc-278">
         <name>.debug_info</name>
         <load_address>0x12bc9</load_address>
         <run_address>0x12bc9</run_address>
         <size>0x326</size>
         <input_file_ref idref="fl-e9"/>
      </object_component>
      <object_component id="oc-260">
         <name>.debug_info</name>
         <load_address>0x12eef</load_address>
         <run_address>0x12eef</run_address>
         <size>0x253</size>
         <input_file_ref idref="fl-e9"/>
      </object_component>
      <object_component id="oc-25a">
         <name>.debug_info</name>
         <load_address>0x13142</load_address>
         <run_address>0x13142</run_address>
         <size>0x28d</size>
         <input_file_ref idref="fl-e9"/>
      </object_component>
      <object_component id="oc-266">
         <name>.debug_info</name>
         <load_address>0x133cf</load_address>
         <run_address>0x133cf</run_address>
         <size>0x24d</size>
         <input_file_ref idref="fl-e9"/>
      </object_component>
      <object_component id="oc-282">
         <name>.debug_info</name>
         <load_address>0x1361c</load_address>
         <run_address>0x1361c</run_address>
         <size>0x212</size>
         <input_file_ref idref="fl-ea"/>
      </object_component>
      <object_component id="oc-344">
         <name>.debug_info</name>
         <load_address>0x1382e</load_address>
         <run_address>0x1382e</run_address>
         <size>0x98</size>
      </object_component>
      <object_component id="oc-192">
         <name>.debug_line</name>
         <load_address>0x0</load_address>
         <run_address>0x0</run_address>
         <size>0xfd</size>
         <input_file_ref idref="fl-2"/>
      </object_component>
      <object_component id="oc-14a">
         <name>.debug_line</name>
         <load_address>0xfd</load_address>
         <run_address>0xfd</run_address>
         <size>0x9a</size>
         <input_file_ref idref="fl-2"/>
      </object_component>
      <object_component id="oc-19b">
         <name>.debug_line</name>
         <load_address>0x197</load_address>
         <run_address>0x197</run_address>
         <size>0x32</size>
         <input_file_ref idref="fl-2"/>
      </object_component>
      <object_component id="oc-196">
         <name>.debug_line</name>
         <load_address>0x1c9</load_address>
         <run_address>0x1c9</run_address>
         <size>0x32</size>
         <input_file_ref idref="fl-2"/>
      </object_component>
      <object_component id="oc-1b5">
         <name>.debug_line</name>
         <load_address>0x1fb</load_address>
         <run_address>0x1fb</run_address>
         <size>0x78</size>
         <input_file_ref idref="fl-2"/>
      </object_component>
      <object_component id="oc-bd">
         <name>.debug_line</name>
         <load_address>0x273</load_address>
         <run_address>0x273</run_address>
         <size>0x20</size>
         <input_file_ref idref="fl-2"/>
      </object_component>
      <object_component id="oc-7f">
         <name>.debug_line</name>
         <load_address>0x293</load_address>
         <run_address>0x293</run_address>
         <size>0x79</size>
         <input_file_ref idref="fl-2"/>
      </object_component>
      <object_component id="oc-19e">
         <name>.debug_line</name>
         <load_address>0x30c</load_address>
         <run_address>0x30c</run_address>
         <size>0x79</size>
         <input_file_ref idref="fl-3"/>
      </object_component>
      <object_component id="oc-294">
         <name>.debug_line</name>
         <load_address>0x385</load_address>
         <run_address>0x385</run_address>
         <size>0x30</size>
         <input_file_ref idref="fl-3"/>
      </object_component>
      <object_component id="oc-d8">
         <name>.debug_line</name>
         <load_address>0x3b5</load_address>
         <run_address>0x3b5</run_address>
         <size>0x240</size>
         <input_file_ref idref="fl-3"/>
      </object_component>
      <object_component id="oc-1a0">
         <name>.debug_line</name>
         <load_address>0x5f5</load_address>
         <run_address>0x5f5</run_address>
         <size>0x87</size>
         <input_file_ref idref="fl-4"/>
      </object_component>
      <object_component id="oc-2de">
         <name>.debug_line</name>
         <load_address>0x67c</load_address>
         <run_address>0x67c</run_address>
         <size>0x2f</size>
         <input_file_ref idref="fl-4"/>
      </object_component>
      <object_component id="oc-144">
         <name>.debug_line</name>
         <load_address>0x6ab</load_address>
         <run_address>0x6ab</run_address>
         <size>0x11f</size>
         <input_file_ref idref="fl-4"/>
      </object_component>
      <object_component id="oc-1a4">
         <name>.debug_line</name>
         <load_address>0x7ca</load_address>
         <run_address>0x7ca</run_address>
         <size>0x2f</size>
         <input_file_ref idref="fl-4"/>
      </object_component>
      <object_component id="oc-1a7">
         <name>.debug_line</name>
         <load_address>0x7f9</load_address>
         <run_address>0x7f9</run_address>
         <size>0x221</size>
         <input_file_ref idref="fl-5"/>
      </object_component>
      <object_component id="oc-ab">
         <name>.debug_line</name>
         <load_address>0xa1a</load_address>
         <run_address>0xa1a</run_address>
         <size>0x37c</size>
         <input_file_ref idref="fl-5"/>
      </object_component>
      <object_component id="oc-1ab">
         <name>.debug_line</name>
         <load_address>0xd96</load_address>
         <run_address>0xd96</run_address>
         <size>0x2e</size>
         <input_file_ref idref="fl-5"/>
      </object_component>
      <object_component id="oc-1b0">
         <name>.debug_line</name>
         <load_address>0xdc4</load_address>
         <run_address>0xdc4</run_address>
         <size>0x2f</size>
         <input_file_ref idref="fl-5"/>
      </object_component>
      <object_component id="oc-1b8">
         <name>.debug_line</name>
         <load_address>0xdf3</load_address>
         <run_address>0xdf3</run_address>
         <size>0x109</size>
         <input_file_ref idref="fl-6"/>
      </object_component>
      <object_component id="oc-113">
         <name>.debug_line</name>
         <load_address>0xefc</load_address>
         <run_address>0xefc</run_address>
         <size>0xc7</size>
         <input_file_ref idref="fl-6"/>
      </object_component>
      <object_component id="oc-3d">
         <name>.debug_line</name>
         <load_address>0xfc3</load_address>
         <run_address>0xfc3</run_address>
         <size>0x20</size>
         <input_file_ref idref="fl-6"/>
      </object_component>
      <object_component id="oc-1ba">
         <name>.debug_line</name>
         <load_address>0xfe3</load_address>
         <run_address>0xfe3</run_address>
         <size>0x116</size>
         <input_file_ref idref="fl-7"/>
      </object_component>
      <object_component id="oc-10d">
         <name>.debug_line</name>
         <load_address>0x10f9</load_address>
         <run_address>0x10f9</run_address>
         <size>0x7f</size>
         <input_file_ref idref="fl-7"/>
      </object_component>
      <object_component id="oc-7b">
         <name>.debug_line</name>
         <load_address>0x1178</load_address>
         <run_address>0x1178</run_address>
         <size>0x41</size>
         <input_file_ref idref="fl-8"/>
      </object_component>
      <object_component id="oc-32">
         <name>.debug_line</name>
         <load_address>0x11b9</load_address>
         <run_address>0x11b9</run_address>
         <size>0x41</size>
         <input_file_ref idref="fl-8"/>
      </object_component>
      <object_component id="oc-2d">
         <name>.debug_line</name>
         <load_address>0x11fa</load_address>
         <run_address>0x11fa</run_address>
         <size>0xa1</size>
         <input_file_ref idref="fl-8"/>
      </object_component>
      <object_component id="oc-2fc">
         <name>.debug_line</name>
         <load_address>0x129b</load_address>
         <run_address>0x129b</run_address>
         <size>0x89</size>
         <input_file_ref idref="fl-c4"/>
      </object_component>
      <object_component id="oc-20f">
         <name>.debug_line</name>
         <load_address>0x1324</load_address>
         <run_address>0x1324</run_address>
         <size>0x63</size>
         <input_file_ref idref="fl-c4"/>
      </object_component>
      <object_component id="oc-28">
         <name>.debug_line</name>
         <load_address>0x1387</load_address>
         <run_address>0x1387</run_address>
         <size>0x53</size>
         <input_file_ref idref="fl-c5"/>
      </object_component>
      <object_component id="oc-c0">
         <name>.debug_line</name>
         <load_address>0x13da</load_address>
         <run_address>0x13da</run_address>
         <size>0x20</size>
         <input_file_ref idref="fl-c6"/>
      </object_component>
      <object_component id="oc-14">
[...]
         <name>pulseLCD</name>
         <value>0x1125</value>
         <object_component_ref idref="oc-d7"/>
      </symbol>
      <symbol id="sm-9c">
         <name>sendByte</name>
         <value>0x116f</value>
         <object_component_ref idref="oc-d7"/>
      </symbol>
      <symbol id="sm-9d">
         <name>cursorOnLCD</name>
         <value>0x1251</value>
         <object_component_ref idref="oc-d7"/>
      </symbol>
      <symbol id="sm-9e">
         <name>setData</name>
         <value>0x115b</value>
         <object_component_ref idref="oc-d7"/>
      </symbol>
      <symbol id="sm-9f">
         <name>initLCD</name>
         <value>0x12dd</value>
         <object_component_ref idref="oc-d7"/>
      </symbol>
      <symbol id="sm-a0">
         <name>setCmd</name>
         <value>0x1147</value>
         <object_component_ref idref="oc-d7"/>
      </symbol>
      <symbol id="sm-a1">
         <name>setLineCursorLCD</name>
         <value>0x1245</value>
         <object_component_ref idref="oc-d7"/>
      </symbol>
      <symbol id="sm-e2">
         <name>k</name>
         <value>0x200004a0</value>
      </symbol>
      <symbol id="sm-e3">
         <name>getKeypad</name>
         <value>0xbb9</value>
         <object_component_ref idref="oc-140"/>
      </symbol>
      <symbol id="sm-e4">
         <name>keymap</name>
         <value>0x200004c0</value>
         <object_component_ref idref="oc-255"/>
      </symbol>
      <symbol id="sm-e5">
         <name>readKeypad</name>
         <value>0xbcf</value>
         <object_component_ref idref="oc-140"/>
      </symbol>
      <symbol id="sm-e6">
         <name>initKeypad</name>
         <value>0xe73</value>
         <object_component_ref idref="oc-140"/>
      </symbol>
      <symbol id="sm-179">
         <name>m</name>
         <value>0x20000470</value>
      </symbol>
      <symbol id="sm-17a">
         <name>motorControl</name>
         <value>0x3dd</value>
         <object_component_ref idref="oc-a7"/>
      </symbol>
      <symbol id="sm-17b">
         <name>changePW</name>
         <value>0x7df</value>
         <object_component_ref idref="oc-a7"/>
      </symbol>
      <symbol id="sm-17c">
         <name>delay_us</name>
         <value>0x26d</value>
         <object_component_ref idref="oc-a7"/>
      </symbol>
      <symbol id="sm-17d">
         <name>menu</name>
         <value>0x341</value>
         <object_component_ref idref="oc-a7"/>
      </symbol>
      <symbol id="sm-17e">
         <name>companyInfo</name>
         <value>0x8e1</value>
         <object_component_ref idref="oc-a7"/>
      </symbol>
      <symbol id="sm-17f">
         <name>newPosition</name>
         <value>0x491</value>
         <object_component_ref idref="oc-a7"/>
      </symbol>
      <symbol id="sm-180">
         <name>rotateManually</name>
         <value>0x5db</value>
         <object_component_ref idref="oc-a7"/>
      </symbol>
      <symbol id="sm-181">
         <name>main</name>
         <value>0xa3b</value>
         <object_component_ref idref="oc-a7"/>
      </symbol>
      <symbol id="sm-182">
         <name>changeRPM</name>
         <value>0x6e3</value>
         <object_component_ref idref="oc-a7"/>
      </symbol>
      <symbol id="sm-183">
         <name>password</name>
         <value>0x29f</value>
         <object_component_ref idref="oc-a7"/>
      </symbol>
      <symbol id="sm-184">
         <name>teamRole</name>
         <value>0x9c9</value>
         <object_component_ref idref="oc-a7"/>
      </symbol>
      <symbol id="sm-185">
         <name>delay_ms</name>
         <value>0x285</value>
         <object_component_ref idref="oc-a7"/>
      </symbol>
      <symbol id="sm-186">
         <name>lockDevice</name>
         <value>0x8b7</value>
         <object_component_ref idref="oc-a7"/>
      </symbol>
      <symbol id="sm-1b6">
         <name>stepMotor</name>
         <value>0x1537</value>
         <object_component_ref idref="oc-10e"/>
      </symbol>
      <symbol id="sm-1b7">
         <name>initMotor</name>
         <value>0x1607</value>
         <object_component_ref idref="oc-10e"/>
      </symbol>
      <symbol id="sm-1b8">
         <name>runMotor</name>
         <value>0x1583</value>
         <object_component_ref idref="oc-10e"/>
      </symbol>
      <symbol id="sm-1b9">
         <name>motorRPM</name>
         <value>0x1505</value>
         <object_component_ref idref="oc-10e"/>
      </symbol>
      <symbol id="sm-1cc">
         <name>initSensor</name>
         <value>0x1ccd</value>
         <object_component_ref idref="oc-108"/>
      </symbol>
      <symbol id="sm-1cd">
         <name>readSensor</name>
         <value>0x1c8d</value>
         <object_component_ref idref="oc-108"/>
      </symbol>
      <symbol id="sm-1e9">
         <name>ResetISR</name>
         <value>0x26dd</value>
         <object_component_ref idref="oc-2b"/>
      </symbol>
      <symbol id="sm-1ea">
         <name>g_pfnVectors</name>
         <value>0x0</value>
         <object_component_ref idref="oc-f"/>
      </symbol>
      <symbol id="sm-201">
         <name>atoi</name>
         <value>0x2211</value>
         <object_component_ref idref="oc-20e"/>
      </symbol>
      <symbol id="sm-212">
         <name>_c_int00</name>
         <value>0x20c5</value>
         <object_component_ref idref="oc-24"/>
      </symbol>
      <symbol id="sm-213">
         <name>__stack</name>
         <value>0x2000026c</value>
         <object_component_ref idref="oc-2a"/>
      </symbol>
      <symbol id="sm-231">
         <name>__TI_decompress_lzss</name>
         <value>0x2005</value>
         <object_component_ref idref="oc-12"/>
      </symbol>
      <symbol id="sm-248">
         <name>__TI_decompress_none</name>
         <value>0x26ab</value>
         <object_component_ref idref="oc-18"/>
      </symbol>
      <symbol id="sm-25f">
         <name>__TI_zero_init</name>
         <value>0x26d1</value>
         <object_component_ref idref="oc-1e"/>
      </symbol>
      <symbol id="sm-26a">
         <name>_ctypes_</name>
         <value>0x2718</value>
         <object_component_ref idref="oc-229"/>
      </symbol>
      <symbol id="sm-28b">
         <name>C$$EXIT</name>
         <value>0x2119</value>
         <object_component_ref idref="oc-6f"/>
      </symbol>
      <symbol id="sm-28c">
         <name>abort</name>
         <value>0x211d</value>
         <object_component_ref idref="oc-6f"/>
      </symbol>
      <symbol id="sm-28d">
         <name>exit</name>
         <value>0x2125</value>
         <object_component_ref idref="oc-6f"/>
      </symbol>
      <symbol id="sm-28e">
         <name>__TI_dtors_ptr</name>
         <value>0x200004f4</value>
         <object_component_ref idref="oc-af"/>
      </symbol>
      <symbol id="sm-28f">
         <name>__TI_cleanup_ptr</name>
         <value>0x200004f0</value>
         <object_component_ref idref="oc-af"/>
      </symbol>
      <symbol id="sm-290">
         <name>__TI_enable_exit_profile_output</name>
         <value>0x200004f8</value>
         <object_component_ref idref="oc-af"/>
      </symbol>
      <symbol id="sm-2a4">
         <name>__aeabi_ddiv</name>
         <value>0x1689</value>
         <object_component_ref idref="oc-209"/>
      </symbol>
      <symbol id="sm-2ae">
         <name>__aeabi_d2uiz</name>
         <value>0x237d</value>
         <object_component_ref idref="oc-214"/>
      </symbol>
      <symbol id="sm-2bd">
         <name>ltoa</name>
         <value>0x216d</value>
         <object_component_ref idref="oc-1d3"/>
      </symbol>
      <symbol id="sm-2d8">
         <name>memcpy</name>
         <value>0x1bf1</value>
         <object_component_ref idref="oc-3f"/>
      </symbol>
      <symbol id="sm-2d9">
         <name>__aeabi_memcpy</name>
         <value>0x1bf1</value>
         <object_component_ref idref="oc-3f"/>
      </symbol>
      <symbol id="sm-2da">
         <name>__aeabi_memcpy8</name>
         <value>0x1bf1</value>
         <object_component_ref idref="oc-3f"/>
      </symbol>
      <symbol id="sm-2db">
         <name>__aeabi_memcpy4</name>
         <value>0x1bf1</value>
         <object_component_ref idref="oc-3f"/>
      </symbol>
      <symbol id="sm-2ea">
         <name>__aeabi_memset</name>
         <value>0x1eb3</value>
         <object_component_ref idref="oc-4b"/>
      </symbol>
      <symbol id="sm-2eb">
         <name>memset</name>
         <value>0x1eb9</value>
         <object_component_ref idref="oc-4b"/>
      </symbol>
      <symbol id="sm-2ec">
         <name>__aeabi_memset8</name>
         <value>0x1eb3</value>
         <object_component_ref idref="oc-4b"/>
      </symbol>
      <symbol id="sm-2ed">
         <name>__aeabi_memset4</name>
         <value>0x1eb3</value>
         <object_component_ref idref="oc-4b"/>
      </symbol>
      <symbol id="sm-2ee">
         <name>__aeabi_memclr8</name>
         <value>0x1eb1</value>
         <object_component_ref idref="oc-4b"/>
      </symbol>
      <symbol id="sm-2ef">
         <name>__aeabi_memclr4</name>
         <value>0x1eb1</value>
         <object_component_ref idref="oc-4b"/>
      </symbol>
      <symbol id="sm-2f0">
         <name>__aeabi_memclr</name>
         <value>0x1eb1</value>
         <object_component_ref idref="oc-4b"/>
      </symbol>
      <symbol id="sm-2fa">
         <name>__mpu_init</name>
         <value>0x1503</value>
         <object_component_ref idref="oc-57"/>
      </symbol>
      <symbol id="sm-304">
         <name>_system_pre_init</name>
         <value>0x2715</value>
         <object_component_ref idref="oc-5d"/>
      </symbol>
      <symbol id="sm-30c">
         <name>main_func_sp</name>
         <value>0x20000508</value>
         <object_component_ref idref="oc-75"/>
      </symbol>
      <symbol id="sm-31c">
         <name>strcat</name>
         <value>0x2517</value>
         <object_component_ref idref="oc-e3"/>
      </symbol>
      <symbol id="sm-32b">
         <name>strcmp</name>
         <value>0x2595</value>
         <object_component_ref idref="oc-ef"/>
      </symbol>
      <symbol id="sm-339">
         <name>strcpy</name>
         <value>0x25d5</value>
         <object_component_ref idref="oc-11b"/>
      </symbol>
      <symbol id="sm-347">
         <name>strlen</name>
         <value>0x25e9</value>
         <object_component_ref idref="oc-e9"/>
      </symbol>
      <symbol id="sm-386">
         <name>strtold</name>
         <value>0xee9</value>
         <object_component_ref idref="oc-115"/>
      </symbol>
      <symbol id="sm-387">
         <name>strtod</name>
         <value>0xee9</value>
         <object_component_ref idref="oc-115"/>
      </symbol>
      <symbol id="sm-392">
         <name>__aeabi_ui2d</name>
         <value>0x24d9</value>
         <object_component_ref idref="oc-204"/>
      </symbol>
      <symbol id="sm-3ab">
         <name>_nop</name>
         <value>0x25cf</value>
         <object_component_ref idref="oc-15c"/>
      </symbol>
      <symbol id="sm-3ac">
         <name>_lock</name>
         <value>0x200004fc</value>
         <object_component_ref idref="oc-b2"/>
      </symbol>
      <symbol id="sm-3ad">
         <name>_unlock</name>
         <value>0x20000500</value>
         <object_component_ref idref="oc-b2"/>
      </symbol>
      <symbol id="sm-3ae">
         <name>_register_lock</name>
         <value>0x25c7</value>
         <object_component_ref idref="oc-15c"/>
      </symbol>
      <symbol id="sm-3af">
         <name>_register_unlock</name>
         <value>0x25c1</value>
         <object_component_ref idref="oc-15c"/>
      </symbol>
      <symbol id="sm-3c3">
         <name>_args_main</name>
         <value>0x257d</value>
         <object_component_ref idref="oc-69"/>
      </symbol>
      <symbol id="sm-3ed">
         <name>__TI_auto_init</name>
         <value>0x1f2d</value>
         <object_component_ref idref="oc-63"/>
      </symbol>
      <symbol id="sm-407">
         <name>copy_in</name>
         <value>0x225d</value>
         <object_component_ref idref="oc-99"/>
      </symbol>
      <symbol id="sm-40f">
         <name>errno</name>
         <value>0x20000504</value>
         <object_component_ref idref="oc-22f"/>
      </symbol>
      <symbol id="sm-426">
         <name>__aeabi_dsub</name>
         <value>0x134d</value>
         <object_component_ref idref="oc-21f"/>
      </symbol>
      <symbol id="sm-427">
         <name>__aeabi_dadd</name>
         <value>0x1357</value>
         <object_component_ref idref="oc-21f"/>
      </symbol>
      <symbol id="sm-439">
         <name>__aeabi_cdcmpeq</name>
         <value>0x1db1</value>
         <object_component_ref idref="oc-224"/>
      </symbol>
      <symbol id="sm-43a">
         <name>__aeabi_cdcmple</name>
         <value>0x1db1</value>
         <object_component_ref idref="oc-224"/>
      </symbol>
      <symbol id="sm-445">
         <name>__aeabi_dmul</name>
         <value>0x1a01</value>
         <object_component_ref idref="oc-21a"/>
      </symbol>
      <symbol id="sm-450">
         <name>_system_post_cinit</name>
         <value>0x1f2b</value>
         <object_component_ref idref="oc-9f"/>
      </symbol>
      <symbol id="sm-49e">
         <name>ADCProcessorTrigger</name>
         <value>0x2535</value>
         <object_component_ref idref="oc-1bb"/>
      </symbol>
      <symbol id="sm-49f">
         <name>ADCSequenceEnable</name>
         <value>0x2673</value>
         <object_component_ref idref="oc-1fd"/>
      </symbol>
      <symbol id="sm-4a0">
         <name>ADCSequenceConfigure</name>
         <value>0x21c1</value>
         <object_component_ref idref="oc-1eb"/>
      </symbol>
      <symbol id="sm-4a1">
         <name>ADCSequenceStepConfigure</name>
         <value>0x1e37</value>
         <object_component_ref idref="oc-1f7"/>
      </symbol>
      <symbol id="sm-4a2">
         <name>ADCIntClear</name>
         <value>0x26e9</value>
         <object_component_ref idref="oc-1c7"/>
      </symbol>
      <symbol id="sm-4a3">
         <name>ADCIntStatus</name>
         <value>0x2461</value>
         <object_component_ref idref="oc-1c1"/>
      </symbol>
      <symbol id="sm-4a4">
         <name>ADCSequenceDisable</name>
         <value>0x2665</value>
         <object_component_ref idref="oc-1f1"/>
      </symbol>
      <symbol id="sm-4a5">
         <name>ADCSequenceDataGet</name>
         <value>0x24f9</value>
         <object_component_ref idref="oc-1cd"/>
      </symbol>
      <symbol id="sm-4bb">
         <name>FPULazyStackingEnable</name>
         <value>0x2645</value>
         <object_component_ref idref="oc-128"/>
      </symbol>
      <symbol id="sm-4bc">
         <name>FPUEnable</name>
         <value>0x2635</value>
         <object_component_ref idref="oc-122"/>
      </symbol>
      <symbol id="sm-55d">
         <name>GPIOIntRegister</name>
         <value>0x254d</value>
         <object_component_ref idref="oc-249"/>
      </symbol>
      <symbol id="sm-55e">
         <name>GPIOPinConfigure</name>
         <value>0x22a9</value>
         <object_component_ref idref="oc-26b"/>
      </symbol>
      <symbol id="sm-55f">
         <name>GPIOIntDisable</name>
         <value>0x2681</value>
         <object_component_ref idref="oc-f5"/>
      </symbol>
      <symbol id="sm-560">
         <name>GPIOIntEnable</name>
         <value>0x26c5</value>
         <object_component_ref idref="oc-dd"/>
      </symbol>
      <symbol id="sm-561">
         <name>GPIOIntTypeSet</name>
         <value>0x206d</value>
         <object_component_ref idref="oc-24f"/>
      </symbol>
      <symbol id="sm-562">
         <name>GPIOPinTypeADC</name>
         <value>0x25fd</value>
         <object_component_ref idref="oc-1e5"/>
      </symbol>
      <symbol id="sm-563">
         <name>GPIOPinTypeGPIOInput</name>
         <value>0x260f</value>
         <object_component_ref idref="oc-1d9"/>
      </symbol>
      <symbol id="sm-564">
         <name>GPIOIntClear</name>
         <value>0x26fd</value>
         <object_component_ref idref="oc-23d"/>
      </symbol>
      <symbol id="sm-565">
         <name>GPIOPinTypeUART</name>
         <value>0x2621</value>
         <object_component_ref idref="oc-271"/>
      </symbol>
      <symbol id="sm-566">
         <name>GPIOPinTypeGPIOOutput</name>
         <value>0x2565</value>
         <object_component_ref idref="oc-17e"/>
      </symbol>
      <symbol id="sm-567">
         <name>GPIOPinRead</name>
         <value>0x2703</value>
         <object_component_ref idref="oc-243"/>
      </symbol>
      <symbol id="sm-568">
         <name>GPIODirModeSet</name>
         <value>0x248f</value>
         <object_component_ref idref="oc-28c"/>
      </symbol>
      <symbol id="sm-569">
         <name>GPIOPinWrite</name>
         <value>0x2709</value>
         <object_component_ref idref="oc-178"/>
      </symbol>
      <symbol id="sm-56a">
         <name>GPIOPadConfigSet</name>
         <value>0x17bf</value>
         <object_component_ref idref="oc-1df"/>
      </symbol>
      <symbol id="sm-5ac">
         <name>IntEnable</name>
         <value>0x1f9d</value>
         <object_component_ref idref="oc-2d4"/>
      </symbol>
      <symbol id="sm-5ad">
         <name>IntRegister</name>
         <value>0x23f9</value>
         <object_component_ref idref="oc-2ce"/>
      </symbol>
      <symbol id="sm-5ae">
         <name>g_pfnRAMVectors</name>
         <value>0x20000000</value>
         <object_component_ref idref="oc-306"/>
      </symbol>
      <symbol id="sm-5af">
         <name>IntMasterEnable</name>
         <value>0x2655</value>
         <object_component_ref idref="oc-14c"/>
      </symbol>
      <symbol id="sm-60c">
         <name>SysCtlClockSet</name>
         <value>0x1afd</value>
         <object_component_ref idref="oc-12e"/>
      </symbol>
      <symbol id="sm-60d">
         <name>SysCtlDelay</name>
         <value>0x270f</value>
         <object_component_ref idref="oc-d6"/>
      </symbol>
      <symbol id="sm-60e">
         <name>SysCtlPeripheralEnable</name>
         <value>0x242d</value>
         <object_component_ref idref="oc-134"/>
      </symbol>
      <symbol id="sm-60f">
         <name>SysCtlClockGet</name>
         <value>0x18f1</value>
         <object_component_ref idref="oc-d0"/>
      </symbol>
      <symbol id="sm-610">
         <name>SysCtlPeripheralReady</name>
         <value>0x23c1</value>
         <object_component_ref idref="oc-13a"/>
      </symbol>
      <symbol id="sm-64a">
         <name>UARTCharPutNonBlocking</name>
         <value>0x268f</value>
         <object_component_ref idref="oc-259"/>
      </symbol>
      <symbol id="sm-64b">
         <name>UARTConfigSetExpClk</name>
         <value>0x22f1</value>
         <object_component_ref idref="oc-277"/>
      </symbol>
      <symbol id="sm-64c">
         <name>UARTDisable</name>
         <value>0x24b9</value>
         <object_component_ref idref="oc-2e8"/>
      </symbol>
      <symbol id="sm-64d">
         <name>UARTCharsAvail</name>
         <value>0x269d</value>
         <object_component_ref idref="oc-25f"/>
      </symbol>
      <symbol id="sm-64e">
         <name>UARTEnable</name>
         <value>0x25ad</value>
         <object_component_ref idref="oc-2ee"/>
      </symbol>
      <symbol id="sm-64f">
         <name>UARTCharGet</name>
         <value>0x26f3</value>
         <object_component_ref idref="oc-265"/>
      </symbol>
      <symbol id="sm-659">
         <name>CPUcpsie</name>
         <value>0x26b9</value>
         <object_component_ref idref="oc-27f"/>
      </symbol>
      <symbol id="sm-65a">
         <name>__TI_static_base__</name>
         <value>0x0</value>
      </symbol>
      <symbol id="sm-65d">
         <name>SHT$$INIT_ARRAY$$Limit</name>
         <value>0x0</value>
      </symbol>
      <symbol id="sm-65e">
         <name>SHT$$INIT_ARRAY$$Base</name>
         <value>0x0</value>
      </symbol>
   </symbol_table>
   <title>Link successful</title>
</link_info>
