******************************************************************************
                  TI ARM Linker PC v16.9.7                     
******************************************************************************
>> Linked Sun Apr 08 14:18:06 2018

OUTPUT FILE NAME:   <Solarco.out>
ENTRY POINT SYMBOL: "_c_int00"  address: 0000229d


MEMORY CONFIGURATION

         name            origin    length      used     unused   attr    fill
----------------------  --------  ---------  --------  --------  ----  --------
  FLASH                 00000000   00040000  00002e06  0003d1fa  R  X
  SRAM                  20000000   00008000  0000050c  00007af4  RW X


SEGMENT ALLOCATION MAP

run origin  load origin   length   init length attrs members
----------  ----------- ---------- ----------- ----- -------
00000000    00000000    00002e10   00002e10    r-x
  00000000    00000000    0000026c   0000026c    r-- .intvecs
  0000026c    0000026c    00002618   00002618    r-x .text
  00002888    00002888    00000512   00000512    r-- .const
  00002da0    00002da0    00000070   00000070    r-- .cinit
20000000    20000000    00000510   00000000    rw-
  20000000    20000000    0000026c   00000000    rw- .vtable
  2000026c    2000026c    00000200   00000000    rw- .stack
  20000470    20000470    00000054   00000000    rw- .bss
  200004c4    200004c4    0000004c   00000000    rw- .data


SECTION ALLOCATION MAP

 output                                  attributes/
section   page    origin      length       input sections
--------  ----  ----------  ----------   ----------------
.intvecs   0    00000000    0000026c     
                  00000000    0000026c     tm4c123gh6pm_startup_ccs.obj (.intvecs)

.text      0    0000026c    00002618     
                  0000026c    0000095c     main.obj (.text)
                  00000bc8    00000330     keypad.obj (.text)
                  00000ef8    00000274     sensor.obj (.text)
                  0000116c    0000023c     rtsv7M4_T_le_v4SPD16_eabi.lib : strtod.obj (.text)
                  000013a8    00000228     display.obj (.text)
                  000015d0    000001b6     rtsv7M4_T_le_v4SPD16_eabi.lib : fd_add_t2.obj (.text)
                  00001786    00000002                                   : mpu_init.obj (.text)
                  00001788    00000180     motor.obj (.text)
                  00001908    00000136     rtsv7M4_T_le_v4SPD16_eabi.lib : fd_div_t2.obj (.text)
                  00001a3e    00000132     driverlib.lib : gpio.obj (.text:GPIOPadConfigSet)
                  00001b70    00000110                   : sysctl.obj (.text:SysCtlClockGet)
                  00001c80    000000fc     rtsv7M4_T_le_v4SPD16_eabi.lib : fd_mul_t2.obj (.text)
                  00001d7c    000000f4     driverlib.lib : sysctl.obj (.text:SysCtlClockSet)
                  00001e70    0000009c     rtsv7M4_T_le_v4SPD16_eabi.lib : memcpy_t2.obj (.text)
                  00001f0c    00000086                                   : fd_cmp_t2.obj (.text:__aeabi_cdcmple)
                  00001f92    00000002                                   : startup.obj (.text)
                  00001f94    0000007c     bluetooth.obj (.text)
                  00002010    0000007a     driverlib.lib : adc.obj (.text:ADCSequenceStepConfigure)
                  0000208a    0000007a     rtsv7M4_T_le_v4SPD16_eabi.lib : memset_t2.obj (.text)
                  00002104    00000070                                   : autoinit.obj (.text)
                  00002174    00000068     driverlib.lib : interrupt.obj (.text:IntEnable)
                  000021dc    00000068     rtsv7M4_T_le_v4SPD16_eabi.lib : copy_decompress_lzss.obj (.text:decompress:lzss)
                  00002244    00000056     driverlib.lib : gpio.obj (.text:GPIOIntTypeSet)
                  0000229a    00000002     --HOLE-- [fill = 0]
                  0000229c    00000054     rtsv7M4_T_le_v4SPD16_eabi.lib : boot.obj (.text)
                  000022f0    00000054                                   : exit.obj (.text)
                  00002344    00000050     driverlib.lib : adc.obj (.text:ADCSequenceConfigure)
                  00002394    0000004c     rtsv7M4_T_le_v4SPD16_eabi.lib : atoi.obj (.text)
                  000023e0    0000004c                                   : cpy_tbl.obj (.text)
                  0000242c    00000048     driverlib.lib : gpio.obj (.text:GPIOPinConfigure)
                  00002474    00000046                   : uart.obj (.text:UARTConfigSetExpClk)
                  000024ba    00000002     --HOLE-- [fill = 0]
                  000024bc    00000044                   : gpio.obj (.text:_GPIOIntNumberGet)
                  00002500    00000044     rtsv7M4_T_le_v4SPD16_eabi.lib : fd_tou_t2.obj (.text)
                  00002544    00000038     driverlib.lib : sysctl.obj (.text:SysCtlPeripheralReady)
                  0000257c    00000034                   : interrupt.obj (.text:IntRegister)
                  000025b0    00000034                   : sysctl.obj (.text:SysCtlPeripheralEnable)
                  000025e4    0000002e                   : adc.obj (.text:ADCIntStatus)
                  00002612    0000002a                   : gpio.obj (.text:GPIODirModeSet)
                  0000263c    00000020                   : uart.obj (.text:UARTDisable)
                  0000265c    00000020     rtsv7M4_T_le_v4SPD16_eabi.lib : u_tofd_t2.obj (.text)
                  0000267c    0000001e     driverlib.lib : adc.obj (.text:ADCSequenceDataGet)
                  0000269a    0000001e     rtsv7M4_T_le_v4SPD16_eabi.lib : strcat.obj (.text)
                  000026b8    00000018     driverlib.lib : adc.obj (.text:ADCProcessorTrigger)
                  000026d0    00000018                   : gpio.obj (.text:GPIOIntRegister)
                  000026e8    00000018                   : gpio.obj (.text:GPIOPinTypeGPIOOutput)
                  00002700    00000018     rtsv7M4_T_le_v4SPD16_eabi.lib : args_main.obj (.text)
                  00002718    00000018                                   : strcmp.obj (.text)
                  00002730    00000014     driverlib.lib : uart.obj (.text:UARTEnable)
                  00002744    00000014     rtsv7M4_T_le_v4SPD16_eabi.lib : _lock.obj (.text)
                  00002758    00000014                                   : strcpy.obj (.text)
                  0000276c    00000014                                   : strlen.obj (.text)
                  00002780    00000012     driverlib.lib : gpio.obj (.text:GPIOPinTypeADC)
                  00002792    00000012                   : gpio.obj (.text:GPIOPinTypeGPIOInput)
                  000027a4    00000012                   : gpio.obj (.text:GPIOPinTypeUART)
                  000027b6    00000002     --HOLE-- [fill = 0]
                  000027b8    00000010                   : fpu.obj (.text:FPUEnable)
                  000027c8    00000010                   : fpu.obj (.text:FPULazyStackingEnable)
                  000027d8    00000010                   : interrupt.obj (.text:IntMasterEnable)
                  000027e8    0000000e                   : adc.obj (.text:ADCSequenceEnable)
                  000027f6    0000000e                   : gpio.obj (.text:GPIOIntDisable)
                  00002804    0000000e                   : uart.obj (.text:UARTCharPutNonBlocking)
                  00002812    0000000e                   : uart.obj (.text:UARTCharsAvail)
                  00002820    0000000e     rtsv7M4_T_le_v4SPD16_eabi.lib : copy_decompress_none.obj (.text:decompress:none)
                  0000282e    0000000c     driverlib.lib : cpu.obj (.text:CPUcpsie)
                  0000283a    0000000c                   : gpio.obj (.text:GPIOIntEnable)
                  00002846    0000000c     rtsv7M4_T_le_v4SPD16_eabi.lib : copy_zero_init.obj (.text:decompress:ZI)
                  00002852    0000000c     tm4c123gh6pm_startup_ccs.obj (.text)
                  0000285e    0000000a     driverlib.lib : adc.obj (.text:ADCIntClear)
                  00002868    00000006                   : gpio.obj (.text:GPIOIntClear)
                  0000286e    00000006                   : gpio.obj (.text:GPIOPinRead)
                  00002874    00000006                   : gpio.obj (.text:GPIOPinWrite)
                  0000287a    00000006                   : sysctl.obj (.text:SysCtlDelay)
                  00002880    00000004     rtsv7M4_T_le_v4SPD16_eabi.lib : pre_init.obj (.text)

.const     0    00002888    00000512     
                  00002888    00000101     rtsv7M4_T_le_v4SPD16_eabi.lib : ctype.obj (.const:.string:_ctypes_)
                  00002989    00000003     --HOLE-- [fill = 0]
                  0000298c    000000d8     driverlib.lib : gpio.obj (.const:g_ppui32GPIOIntMapSnowflake)
                  00002a64    000000c0                   : gpio.obj (.const:g_ppui32GPIOIntMapBlizzard)
                  00002b24    00000004     --HOLE-- [fill = 0]
                  00002b28    00000098     rtsv7M4_T_le_v4SPD16_eabi.lib : strtod.obj (.const:$O1$$)
                  00002bc0    00000090     driverlib.lib : gpio.obj (.const:g_pui32GPIOBaseAddrs)
                  00002c50    00000070                   : interrupt.obj (.const)
                  00002cc0    0000006c                   : sysctl.obj (.const:g_pui32Xtals)
                  00002d2c    00000040     display.obj (.const:.string:customChar)
                  00002d6c    0000002e     keypad.obj (.const:.string)

.cinit     0    00002da0    00000070     
                  00002da0    00000038     (.cinit..data.load) [load image, compression = lzss]
                  00002dd8    0000000c     (__TI_handler_table)
                  00002de4    00000004     --HOLE-- [fill = 0]
                  00002de8    00000008     (.cinit..bss.load) [load image, compression = zero_init]
                  00002df0    00000008     (.cinit..vtable.load) [load image, compression = zero_init]
                  00002df8    00000018     (__TI_cinit_table)

.init_array 
*          0    00000000    00000000     UNINITIALIZED

.vtable    0    20000000    0000026c     UNINITIALIZED
                  20000000    0000026c     driverlib.lib : interrupt.obj (.vtable)

.stack     0    2000026c    00000200     UNINITIALIZED
                  2000026c    00000200     --HOLE--

.bss       0    20000470    00000054     UNINITIALIZED
                  20000470    00000030     (.common:m)
                  200004a0    00000010     (.common:k)
                  200004b0    00000008     (.common:b)
                  200004b8    00000006     (.common:solar)
                  200004be    00000002     --HOLE--
                  200004c0    00000004     (.common:s)

.data      0    200004c4    0000004c     UNINITIALIZED
                  200004c4    00000030     keypad.obj (.data:keymap)
                  200004f4    0000000c     rtsv7M4_T_le_v4SPD16_eabi.lib : exit.obj (.data:$O1$$)
                  20000500    00000008                                   : _lock.obj (.data:$O1$$)
                  20000508    00000004                                   : errno.obj (.data)
                  2000050c    00000004                                   : stkdepth_vars.obj (.data)

MODULE SUMMARY

       Module                         code   ro data   rw data
       ------                         ----   -------   -------
    .\
       main.obj                       2396   0         52     
       keypad.obj                     816    46        64     
       tm4c123gh6pm_startup_ccs.obj   12     620       0      
       sensor.obj                     628    0         0      
       display.obj                    552    64        0      
       motor.obj                      384    0         0      
       bluetooth.obj                  124    0         14     
    +--+------------------------------+------+---------+---------+
       Total:                         4912   730       130    
                                                              
    C:/Program Files (x86)/TI/TivaWare/driverlib/ccs/Debug/driverlib.lib
       gpio.obj                       720    552       0      
       interrupt.obj                  172    112       620    
       sysctl.obj                     630    108       0      
       adc.obj                        326    0         0      
       uart.obj                       150    0         0      
       fpu.obj                        32     0         0      
       cpu.obj                        12     0         0      
    +--+------------------------------+------+---------+---------+
       Total:                         2042   772       620    
                                                              
    C:\Program Files (x86)\TI\ccsv7\tools\compiler\ti-cgt-arm_16.9.7.LTS\lib\rtsv7M4_T_le_v4SPD16_eabi.lib
       strtod.obj                     572    152       0      
       fd_add_t2.obj                  438    0         0      
       fd_div_t2.obj                  310    0         0      
       ctype.obj                      0      257       0      
       fd_mul_t2.obj                  252    0         0      
       memcpy_t2.obj                  156    0         0      
       fd_cmp_t2.obj                  134    0         0      
       memset_t2.obj                  122    0         0      
       autoinit.obj                   112    0         0      
       copy_decompress_lzss.obj       104    0         0      
       exit.obj                       84     0         12     
       boot.obj                       84     0         0      
       atoi.obj                       76     0         0      
       cpy_tbl.obj                    76     0         0      
       fd_tou_t2.obj                  68     0         0      
       u_tofd_t2.obj                  32     0         0      
       strcat.obj                     30     0         0      
       _lock.obj                      20     0         8      
       args_main.obj                  24     0         0      
       strcmp.obj                     24     0         0      
       strcpy.obj                     20     0         0      
       strlen.obj                     20     0         0      
       copy_decompress_none.obj       14     0         0      
       copy_zero_init.obj             12     0         0      
       errno.obj                      0      0         4      
       pre_init.obj                   4      0         0      
       stkdepth_vars.obj              0      0         4      
       mpu_init.obj                   2      0         0      
       startup.obj                    2      0         0      
    +--+------------------------------+------+---------+---------+
       Total:                         2792   409       28     
                                                              
       Stack:                         0      0         512    
       Linker Generated:              0      108       0      
    +--+------------------------------+------+---------+---------+
       Grand Total:                   9746   2019      1290   


LINKER GENERATED COPY TABLES

__TI_cinit_table @ 00002df8 records: 3, size/record: 8, table size: 24
	.data: load addr=00002da0, load size=00000038 bytes, run addr=200004c4, run size=0000004c bytes, compression=lzss
	.bss: load addr=00002de8, load size=00000008 bytes, run addr=20000470, run size=00000054 bytes, compression=zero_init
	.vtable: load addr=00002df0, load size=00000008 bytes, run addr=20000000, run size=0000026c bytes, compression=zero_init


LINKER GENERATED HANDLER TABLE

__TI_handler_table @ 00002dd8 records: 3, size/record: 4, table size: 12
	index: 0, handler: __TI_zero_init
	index: 1, handler: __TI_decompress_lzss
	index: 2, handler: __TI_decompress_none


GLOBAL SYMBOLS: SORTED ALPHABETICALLY BY Name 

address   name                           
-------   ----                           
0000285f  ADCIntClear                    
000025e5  ADCIntStatus                   
000026b9  ADCProcessorTrigger            
00002345  ADCSequenceConfigure           
0000267d  ADCSequenceDataGet             
000027e9  ADCSequenceEnable              
00002011  ADCSequenceStepConfigure       
000022f1  C$$EXIT                        
0000282f  CPUcpsie                       
000027b9  FPUEnable                      
000027c9  FPULazyStackingEnable          
00002613  GPIODirModeSet                 
00002869  GPIOIntClear                   
000027f7  GPIOIntDisable                 
0000283b  GPIOIntEnable                  
000026d1  GPIOIntRegister                
00002245  GPIOIntTypeSet                 
00001a3f  GPIOPadConfigSet               
0000242d  GPIOPinConfigure               
0000286f  GPIOPinRead                    
00002781  GPIOPinTypeADC                 
00002793  GPIOPinTypeGPIOInput           
000026e9  GPIOPinTypeGPIOOutput          
000027a5  GPIOPinTypeUART                
00002875  GPIOPinWrite                   
00002175  IntEnable                      
000027d9  IntMasterEnable                
0000257d  IntRegister                    
00002853  ResetISR                       
UNDEFED   SHT$$INIT_ARRAY$$Base          
UNDEFED   SHT$$INIT_ARRAY$$Limit         
00001b71  SysCtlClockGet                 
00001d7d  SysCtlClockSet                 
0000287b  SysCtlDelay                    
000025b1  SysCtlPeripheralEnable         
00002545  SysCtlPeripheralReady          
00002805  UARTCharPutNonBlocking         
00002813  UARTCharsAvail                 
00002475  UARTConfigSetExpClk            
0000263d  UARTDisable                    
00002731  UARTEnable                     
2000046c  __STACK_END                    
00000200  __STACK_SIZE                   
2000046c  __STACK_TOP                    
00002df8  __TI_CINIT_Base                
00002e10  __TI_CINIT_Limit               
00002dd8  __TI_Handler_Table_Base        
00002de4  __TI_Handler_Table_Limit       
00002105  __TI_auto_init                 
200004f4  __TI_cleanup_ptr               
000021dd  __TI_decompress_lzss           
00002821  __TI_decompress_none           
200004f8  __TI_dtors_ptr                 
200004fc  __TI_enable_exit_profile_output
ffffffff  __TI_pprof_out_hndl            
ffffffff  __TI_prof_data_size            
ffffffff  __TI_prof_data_start           
00000000  __TI_static_base__             
00002847  __TI_zero_init                 
00001f0d  __aeabi_cdcmpeq                
00001f0d  __aeabi_cdcmple                
00002501  __aeabi_d2uiz                  
000015db  __aeabi_dadd                   
00001909  __aeabi_ddiv                   
00001c81  __aeabi_dmul                   
000015d1  __aeabi_dsub                   
0000208b  __aeabi_memclr                 
0000208b  __aeabi_memclr4                
0000208b  __aeabi_memclr8                
00001e71  __aeabi_memcpy                 
00001e71  __aeabi_memcpy4                
00001e71  __aeabi_memcpy8                
0000208d  __aeabi_memset                 
0000208d  __aeabi_memset4                
0000208d  __aeabi_memset8                
0000265d  __aeabi_ui2d                   
ffffffff  __binit__                      
ffffffff  __c_args__                     
00001787  __mpu_init                     
2000026c  __stack                        
00002701  _args_main                     
0000229d  _c_int00                       
00002888  _ctypes_                       
20000500  _lock                          
00002753  _nop                           
0000274b  _register_lock                 
00002745  _register_unlock               
00001f93  _system_post_cinit             
00002881  _system_pre_init               
20000504  _unlock                        
000022f5  abort                          
00002395  atoi                           
200004b0  b                              
ffffffff  binit                          
000007e7  changePW                       
000006eb  changeRPM                      
00001499  clearLCD                       
000008f1  companyInfo                    
000023e1  copy_in                        
00001535  createChar                     
000014e1  cursorOffLCD                   
000014d5  cursorOnLCD                    
00002d2c  customChar                     
00000285  delay_ms                       
0000026d  delay_us                       
000014ed  displayOffLCD                  
000014f9  displayOnLCD                   
20000508  errno                          
000022fd  exit                           
20000000  g_pfnRAMVectors                
00000000  g_pfnVectors                   
00000bc9  getKeypad                      
000014ab  homeLCD                        
00001fcf  initBluetooth                  
00000e83  initKeypad                     
00001561  initLCD                        
00001889  initMotor                      
0000112b  initSensor                     
200004a0  k                              
200004c4  keymap                         
000008c5  lockDevice                     
20000470  m                              
00000a4b  main                           
2000050c  main_func_sp                   
00001e71  memcpy                         
00002093  memset                         
00000341  menu                           
000003dd  motorControl                   
00001789  motorRPM                       
00000491  newPosition                    
0000029f  password                       
00001523  printCharLCD                   
00001505  printLCD                       
000013a9  pulseLCD                       
00000bdf  readKeypad                     
00000ef9  readSensor                     
00001fb5  receiveBluetooth               
000005db  rotateManually                 
00001807  runMotor                       
200004c0  s                              
00001f97  sendBluetooth                  
000013f3  sendByte                       
000014bd  setBlockCursorLCD              
000013cb  setCmd                         
00001431  setCursorPositionLCD           
000013df  setData                        
000014c9  setLineCursorLCD               
00001f95  setupBluetooth                 
200004b8  solar                          
000017bb  stepMotor                      
0000269b  strcat                         
00002719  strcmp                         
00002759  strcpy                         
0000276d  strlen                         
0000116d  strtod                         
0000116d  strtold                        
000009d9  teamRole                       


GLOBAL SYMBOLS: SORTED BY Symbol Address 

address   name                           
-------   ----                           
00000000  __TI_static_base__             
00000000  g_pfnVectors                   
00000200  __STACK_SIZE                   
0000026d  delay_us                       
00000285  delay_ms                       
0000029f  password                       
00000341  menu                           
000003dd  motorControl                   
00000491  newPosition                    
000005db  rotateManually                 
000006eb  changeRPM                      
000007e7  changePW                       
000008c5  lockDevice                     
000008f1  companyInfo                    
000009d9  teamRole                       
00000a4b  main                           
00000bc9  getKeypad                      
00000bdf  readKeypad                     
00000e83  initKeypad                     
00000ef9  readSensor                     
0000112b  initSensor                     
0000116d  strtod                         
0000116d  strtold                        
000013a9  pulseLCD                       
000013cb  setCmd                         
000013df  setData                        
000013f3  sendByte                       
00001431  setCursorPositionLCD           
00001499  clearLCD                       
000014ab  homeLCD                        
000014bd  setBlockCursorLCD              
000014c9  setLineCursorLCD               
000014d5  cursorOnLCD                    
000014e1  cursorOffLCD                   
000014ed  displayOffLCD                  
000014f9  displayOnLCD                   
00001505  printLCD                       
00001523  printCharLCD                   
00001535  createChar                     
00001561  initLCD                        
000015d1  __aeabi_dsub                   
000015db  __aeabi_dadd                   
00001787  __mpu_init                     
00001789  motorRPM                       
000017bb  stepMotor                      
00001807  runMotor                       
00001889  initMotor                      
00001909  __aeabi_ddiv                   
00001a3f  GPIOPadConfigSet               
00001b71  SysCtlClockGet                 
00001c81  __aeabi_dmul                   
00001d7d  SysCtlClockSet                 
00001e71  __aeabi_memcpy                 
00001e71  __aeabi_memcpy4                
00001e71  __aeabi_memcpy8                
00001e71  memcpy                         
00001f0d  __aeabi_cdcmpeq                
00001f0d  __aeabi_cdcmple                
00001f93  _system_post_cinit             
00001f95  setupBluetooth                 
00001f97  sendBluetooth                  
00001fb5  receiveBluetooth               
00001fcf  initBluetooth                  
00002011  ADCSequenceStepConfigure       
0000208b  __aeabi_memclr                 
0000208b  __aeabi_memclr4                
0000208b  __aeabi_memclr8                
0000208d  __aeabi_memset                 
0000208d  __aeabi_memset4                
0000208d  __aeabi_memset8                
00002093  memset                         
00002105  __TI_auto_init                 
00002175  IntEnable                      
000021dd  __TI_decompress_lzss           
00002245  GPIOIntTypeSet                 
0000229d  _c_int00                       
000022f1  C$$EXIT                        
000022f5  abort                          
000022fd  exit                           
00002345  ADCSequenceConfigure           
00002395  atoi                           
000023e1  copy_in                        
0000242d  GPIOPinConfigure               
00002475  UARTConfigSetExpClk            
00002501  __aeabi_d2uiz                  
00002545  SysCtlPeripheralReady          
0000257d  IntRegister                    
000025b1  SysCtlPeripheralEnable         
000025e5  ADCIntStatus                   
00002613  GPIODirModeSet                 
0000263d  UARTDisable                    
0000265d  __aeabi_ui2d                   
0000267d  ADCSequenceDataGet             
0000269b  strcat                         
000026b9  ADCProcessorTrigger            
000026d1  GPIOIntRegister                
000026e9  GPIOPinTypeGPIOOutput          
00002701  _args_main                     
00002719  strcmp                         
00002731  UARTEnable                     
00002745  _register_unlock               
0000274b  _register_lock                 
00002753  _nop                           
00002759  strcpy                         
0000276d  strlen                         
00002781  GPIOPinTypeADC                 
00002793  GPIOPinTypeGPIOInput           
000027a5  GPIOPinTypeUART                
000027b9  FPUEnable                      
000027c9  FPULazyStackingEnable          
000027d9  IntMasterEnable                
000027e9  ADCSequenceEnable              
000027f7  GPIOIntDisable                 
00002805  UARTCharPutNonBlocking         
00002813  UARTCharsAvail                 
00002821  __TI_decompress_none           
0000282f  CPUcpsie                       
0000283b  GPIOIntEnable                  
00002847  __TI_zero_init                 
00002853  ResetISR                       
0000285f  ADCIntClear                    
00002869  GPIOIntClear                   
0000286f  GPIOPinRead                    
00002875  GPIOPinWrite                   
0000287b  SysCtlDelay                    
00002881  _system_pre_init               
00002888  _ctypes_                       
00002d2c  customChar                     
00002dd8  __TI_Handler_Table_Base        
00002de4  __TI_Handler_Table_Limit       
00002df8  __TI_CINIT_Base                
00002e10  __TI_CINIT_Limit               
20000000  g_pfnRAMVectors                
2000026c  __stack                        
2000046c  __STACK_END                    
2000046c  __STACK_TOP                    
20000470  m                              
200004a0  k                              
200004b0  b                              
200004b8  solar                          
200004c0  s                              
200004c4  keymap                         
200004f4  __TI_cleanup_ptr               
200004f8  __TI_dtors_ptr                 
200004fc  __TI_enable_exit_profile_output
20000500  _lock                          
20000504  _unlock                        
20000508  errno                          
2000050c  main_func_sp                   
ffffffff  __TI_pprof_out_hndl            
ffffffff  __TI_prof_data_size            
ffffffff  __TI_prof_data_start           
ffffffff  __binit__                      
ffffffff  __c_args__                     
ffffffff  binit                          
UNDEFED   SHT$$INIT_ARRAY$$Base          
UNDEFED   SHT$$INIT_ARRAY$$Limit         

[157 symbols]
