******************************************************************************
                  TI ARM Linker PC v16.9.7                     
******************************************************************************
>> Linked Thu Apr 12 15:30:21 2018

OUTPUT FILE NAME:   <Solarco.out>
ENTRY POINT SYMBOL: "_c_int00"  address: 00002319


MEMORY CONFIGURATION

         name            origin    length      used     unused   attr    fill
----------------------  --------  ---------  --------  --------  ----  --------
  FLASH                 00000000   00040000  00002f80  0003d080  R  X
  SRAM                  20000000   00008000  000006fe  00007902  RW X


SEGMENT ALLOCATION MAP

run origin  load origin   length   init length attrs members
----------  ----------- ---------- ----------- ----- -------
00000000    00000000    00002f88   00002f88    r-x
  00000000    00000000    0000026c   0000026c    r-- .intvecs
  0000026c    0000026c    00002792   00002792    r-x .text
  00002a00    00002a00    00000512   00000512    r-- .const
  00002f18    00002f18    00000070   00000070    r-- .cinit
20000000    20000000    00000706   00000000    rw-
  20000000    20000000    0000026c   00000000    rw- .vtable
  2000026c    2000026c    00000200   00000000    rw- .stack
  20000470    20000470    00000200   00000000    rw- .sysmem
  20000670    20000670    0000004c   00000000    rw- .data
  200006c0    200006c0    00000046   00000000    rw- .bss


SECTION ALLOCATION MAP

 output                                  attributes/
section   page    origin      length       input sections
--------  ----  ----------  ----------   ----------------
.intvecs   0    00000000    0000026c     
                  00000000    0000026c     tm4c123gh6pm_startup_ccs.obj (.intvecs)

.text      0    0000026c    00002792     
                  0000026c    00000950     main.obj (.text)
                  00000bbc    00000330     keypad.obj (.text)
                  00000eec    00000298     sensor.obj (.text)
                  00001184    0000023c     rtsv7M4_T_le_v4SPD16_eabi.lib : strtod.obj (.text)
                  000013c0    00000228     display.obj (.text)
                  000015e8    000001b6     rtsv7M4_T_le_v4SPD16_eabi.lib : fd_add_t2.obj (.text)
                  0000179e    00000002                                   : mpu_init.obj (.text)
                  000017a0    00000180     motor.obj (.text)
                  00001920    00000136     rtsv7M4_T_le_v4SPD16_eabi.lib : fd_div_t2.obj (.text)
                  00001a56    00000132     driverlib.lib : gpio.obj (.text:GPIOPadConfigSet)
                  00001b88    00000110                   : sysctl.obj (.text:SysCtlClockGet)
                  00001c98    000000fc     rtsv7M4_T_le_v4SPD16_eabi.lib : fd_mul_t2.obj (.text)
                  00001d94    000000f4     driverlib.lib : sysctl.obj (.text:SysCtlClockSet)
                  00001e88    000000e0     UART.obj (.text)
                  00001f68    0000009c     rtsv7M4_T_le_v4SPD16_eabi.lib : memcpy_t2.obj (.text)
                  00002004    00000086                                   : fd_cmp_t2.obj (.text:__aeabi_cdcmple)
                  0000208a    0000007a     driverlib.lib : adc.obj (.text:ADCSequenceStepConfigure)
                  00002104    0000007a     rtsv7M4_T_le_v4SPD16_eabi.lib : memset_t2.obj (.text)
                  0000217e    00000002                                   : startup.obj (.text)
                  00002180    00000070                                   : autoinit.obj (.text)
                  000021f0    00000068     driverlib.lib : interrupt.obj (.text:IntEnable)
                  00002258    00000068     rtsv7M4_T_le_v4SPD16_eabi.lib : copy_decompress_lzss.obj (.text:decompress:lzss)
                  000022c0    00000056     driverlib.lib : gpio.obj (.text:GPIOIntTypeSet)
                  00002316    00000002     --HOLE-- [fill = 0]
                  00002318    00000054     rtsv7M4_T_le_v4SPD16_eabi.lib : boot.obj (.text)
                  0000236c    00000054                                   : exit.obj (.text)
                  000023c0    00000054                                   : ltoa.obj (.text)
                  00002414    00000050     driverlib.lib : adc.obj (.text:ADCSequenceConfigure)
                  00002464    0000004c     rtsv7M4_T_le_v4SPD16_eabi.lib : atoi.obj (.text)
                  000024b0    0000004c                                   : cpy_tbl.obj (.text)
                  000024fc    00000048     driverlib.lib : gpio.obj (.text:GPIOPinConfigure)
                  00002544    00000048     rtsv7M4_T_le_v4SPD16_eabi.lib : fd_toi_t2.obj (.text)
                  0000258c    00000046     driverlib.lib : uart.obj (.text:UARTConfigSetExpClk)
                  000025d2    00000002     --HOLE-- [fill = 0]
                  000025d4    00000044                   : gpio.obj (.text:_GPIOIntNumberGet)
                  00002618    00000044     rtsv7M4_T_le_v4SPD16_eabi.lib : fd_tou_t2.obj (.text)
                  0000265c    00000038     driverlib.lib : sysctl.obj (.text:SysCtlPeripheralReady)
                  00002694    00000034                   : interrupt.obj (.text:IntRegister)
                  000026c8    00000034                   : sysctl.obj (.text:SysCtlPeripheralEnable)
                  000026fc    0000002e                   : adc.obj (.text:ADCIntStatus)
                  0000272a    0000002e     rtsv7M4_T_le_v4SPD16_eabi.lib : i_tofd_t2.obj (.text)
                  00002758    0000002a     driverlib.lib : gpio.obj (.text:GPIODirModeSet)
                  00002782    00000002     --HOLE-- [fill = 0]
                  00002784    00000020                   : uart.obj (.text:UARTDisable)
                  000027a4    00000020     rtsv7M4_T_le_v4SPD16_eabi.lib : u_tofd_t2.obj (.text)
                  000027c4    0000001e     driverlib.lib : adc.obj (.text:ADCSequenceDataGet)
                  000027e2    0000001e     rtsv7M4_T_le_v4SPD16_eabi.lib : strcat.obj (.text)
                  00002800    00000018     driverlib.lib : adc.obj (.text:ADCProcessorTrigger)
                  00002818    00000018                   : gpio.obj (.text:GPIOIntRegister)
                  00002830    00000018                   : gpio.obj (.text:GPIOPinTypeGPIOOutput)
                  00002848    00000018     rtsv7M4_T_le_v4SPD16_eabi.lib : args_main.obj (.text)
                  00002860    00000018                                   : strcmp.obj (.text)
                  00002878    00000014     driverlib.lib : uart.obj (.text:UARTEnable)
                  0000288c    00000014     rtsv7M4_T_le_v4SPD16_eabi.lib : _lock.obj (.text)
                  000028a0    00000014                                   : strcpy.obj (.text)
                  000028b4    00000014                                   : strlen.obj (.text)
                  000028c8    00000012     driverlib.lib : gpio.obj (.text:GPIOPinTypeADC)
                  000028da    00000012                   : gpio.obj (.text:GPIOPinTypeGPIOInput)
                  000028ec    00000012                   : gpio.obj (.text:GPIOPinTypeUART)
                  000028fe    00000002     --HOLE-- [fill = 0]
                  00002900    00000010                   : fpu.obj (.text:FPUEnable)
                  00002910    00000010                   : fpu.obj (.text:FPULazyStackingEnable)
                  00002920    00000010                   : interrupt.obj (.text:IntMasterEnable)
                  00002930    0000000e                   : adc.obj (.text:ADCSequenceDisable)
                  0000293e    0000000e                   : adc.obj (.text:ADCSequenceEnable)
                  0000294c    0000000e                   : gpio.obj (.text:GPIOIntDisable)
                  0000295a    0000000e                   : uart.obj (.text:UARTCharGetNonBlocking)
                  00002968    0000000e                   : uart.obj (.text:UARTCharPutNonBlocking)
                  00002976    0000000e                   : uart.obj (.text:UARTCharsAvail)
                  00002984    0000000e     rtsv7M4_T_le_v4SPD16_eabi.lib : copy_decompress_none.obj (.text:decompress:none)
                  00002992    0000000c     driverlib.lib : cpu.obj (.text:CPUcpsie)
                  0000299e    0000000c                   : gpio.obj (.text:GPIOIntEnable)
                  000029aa    0000000c     rtsv7M4_T_le_v4SPD16_eabi.lib : copy_zero_init.obj (.text:decompress:ZI)
                  000029b6    0000000c     tm4c123gh6pm_startup_ccs.obj (.text)
                  000029c2    0000000a     driverlib.lib : adc.obj (.text:ADCIntClear)
                  000029cc    0000000a                   : uart.obj (.text:UARTIntStatus)
                  000029d6    00000008                   : uart.obj (.text:UARTIntEnable)
                  000029de    00000006                   : gpio.obj (.text:GPIOIntClear)
                  000029e4    00000006                   : gpio.obj (.text:GPIOPinRead)
                  000029ea    00000006                   : gpio.obj (.text:GPIOPinWrite)
                  000029f0    00000006                   : sysctl.obj (.text:SysCtlDelay)
                  000029f6    00000004                   : uart.obj (.text:UARTIntClear)
                  000029fa    00000004     rtsv7M4_T_le_v4SPD16_eabi.lib : pre_init.obj (.text)

.const     0    00002a00    00000512     
                  00002a00    00000101     rtsv7M4_T_le_v4SPD16_eabi.lib : ctype.obj (.const:.string:_ctypes_)
                  00002b01    00000003     --HOLE-- [fill = 0]
                  00002b04    000000d8     driverlib.lib : gpio.obj (.const:g_ppui32GPIOIntMapSnowflake)
                  00002bdc    000000c0                   : gpio.obj (.const:g_ppui32GPIOIntMapBlizzard)
                  00002c9c    00000004     --HOLE-- [fill = 0]
                  00002ca0    00000098     rtsv7M4_T_le_v4SPD16_eabi.lib : strtod.obj (.const:$O1$$)
                  00002d38    00000090     driverlib.lib : gpio.obj (.const:g_pui32GPIOBaseAddrs)
                  00002dc8    00000070                   : interrupt.obj (.const)
                  00002e38    0000006c                   : sysctl.obj (.const:g_pui32Xtals)
                  00002ea4    00000040     display.obj (.const:.string:customChar)
                  00002ee4    0000002e     keypad.obj (.const:.string)

.cinit     0    00002f18    00000070     
                  00002f18    00000039     (.cinit..data.load) [load image, compression = lzss]
                  00002f51    00000003     --HOLE-- [fill = 0]
                  00002f54    0000000c     (__TI_handler_table)
                  00002f60    00000008     (.cinit..bss.load) [load image, compression = zero_init]
                  00002f68    00000008     (.cinit..vtable.load) [load image, compression = zero_init]
                  00002f70    00000018     (__TI_cinit_table)

.init_array 
*          0    00000000    00000000     UNINITIALIZED

.vtable    0    20000000    0000026c     UNINITIALIZED
                  20000000    0000026c     driverlib.lib : interrupt.obj (.vtable)

.stack     0    2000026c    00000200     UNINITIALIZED
                  2000026c    00000200     --HOLE--

.sysmem    0    20000470    00000200     UNINITIALIZED
                  20000470    00000008     rtsv7M4_T_le_v4SPD16_eabi.lib : memory.obj (.sysmem)
                  20000478    000001f8     --HOLE--

.data      0    20000670    0000004c     UNINITIALIZED
                  20000670    00000030     keypad.obj (.data:keymap)
                  200006a0    0000000c     rtsv7M4_T_le_v4SPD16_eabi.lib : exit.obj (.data:$O1$$)
                  200006ac    00000008                                   : _lock.obj (.data:$O1$$)
                  200006b4    00000004                                   : errno.obj (.data)
                  200006b8    00000004                                   : stkdepth_vars.obj (.data)

.bss       0    200006c0    00000046     UNINITIALIZED
                  200006c0    00000030     (.common:m)
                  200006f0    00000010     (.common:k)
                  20000700    00000006     (.common:solar)

MODULE SUMMARY

       Module                         code    ro data   rw data
       ------                         ----    -------   -------
    .\
       main.obj                       2384    0         48     
       keypad.obj                     816     46        64     
       sensor.obj                     664     0         0      
       tm4c123gh6pm_startup_ccs.obj   12      620       0      
       display.obj                    552     64        0      
       motor.obj                      384     0         0      
       UART.obj                       224     0         6      
    +--+------------------------------+-------+---------+---------+
       Total:                         5036    730       118    
                                                               
    C:/Program Files (x86)/TI/TivaWare/driverlib/ccs/Debug/driverlib.lib
       gpio.obj                       720     552       0      
       interrupt.obj                  172     112       620    
       sysctl.obj                     630     108       0      
       adc.obj                        340     0         0      
       uart.obj                       186     0         0      
       fpu.obj                        32      0         0      
       cpu.obj                        12      0         0      
    +--+------------------------------+-------+---------+---------+
       Total:                         2092    772       620    
                                                               
    C:\Program Files (x86)\TI\ccsv7\tools\compiler\ti-cgt-arm_16.9.7.LTS\lib\rtsv7M4_T_le_v4SPD16_eabi.lib
       strtod.obj                     572     152       0      
       fd_add_t2.obj                  438     0         0      
       fd_div_t2.obj                  310     0         0      
       ctype.obj                      0       257       0      
       fd_mul_t2.obj                  252     0         0      
       memcpy_t2.obj                  156     0         0      
       fd_cmp_t2.obj                  134     0         0      
       memset_t2.obj                  122     0         0      
       autoinit.obj                   112     0         0      
       copy_decompress_lzss.obj       104     0         0      
       exit.obj                       84      0         12     
       boot.obj                       84      0         0      
       ltoa.obj                       84      0         0      
       atoi.obj                       76      0         0      
       cpy_tbl.obj                    76      0         0      
       fd_toi_t2.obj                  72      0         0      
       fd_tou_t2.obj                  68      0         0      
       i_tofd_t2.obj                  46      0         0      
       u_tofd_t2.obj                  32      0         0      
       strcat.obj                     30      0         0      
       _lock.obj                      20      0         8      
       args_main.obj                  24      0         0      
       strcmp.obj                     24      0         0      
       strcpy.obj                     20      0         0      
       strlen.obj                     20      0         0      
       copy_decompress_none.obj       14      0         0      
       copy_zero_init.obj             12      0         0      
       errno.obj                      0       0         4      
       pre_init.obj                   4       0         0      
       stkdepth_vars.obj              0       0         4      
       mpu_init.obj                   2       0         0      
       startup.obj                    2       0         0      
    +--+------------------------------+-------+---------+---------+
       Total:                         2994    409       28     
                                                               
       Heap:                          0       0         512    
       Stack:                         0       0         512    
       Linker Generated:              0       109       0      
    +--+------------------------------+-------+---------+---------+
       Grand Total:                   10122   2020      1790   


LINKER GENERATED COPY TABLES

__TI_cinit_table @ 00002f70 records: 3, size/record: 8, table size: 24
	.data: load addr=00002f18, load size=00000039 bytes, run addr=20000670, run size=0000004c bytes, compression=lzss
	.bss: load addr=00002f60, load size=00000008 bytes, run addr=200006c0, run size=00000046 bytes, compression=zero_init
	.vtable: load addr=00002f68, load size=00000008 bytes, run addr=20000000, run size=0000026c bytes, compression=zero_init


LINKER GENERATED HANDLER TABLE

__TI_handler_table @ 00002f54 records: 3, size/record: 4, table size: 12
	index: 0, handler: __TI_zero_init
	index: 1, handler: __TI_decompress_lzss
	index: 2, handler: __TI_decompress_none


GLOBAL SYMBOLS: SORTED ALPHABETICALLY BY Name 

address   name                           
-------   ----                           
000029c3  ADCIntClear                    
000026fd  ADCIntStatus                   
00002801  ADCProcessorTrigger            
00002415  ADCSequenceConfigure           
000027c5  ADCSequenceDataGet             
00002931  ADCSequenceDisable             
0000293f  ADCSequenceEnable              
0000208b  ADCSequenceStepConfigure       
0000236d  C$$EXIT                        
00002993  CPUcpsie                       
00002901  FPUEnable                      
00002911  FPULazyStackingEnable          
00002759  GPIODirModeSet                 
000029df  GPIOIntClear                   
0000294d  GPIOIntDisable                 
0000299f  GPIOIntEnable                  
00002819  GPIOIntRegister                
000022c1  GPIOIntTypeSet                 
00001a57  GPIOPadConfigSet               
000024fd  GPIOPinConfigure               
000029e5  GPIOPinRead                    
000028c9  GPIOPinTypeADC                 
000028db  GPIOPinTypeGPIOInput           
00002831  GPIOPinTypeGPIOOutput          
000028ed  GPIOPinTypeUART                
000029eb  GPIOPinWrite                   
000021f1  IntEnable                      
00002921  IntMasterEnable                
00002695  IntRegister                    
000029b7  ResetISR                       
UNDEFED   SHT$$INIT_ARRAY$$Base          
UNDEFED   SHT$$INIT_ARRAY$$Limit         
00001b89  SysCtlClockGet                 
00001d95  SysCtlClockSet                 
000029f1  SysCtlDelay                    
000026c9  SysCtlPeripheralEnable         
0000265d  SysCtlPeripheralReady          
00001e89  UART1receive                   
00001ef3  UART1send                      
0000295b  UARTCharGetNonBlocking         
00002969  UARTCharPutNonBlocking         
00002977  UARTCharsAvail                 
0000258d  UARTConfigSetExpClk            
00002785  UARTDisable                    
00002879  UARTEnable                     
000029f7  UARTIntClear                   
000029d7  UARTIntEnable                  
000029cd  UARTIntStatus                  
2000046c  __STACK_END                    
00000200  __STACK_SIZE                   
2000046c  __STACK_TOP                    
00000200  __SYSMEM_SIZE                  
00002f70  __TI_CINIT_Base                
00002f88  __TI_CINIT_Limit               
00002f54  __TI_Handler_Table_Base        
00002f60  __TI_Handler_Table_Limit       
00002181  __TI_auto_init                 
200006a0  __TI_cleanup_ptr               
00002259  __TI_decompress_lzss           
00002985  __TI_decompress_none           
200006a4  __TI_dtors_ptr                 
200006a8  __TI_enable_exit_profile_output
ffffffff  __TI_pprof_out_hndl            
ffffffff  __TI_prof_data_size            
ffffffff  __TI_prof_data_start           
00000000  __TI_static_base__             
000029ab  __TI_zero_init                 
00002005  __aeabi_cdcmpeq                
00002005  __aeabi_cdcmple                
00002545  __aeabi_d2iz                   
00002619  __aeabi_d2uiz                  
000015f3  __aeabi_dadd                   
00001921  __aeabi_ddiv                   
00001c99  __aeabi_dmul                   
000015e9  __aeabi_dsub                   
0000272b  __aeabi_i2d                    
00002105  __aeabi_memclr                 
00002105  __aeabi_memclr4                
00002105  __aeabi_memclr8                
00001f69  __aeabi_memcpy                 
00001f69  __aeabi_memcpy4                
00001f69  __aeabi_memcpy8                
00002107  __aeabi_memset                 
00002107  __aeabi_memset4                
00002107  __aeabi_memset8                
000027a5  __aeabi_ui2d                   
ffffffff  __binit__                      
ffffffff  __c_args__                     
0000179f  __mpu_init                     
2000026c  __stack                        
00002849  _args_main                     
00002319  _c_int00                       
00002a00  _ctypes_                       
200006ac  _lock                          
0000289b  _nop                           
00002893  _register_lock                 
0000288d  _register_unlock               
20000470  _sys_memory                    
0000217f  _system_post_cinit             
000029fb  _system_pre_init               
200006b0  _unlock                        
00002371  abort                          
00002465  atoi                           
ffffffff  binit                          
000007df  changePW                       
000006e3  changeRPM                      
000014b1  clearLCD                       
000008e1  companyInfo                    
000024b1  copy_in                        
0000154d  createChar                     
000014f9  cursorOffLCD                   
000014ed  cursorOnLCD                    
00002ea4  customChar                     
00000285  delay_ms                       
0000026d  delay_us                       
00001505  displayOffLCD                  
00001511  displayOnLCD                   
200006b4  errno                          
00002379  exit                           
20000000  g_pfnRAMVectors                
00000000  g_pfnVectors                   
00000bbd  getKeypad                      
000014c3  homeLCD                        
00000e77  initKeypad                     
00001579  initLCD                        
000018ab  initMotor                      
00001141  initSensor                     
00001f11  initUART1                      
200006f0  k                              
20000670  keymap                         
000008b7  lockDevice                     
000023c1  ltoa                           
200006c0  m                              
00000a3b  main                           
200006b8  main_func_sp                   
00001f69  memcpy                         
0000210d  memset                         
00000341  menu                           
000003dd  motorControl                   
000017a1  motorRPM                       
00000491  newPosition                    
0000029f  password                       
0000153b  printCharLCD                   
0000151d  printLCD                       
000013c1  pulseLCD                       
00000bd3  readKeypad                     
00000eed  readSensor                     
000005db  rotateManually                 
00001827  runMotor                       
0000140b  sendByte                       
000014d5  setBlockCursorLCD              
000013e3  setCmd                         
00001449  setCursorPositionLCD           
000013f7  setData                        
000014e1  setLineCursorLCD               
20000700  solar                          
000017db  stepMotor                      
000027e3  strcat                         
00002861  strcmp                         
000028a1  strcpy                         
000028b5  strlen                         
00001185  strtod                         
00001185  strtold                        
000009c9  teamRole                       


GLOBAL SYMBOLS: SORTED BY Symbol Address 

address   name                           
-------   ----                           
00000000  __TI_static_base__             
00000000  g_pfnVectors                   
00000200  __STACK_SIZE                   
00000200  __SYSMEM_SIZE                  
0000026d  delay_us                       
00000285  delay_ms                       
0000029f  password                       
00000341  menu                           
000003dd  motorControl                   
00000491  newPosition                    
000005db  rotateManually                 
000006e3  changeRPM                      
000007df  changePW                       
000008b7  lockDevice                     
000008e1  companyInfo                    
000009c9  teamRole                       
00000a3b  main                           
00000bbd  getKeypad                      
00000bd3  readKeypad                     
00000e77  initKeypad                     
00000eed  readSensor                     
00001141  initSensor                     
00001185  strtod                         
00001185  strtold                        
000013c1  pulseLCD                       
000013e3  setCmd                         
000013f7  setData                        
0000140b  sendByte                       
00001449  setCursorPositionLCD           
000014b1  clearLCD                       
000014c3  homeLCD                        
000014d5  setBlockCursorLCD              
000014e1  setLineCursorLCD               
000014ed  cursorOnLCD                    
000014f9  cursorOffLCD                   
00001505  displayOffLCD                  
00001511  displayOnLCD                   
0000151d  printLCD                       
0000153b  printCharLCD                   
0000154d  createChar                     
00001579  initLCD                        
000015e9  __aeabi_dsub                   
000015f3  __aeabi_dadd                   
0000179f  __mpu_init                     
000017a1  motorRPM                       
000017db  stepMotor                      
00001827  runMotor                       
000018ab  initMotor                      
00001921  __aeabi_ddiv                   
00001a57  GPIOPadConfigSet               
00001b89  SysCtlClockGet                 
00001c99  __aeabi_dmul                   
00001d95  SysCtlClockSet                 
00001e89  UART1receive                   
00001ef3  UART1send                      
00001f11  initUART1                      
00001f69  __aeabi_memcpy                 
00001f69  __aeabi_memcpy4                
00001f69  __aeabi_memcpy8                
00001f69  memcpy                         
00002005  __aeabi_cdcmpeq                
00002005  __aeabi_cdcmple                
0000208b  ADCSequenceStepConfigure       
00002105  __aeabi_memclr                 
00002105  __aeabi_memclr4                
00002105  __aeabi_memclr8                
00002107  __aeabi_memset                 
00002107  __aeabi_memset4                
00002107  __aeabi_memset8                
0000210d  memset                         
0000217f  _system_post_cinit             
00002181  __TI_auto_init                 
000021f1  IntEnable                      
00002259  __TI_decompress_lzss           
000022c1  GPIOIntTypeSet                 
00002319  _c_int00                       
0000236d  C$$EXIT                        
00002371  abort                          
00002379  exit                           
000023c1  ltoa                           
00002415  ADCSequenceConfigure           
00002465  atoi                           
000024b1  copy_in                        
000024fd  GPIOPinConfigure               
00002545  __aeabi_d2iz                   
0000258d  UARTConfigSetExpClk            
00002619  __aeabi_d2uiz                  
0000265d  SysCtlPeripheralReady          
00002695  IntRegister                    
000026c9  SysCtlPeripheralEnable         
000026fd  ADCIntStatus                   
0000272b  __aeabi_i2d                    
00002759  GPIODirModeSet                 
00002785  UARTDisable                    
000027a5  __aeabi_ui2d                   
000027c5  ADCSequenceDataGet             
000027e3  strcat                         
00002801  ADCProcessorTrigger            
00002819  GPIOIntRegister                
00002831  GPIOPinTypeGPIOOutput          
00002849  _args_main                     
00002861  strcmp                         
00002879  UARTEnable                     
0000288d  _register_unlock               
00002893  _register_lock                 
0000289b  _nop                           
000028a1  strcpy                         
000028b5  strlen                         
000028c9  GPIOPinTypeADC                 
000028db  GPIOPinTypeGPIOInput           
000028ed  GPIOPinTypeUART                
00002901  FPUEnable                      
00002911  FPULazyStackingEnable          
00002921  IntMasterEnable                
00002931  ADCSequenceDisable             
0000293f  ADCSequenceEnable              
0000294d  GPIOIntDisable                 
0000295b  UARTCharGetNonBlocking         
00002969  UARTCharPutNonBlocking         
00002977  UARTCharsAvail                 
00002985  __TI_decompress_none           
00002993  CPUcpsie                       
0000299f  GPIOIntEnable                  
000029ab  __TI_zero_init                 
000029b7  ResetISR                       
000029c3  ADCIntClear                    
000029cd  UARTIntStatus                  
000029d7  UARTIntEnable                  
000029df  GPIOIntClear                   
000029e5  GPIOPinRead                    
000029eb  GPIOPinWrite                   
000029f1  SysCtlDelay                    
000029f7  UARTIntClear                   
000029fb  _system_pre_init               
00002a00  _ctypes_                       
00002ea4  customChar                     
00002f54  __TI_Handler_Table_Base        
00002f60  __TI_Handler_Table_Limit       
00002f70  __TI_CINIT_Base                
00002f88  __TI_CINIT_Limit               
20000000  g_pfnRAMVectors                
2000026c  __stack                        
2000046c  __STACK_END                    
2000046c  __STACK_TOP                    
20000470  _sys_memory                    
20000670  keymap                         
200006a0  __TI_cleanup_ptr               
200006a4  __TI_dtors_ptr                 
200006a8  __TI_enable_exit_profile_output
200006ac  _lock                          
200006b0  _unlock                        
200006b4  errno                          
200006b8  main_func_sp                   
200006c0  m                              
200006f0  k                              
20000700  solar                          
ffffffff  __TI_pprof_out_hndl            
ffffffff  __TI_prof_data_size            
ffffffff  __TI_prof_data_start           
ffffffff  __binit__                      
ffffffff  __c_args__                     
ffffffff  binit                          
UNDEFED   SHT$$INIT_ARRAY$$Base          
UNDEFED   SHT$$INIT_ARRAY$$Limit         

[164 symbols]
