******************************************************************************
                  TI ARM Linker PC v16.9.7                     
******************************************************************************
>> Linked Wed Apr 11 09:45:04 2018

OUTPUT FILE NAME:   <Solarco.out>
ENTRY POINT SYMBOL: "_c_int00"  address: 00003fb1


MEMORY CONFIGURATION

         name            origin    length      used     unused   attr    fill
----------------------  --------  ---------  --------  --------  ----  --------
  FLASH                 00000000   00040000  00004caa  0003b356  R  X
  SRAM                  20000000   00008000  00000732  000078ce  RW X


SEGMENT ALLOCATION MAP

run origin  load origin   length   init length attrs members
----------  ----------- ---------- ----------- ----- -------
00000000    00000000    00004cb0   00004cb0    r-x
  00000000    00000000    0000026c   0000026c    r-- .intvecs
  0000026c    0000026c    000044b4   000044b4    r-x .text
  00004720    00004720    00000512   00000512    r-- .const
  00004c38    00004c38    00000078   00000078    r-- .cinit
20000000    20000000    00000738   00000000    rw-
  20000000    20000000    0000026c   00000000    rw- .vtable
  2000026c    2000026c    00000200   00000000    rw- .stack
  20000470    20000470    00000200   00000000    rw- .sysmem
  20000670    20000670    0000006e   00000000    rw- .bss
  200006e0    200006e0    00000058   00000000    rw- .data


SECTION ALLOCATION MAP

 output                                  attributes/
section   page    origin      length       input sections
--------  ----  ----------  ----------   ----------------
.intvecs   0    00000000    0000026c     
                  00000000    0000026c     tm4c123gh6pm_startup_ccs.obj (.intvecs)

.text      0    0000026c    000044b4     
                  0000026c    0000113e     rtsv7M4_T_le_v4SPD16_eabi.lib : _printfi.obj (.text)
                  000013aa    00000002                                   : mpu_init.obj (.text)
                  000013ac    00000948     main.obj (.text)
                  00001cf4    000003d0     rtsv7M4_T_le_v4SPD16_eabi.lib : memory.obj (.text)
                  000020c4    000003c0     bluetooth.obj (.text)
                  00002484    00000330     keypad.obj (.text)
                  000027b4    000002a4     sensor.obj (.text)
                  00002a58    0000023c     rtsv7M4_T_le_v4SPD16_eabi.lib : strtod.obj (.text)
                  00002c94    00000228     display.obj (.text)
                  00002ebc    000001f4     rtsv7M4_T_le_v4SPD16_eabi.lib : ull_div_t2.obj (.text)
                  000030b0    000001b6                                   : fd_add_t2.obj (.text)
                  00003266    00000002                                   : startup.obj (.text)
                  00003268    00000184     motor.obj (.text)
                  000033ec    00000136     rtsv7M4_T_le_v4SPD16_eabi.lib : fd_div_t2.obj (.text)
                  00003522    00000132     driverlib.lib : gpio.obj (.text:GPIOPadConfigSet)
                  00003654    00000110                   : sysctl.obj (.text:SysCtlClockGet)
                  00003764    000000fc     rtsv7M4_T_le_v4SPD16_eabi.lib : fd_mul_t2.obj (.text)
                  00003860    000000fc                                   : s_scalbn.obj (.text)
                  0000395c    000000f4     driverlib.lib : sysctl.obj (.text:SysCtlClockSet)
                  00003a50    0000009c     rtsv7M4_T_le_v4SPD16_eabi.lib : memcpy_t2.obj (.text)
                  00003aec    00000086                                   : fd_cmp_t2.obj (.text:__aeabi_cdcmple)
                  00003b72    00000086                                   : fd_cmp_t2.obj (.text:__aeabi_cdrcmple)
                  00003bf8    0000007a     driverlib.lib : adc.obj (.text:ADCSequenceStepConfigure)
                  00003c72    0000007a     rtsv7M4_T_le_v4SPD16_eabi.lib : memset_t2.obj (.text)
                  00003cec    00000070                                   : autoinit.obj (.text)
                  00003d5c    00000068     driverlib.lib : interrupt.obj (.text:IntDisable)
                  00003dc4    00000068                   : interrupt.obj (.text:IntEnable)
                  00003e2c    00000068     rtsv7M4_T_le_v4SPD16_eabi.lib : copy_decompress_lzss.obj (.text:decompress:lzss)
                  00003e94    00000064                                   : s_frexp.obj (.text)
                  00003ef8    00000060                                   : sprintf.obj (.text)
                  00003f58    00000056     driverlib.lib : gpio.obj (.text:GPIOIntTypeSet)
                  00003fae    00000002     --HOLE-- [fill = 0]
                  00003fb0    00000054     rtsv7M4_T_le_v4SPD16_eabi.lib : boot.obj (.text)
                  00004004    00000054                                   : exit.obj (.text)
                  00004058    00000054                                   : ltoa.obj (.text)
                  000040ac    00000050     driverlib.lib : adc.obj (.text:ADCSequenceConfigure)
                  000040fc    0000004c     rtsv7M4_T_le_v4SPD16_eabi.lib : atoi.obj (.text)
                  00004148    0000004c                                   : cpy_tbl.obj (.text)
                  00004194    00000048     driverlib.lib : gpio.obj (.text:GPIOPinConfigure)
                  000041dc    00000048     rtsv7M4_T_le_v4SPD16_eabi.lib : fd_toi_t2.obj (.text)
                  00004224    00000046     driverlib.lib : uart.obj (.text:UARTConfigSetExpClk)
                  0000426a    00000002     --HOLE-- [fill = 0]
                  0000426c    00000044                   : gpio.obj (.text:_GPIOIntNumberGet)
                  000042b0    00000044     rtsv7M4_T_le_v4SPD16_eabi.lib : fd_tou_t2.obj (.text)
                  000042f4    00000038     driverlib.lib : sysctl.obj (.text:SysCtlPeripheralReady)
                  0000432c    00000034                   : interrupt.obj (.text:IntRegister)
                  00004360    00000034                   : sysctl.obj (.text:SysCtlPeripheralEnable)
                  00004394    0000002e                   : adc.obj (.text:ADCIntStatus)
                  000043c2    0000002e     rtsv7M4_T_le_v4SPD16_eabi.lib : i_tofd_t2.obj (.text)
                  000043f0    0000002a     driverlib.lib : gpio.obj (.text:GPIODirModeSet)
                  0000441a    00000002     --HOLE-- [fill = 0]
                  0000441c    00000020                   : uart.obj (.text:UARTDisable)
                  0000443c    00000020     rtsv7M4_T_le_v4SPD16_eabi.lib : u_tofd_t2.obj (.text)
                  0000445c    0000001e     driverlib.lib : adc.obj (.text:ADCSequenceDataGet)
                  0000447a    0000001e     rtsv7M4_T_le_v4SPD16_eabi.lib : strcat.obj (.text)
                  00004498    0000001c                                   : memccpy.obj (.text)
                  000044b4    00000018     driverlib.lib : adc.obj (.text:ADCProcessorTrigger)
                  000044cc    00000018                   : gpio.obj (.text:GPIOIntRegister)
                  000044e4    00000018                   : gpio.obj (.text:GPIOPinTypeGPIOOutput)
                  000044fc    00000018     rtsv7M4_T_le_v4SPD16_eabi.lib : args_main.obj (.text)
                  00004514    00000018                                   : strcmp.obj (.text)
                  0000452c    00000016                                   : strchr.obj (.text)
                  00004542    00000014     driverlib.lib : uart.obj (.text:UARTEnable)
                  00004556    00000002     --HOLE-- [fill = 0]
                  00004558    00000014     rtsv7M4_T_le_v4SPD16_eabi.lib : _lock.obj (.text)
                  0000456c    00000014                                   : s_copysign.obj (.text)
                  00004580    00000014                                   : strcpy.obj (.text)
                  00004594    00000014                                   : strlen.obj (.text)
                  000045a8    00000012     driverlib.lib : gpio.obj (.text:GPIOPinTypeADC)
                  000045ba    00000012                   : gpio.obj (.text:GPIOPinTypeGPIOInput)
                  000045cc    00000012                   : gpio.obj (.text:GPIOPinTypeUART)
                  000045de    00000002     --HOLE-- [fill = 0]
                  000045e0    00000010                   : fpu.obj (.text:FPUEnable)
                  000045f0    00000010                   : fpu.obj (.text:FPULazyStackingEnable)
                  00004600    00000010                   : interrupt.obj (.text:IntMasterDisable)
                  00004610    00000010                   : interrupt.obj (.text:IntMasterEnable)
                  00004620    0000000e                   : adc.obj (.text:ADCSequenceDisable)
                  0000462e    0000000e                   : adc.obj (.text:ADCSequenceEnable)
                  0000463c    0000000e                   : gpio.obj (.text:GPIOIntDisable)
                  0000464a    0000000e                   : uart.obj (.text:UARTCharGetNonBlocking)
                  00004658    0000000e                   : uart.obj (.text:UARTCharPutNonBlocking)
                  00004666    0000000e                   : uart.obj (.text:UARTCharsAvail)
                  00004674    0000000e                   : uart.obj (.text:UARTSpaceAvail)
                  00004682    0000000e     rtsv7M4_T_le_v4SPD16_eabi.lib : copy_decompress_none.obj (.text:decompress:none)
                  00004690    0000000c     driverlib.lib : cpu.obj (.text:CPUcpsid)
                  0000469c    0000000c                   : cpu.obj (.text:CPUcpsie)
                  000046a8    0000000c                   : gpio.obj (.text:GPIOIntEnable)
                  000046b4    0000000c     rtsv7M4_T_le_v4SPD16_eabi.lib : copy_zero_init.obj (.text:decompress:ZI)
                  000046c0    0000000c     tm4c123gh6pm_startup_ccs.obj (.text)
                  000046cc    0000000a     driverlib.lib : adc.obj (.text:ADCIntClear)
                  000046d6    0000000a                   : uart.obj (.text:UARTIntDisable)
                  000046e0    0000000a                   : uart.obj (.text:UARTIntStatus)
                  000046ea    00000008                   : uart.obj (.text:UARTBusy)
                  000046f2    00000008                   : uart.obj (.text:UARTIntEnable)
                  000046fa    00000006                   : gpio.obj (.text:GPIOIntClear)
                  00004700    00000006                   : gpio.obj (.text:GPIOPinRead)
                  00004706    00000006                   : gpio.obj (.text:GPIOPinWrite)
                  0000470c    00000006                   : sysctl.obj (.text:SysCtlDelay)
                  00004712    00000006                   : uart.obj (.text:UARTFIFOLevelSet)
                  00004718    00000004                   : uart.obj (.text:UARTIntClear)
                  0000471c    00000004     rtsv7M4_T_le_v4SPD16_eabi.lib : pre_init.obj (.text)

.const     0    00004720    00000512     
                  00004720    00000101     rtsv7M4_T_le_v4SPD16_eabi.lib : ctype.obj (.const:.string:_ctypes_)
                  00004821    00000003     --HOLE-- [fill = 0]
                  00004824    000000d8     driverlib.lib : gpio.obj (.const:g_ppui32GPIOIntMapSnowflake)
                  000048fc    000000c0                   : gpio.obj (.const:g_ppui32GPIOIntMapBlizzard)
                  000049bc    00000004     --HOLE-- [fill = 0]
                  000049c0    00000098     rtsv7M4_T_le_v4SPD16_eabi.lib : strtod.obj (.const:$O1$$)
                  00004a58    00000090     driverlib.lib : gpio.obj (.const:g_pui32GPIOBaseAddrs)
                  00004ae8    00000070                   : interrupt.obj (.const)
                  00004b58    0000006c                   : sysctl.obj (.const:g_pui32Xtals)
                  00004bc4    00000040     display.obj (.const:.string:customChar)
                  00004c04    0000002e     keypad.obj (.const:.string)

.cinit     0    00004c38    00000078     
                  00004c38    00000042     (.cinit..data.load) [load image, compression = lzss]
                  00004c7a    00000002     --HOLE-- [fill = 0]
                  00004c7c    0000000c     (__TI_handler_table)
                  00004c88    00000008     (.cinit..bss.load) [load image, compression = zero_init]
                  00004c90    00000008     (.cinit..vtable.load) [load image, compression = zero_init]
                  00004c98    00000018     (__TI_cinit_table)

.init_array 
*          0    00000000    00000000     UNINITIALIZED

.vtable    0    20000000    0000026c     UNINITIALIZED
                  20000000    0000026c     driverlib.lib : interrupt.obj (.vtable)

.stack     0    2000026c    00000200     UNINITIALIZED
                  2000026c    00000200     --HOLE--

.sysmem    0    20000470    00000200     UNINITIALIZED
                  20000470    00000008     rtsv7M4_T_le_v4SPD16_eabi.lib : memory.obj (.sysmem)
                  20000478    000001f8     --HOLE--

.bss       0    20000670    0000006e     UNINITIALIZED
                  20000670    00000030     (.common:m)
                  200006a0    00000028     (.common:b)
                  200006c8    00000010     (.common:k)
                  200006d8    00000006     (.common:solar)

.data      0    200006e0    00000058     UNINITIALIZED
                  200006e0    00000030     keypad.obj (.data:keymap)
                  20000710    0000000c     rtsv7M4_T_le_v4SPD16_eabi.lib : exit.obj (.data:$O1$$)
                  2000071c    0000000c                                   : memory.obj (.data:$O1$$)
                  20000728    00000008                                   : _lock.obj (.data:$O1$$)
                  20000730    00000004                                   : errno.obj (.data)
                  20000734    00000004                                   : stkdepth_vars.obj (.data)

MODULE SUMMARY

       Module                         code    ro data   rw data
       ------                         ----    -------   -------
    .\
       main.obj                       2376    0         48     
       bluetooth.obj                  960     0         46     
       keypad.obj                     816     46        64     
       sensor.obj                     676     0         0      
       tm4c123gh6pm_startup_ccs.obj   12      620       0      
       display.obj                    552     64        0      
       motor.obj                      388     0         0      
    +--+------------------------------+-------+---------+---------+
       Total:                         5780    730       158    
                                                               
    C:/Program Files (x86)/TI/TivaWare/driverlib/ccs/Debug/driverlib.lib
       gpio.obj                       720     552       0      
       interrupt.obj                  292     112       620    
       sysctl.obj                     630     108       0      
       adc.obj                        340     0         0      
       uart.obj                       224     0         0      
       fpu.obj                        32      0         0      
       cpu.obj                        24      0         0      
    +--+------------------------------+-------+---------+---------+
       Total:                         2262    772       620    
                                                               
    C:\Program Files (x86)\TI\ccsv7\tools\compiler\ti-cgt-arm_16.9.7.LTS\lib\rtsv7M4_T_le_v4SPD16_eabi.lib
       _printfi.obj                   4414    0         0      
       memory.obj                     976     0         12     
       strtod.obj                     572     152       0      
       ull_div_t2.obj                 500     0         0      
       fd_add_t2.obj                  438     0         0      
       fd_div_t2.obj                  310     0         0      
       fd_cmp_t2.obj                  268     0         0      
       ctype.obj                      0       257       0      
       fd_mul_t2.obj                  252     0         0      
       s_scalbn.obj                   252     0         0      
       memcpy_t2.obj                  156     0         0      
       memset_t2.obj                  122     0         0      
       autoinit.obj                   112     0         0      
       copy_decompress_lzss.obj       104     0         0      
       s_frexp.obj                    100     0         0      
       exit.obj                       84      0         12     
       sprintf.obj                    96      0         0      
       boot.obj                       84      0         0      
       ltoa.obj                       84      0         0      
       atoi.obj                       76      0         0      
       cpy_tbl.obj                    76      0         0      
       fd_toi_t2.obj                  72      0         0      
       fd_tou_t2.obj                  68      0         0      
       i_tofd_t2.obj                  46      0         0      
       u_tofd_t2.obj                  32      0         0      
       strcat.obj                     30      0         0      
       _lock.obj                      20      0         8      
       memccpy.obj                    28      0         0      
       args_main.obj                  24      0         0      
       strcmp.obj                     24      0         0      
       strchr.obj                     22      0         0      
       s_copysign.obj                 20      0         0      
       strcpy.obj                     20      0         0      
       strlen.obj                     20      0         0      
       copy_decompress_none.obj       14      0         0      
       copy_zero_init.obj             12      0         0      
       errno.obj                      0       0         4      
       pre_init.obj                   4       0         0      
       stkdepth_vars.obj              0       0         4      
       mpu_init.obj                   2       0         0      
       startup.obj                    2       0         0      
    +--+------------------------------+-------+---------+---------+
       Total:                         9536    409       40     
                                                               
       Heap:                          0       0         512    
       Stack:                         0       0         512    
       Linker Generated:              0       118       0      
    +--+------------------------------+-------+---------+---------+
       Grand Total:                   17578   2029      1842   


LINKER GENERATED COPY TABLES

__TI_cinit_table @ 00004c98 records: 3, size/record: 8, table size: 24
	.data: load addr=00004c38, load size=00000042 bytes, run addr=200006e0, run size=00000058 bytes, compression=lzss
	.bss: load addr=00004c88, load size=00000008 bytes, run addr=20000670, run size=0000006e bytes, compression=zero_init
	.vtable: load addr=00004c90, load size=00000008 bytes, run addr=20000000, run size=0000026c bytes, compression=zero_init


LINKER GENERATED HANDLER TABLE

__TI_handler_table @ 00004c7c records: 3, size/record: 4, table size: 12
	index: 0, handler: __TI_zero_init
	index: 1, handler: __TI_decompress_lzss
	index: 2, handler: __TI_decompress_none


GLOBAL SYMBOLS: SORTED ALPHABETICALLY BY Name 

address   name                           
-------   ----                           
000046cd  ADCIntClear                    
00004395  ADCIntStatus                   
000044b5  ADCProcessorTrigger            
000040ad  ADCSequenceConfigure           
0000445d  ADCSequenceDataGet             
00004621  ADCSequenceDisable             
0000462f  ADCSequenceEnable              
00003bf9  ADCSequenceStepConfigure       
00004005  C$$EXIT                        
00004691  CPUcpsid                       
0000469d  CPUcpsie                       
000045e1  FPUEnable                      
000045f1  FPULazyStackingEnable          
000043f1  GPIODirModeSet                 
000046fb  GPIOIntClear                   
0000463d  GPIOIntDisable                 
000046a9  GPIOIntEnable                  
000044cd  GPIOIntRegister                
00003f59  GPIOIntTypeSet                 
00003523  GPIOPadConfigSet               
00004195  GPIOPinConfigure               
00004701  GPIOPinRead                    
000045a9  GPIOPinTypeADC                 
000045bb  GPIOPinTypeGPIOInput           
000044e5  GPIOPinTypeGPIOOutput          
000045cd  GPIOPinTypeUART                
00004707  GPIOPinWrite                   
00003d5d  IntDisable                     
00003dc5  IntEnable                      
00004601  IntMasterDisable               
00004611  IntMasterEnable                
0000432d  IntRegister                    
000046c1  ResetISR                       
UNDEFED   SHT$$INIT_ARRAY$$Base          
UNDEFED   SHT$$INIT_ARRAY$$Limit         
00003655  SysCtlClockGet                 
0000395d  SysCtlClockSet                 
0000470d  SysCtlDelay                    
00004361  SysCtlPeripheralEnable         
000042f5  SysCtlPeripheralReady          
000046eb  UARTBusy                       
0000464b  UARTCharGetNonBlocking         
00004659  UARTCharPutNonBlocking         
00004667  UARTCharsAvail                 
00004225  UARTConfigSetExpClk            
0000441d  UARTDisable                    
00004543  UARTEnable                     
00004713  UARTFIFOLevelSet               
00004719  UARTIntClear                   
000046d7  UARTIntDisable                 
000046f3  UARTIntEnable                  
000046e1  UARTIntStatus                  
00004675  UARTSpaceAvail                 
2000046c  __STACK_END                    
00000200  __STACK_SIZE                   
2000046c  __STACK_TOP                    
00000200  __SYSMEM_SIZE                  
00004c98  __TI_CINIT_Base                
00004cb0  __TI_CINIT_Limit               
00004c7c  __TI_Handler_Table_Base        
00004c88  __TI_Handler_Table_Limit       
00003ced  __TI_auto_init                 
20000710  __TI_cleanup_ptr               
00003e2d  __TI_decompress_lzss           
00004683  __TI_decompress_none           
20000714  __TI_dtors_ptr                 
20000718  __TI_enable_exit_profile_output
ffffffff  __TI_pprof_out_hndl            
00000ab1  __TI_printfi                   
ffffffff  __TI_prof_data_size            
ffffffff  __TI_prof_data_start           
00000000  __TI_static_base__             
000046b5  __TI_zero_init                 
00003aed  __aeabi_cdcmpeq                
00003aed  __aeabi_cdcmple                
00003b73  __aeabi_cdrcmple               
000041dd  __aeabi_d2iz                   
000042b1  __aeabi_d2uiz                  
000030bb  __aeabi_dadd                   
000033ed  __aeabi_ddiv                   
00003765  __aeabi_dmul                   
000030b1  __aeabi_dsub                   
000043c3  __aeabi_i2d                    
00003c73  __aeabi_memclr                 
00003c73  __aeabi_memclr4                
00003c73  __aeabi_memclr8                
00003a51  __aeabi_memcpy                 
00003a51  __aeabi_memcpy4                
00003a51  __aeabi_memcpy8                
00003c75  __aeabi_memset                 
00003c75  __aeabi_memset4                
00003c75  __aeabi_memset8                
0000443d  __aeabi_ui2d                   
00002ebd  __aeabi_uldivmod               
ffffffff  __binit__                      
ffffffff  __c_args__                     
000013ab  __mpu_init                     
2000026c  __stack                        
000044fd  _args_main                     
00003fb1  _c_int00                       
00004720  _ctypes_                       
20000728  _lock                          
00004567  _nop                           
0000455f  _register_lock                 
00004559  _register_unlock               
20000470  _sys_memory                    
00003267  _system_post_cinit             
0000471d  _system_pre_init               
2000072c  _unlock                        
00004009  abort                          
000040fd  atoi                           
00002257  available                      
200006a0  b                              
ffffffff  binit                          
00002095  calloc                         
0000191f  changePW                       
00001823  changeRPM                      
00002d85  clearLCD                       
00001a21  companyInfo                    
00004149  copy_in                        
0000456d  copysign                       
0000456d  copysignl                      
00002e21  createChar                     
00002dcd  cursorOffLCD                   
00002dc1  cursorOnLCD                    
00004bc4  customChar                     
000013c5  delay_ms                       
000013ad  delay_us                       
00002dd9  displayOffLCD                  
00002de5  displayOnLCD                   
000027b5  dtostrf                        
00002233  end                            
20000730  errno                          
00004011  exit                           
000022f5  flush                          
0000217b  flushAll                       
00001ddf  free                           
00003e95  frexp                          
00003e95  frexpl                         
20000000  g_pfnRAMVectors                
00000000  g_pfnVectors                   
00002485  getKeypad                      
00002d97  homeLCD                        
00002381  initBluetooth                  
0000273f  initKeypad                     
00002e4d  initLCD                        
0000336b  initMotor                      
00002a09  initSensor                     
200006c8  k                              
200006e0  keymap                         
00003861  ldexp                          
00003861  ldexpl                         
000019f7  lockDevice                     
00004059  ltoa                           
20000670  m                              
00001b7b  main                           
20000734  main_func_sp                   
00001d75  malloc                         
00001fa9  memalign                       
00004499  memccpy                        
00003a51  memcpy                         
00003c7b  memset                         
00001481  menu                           
00001cf5  minit                          
0000151d  motorControl                   
00003269  motorRPM                       
000015d1  newPosition                    
000013df  password                       
00002281  peek                           
000021ad  primeTransmit                  
00002e0f  printCharLCD                   
00002df1  printLCD                       
00002c95  pulseLCD                       
000022b3  read                           
0000249b  readKeypad                     
000027ef  readSensor                     
00001e9f  realloc                        
000020c5  receiveBluetooth               
0000171b  rotateManually                 
000032e7  runMotor                       
00003861  scalbn                         
00003861  scalbnl                        
00002cdf  sendByte                       
00002da9  setBlockCursorLCD              
00002213  setBufferSize                  
00002cb7  setCmd                         
00002d1d  setCursorPositionLCD           
00002ccb  setData                        
00002db5  setLineCursorLCD               
200006d8  solar                          
00003ef9  sprintf                        
0000329b  stepMotor                      
0000447b  strcat                         
0000452d  strchr                         
00004515  strcmp                         
00004581  strcpy                         
00004595  strlen                         
00002a59  strtod                         
00002a59  strtold                        
00001b09  teamRole                       
0000230f  write                          


GLOBAL SYMBOLS: SORTED BY Symbol Address 

address   name                           
-------   ----                           
00000000  __TI_static_base__             
00000000  g_pfnVectors                   
00000200  __STACK_SIZE                   
00000200  __SYSMEM_SIZE                  
00000ab1  __TI_printfi                   
000013ab  __mpu_init                     
000013ad  delay_us                       
000013c5  delay_ms                       
000013df  password                       
00001481  menu                           
0000151d  motorControl                   
000015d1  newPosition                    
0000171b  rotateManually                 
00001823  changeRPM                      
0000191f  changePW                       
000019f7  lockDevice                     
00001a21  companyInfo                    
00001b09  teamRole                       
00001b7b  main                           
00001cf5  minit                          
00001d75  malloc                         
00001ddf  free                           
00001e9f  realloc                        
00001fa9  memalign                       
00002095  calloc                         
000020c5  receiveBluetooth               
0000217b  flushAll                       
000021ad  primeTransmit                  
00002213  setBufferSize                  
00002233  end                            
00002257  available                      
00002281  peek                           
000022b3  read                           
000022f5  flush                          
0000230f  write                          
00002381  initBluetooth                  
00002485  getKeypad                      
0000249b  readKeypad                     
0000273f  initKeypad                     
000027b5  dtostrf                        
000027ef  readSensor                     
00002a09  initSensor                     
00002a59  strtod                         
00002a59  strtold                        
00002c95  pulseLCD                       
00002cb7  setCmd                         
00002ccb  setData                        
00002cdf  sendByte                       
00002d1d  setCursorPositionLCD           
00002d85  clearLCD                       
00002d97  homeLCD                        
00002da9  setBlockCursorLCD              
00002db5  setLineCursorLCD               
00002dc1  cursorOnLCD                    
00002dcd  cursorOffLCD                   
00002dd9  displayOffLCD                  
00002de5  displayOnLCD                   
00002df1  printLCD                       
00002e0f  printCharLCD                   
00002e21  createChar                     
00002e4d  initLCD                        
00002ebd  __aeabi_uldivmod               
000030b1  __aeabi_dsub                   
000030bb  __aeabi_dadd                   
00003267  _system_post_cinit             
00003269  motorRPM                       
0000329b  stepMotor                      
000032e7  runMotor                       
0000336b  initMotor                      
000033ed  __aeabi_ddiv                   
00003523  GPIOPadConfigSet               
00003655  SysCtlClockGet                 
00003765  __aeabi_dmul                   
00003861  ldexp                          
00003861  ldexpl                         
00003861  scalbn                         
00003861  scalbnl                        
0000395d  SysCtlClockSet                 
00003a51  __aeabi_memcpy                 
00003a51  __aeabi_memcpy4                
00003a51  __aeabi_memcpy8                
00003a51  memcpy                         
00003aed  __aeabi_cdcmpeq                
00003aed  __aeabi_cdcmple                
00003b73  __aeabi_cdrcmple               
00003bf9  ADCSequenceStepConfigure       
00003c73  __aeabi_memclr                 
00003c73  __aeabi_memclr4                
00003c73  __aeabi_memclr8                
00003c75  __aeabi_memset                 
00003c75  __aeabi_memset4                
00003c75  __aeabi_memset8                
00003c7b  memset                         
00003ced  __TI_auto_init                 
00003d5d  IntDisable                     
00003dc5  IntEnable                      
00003e2d  __TI_decompress_lzss           
00003e95  frexp                          
00003e95  frexpl                         
00003ef9  sprintf                        
00003f59  GPIOIntTypeSet                 
00003fb1  _c_int00                       
00004005  C$$EXIT                        
00004009  abort                          
00004011  exit                           
00004059  ltoa                           
000040ad  ADCSequenceConfigure           
000040fd  atoi                           
00004149  copy_in                        
00004195  GPIOPinConfigure               
000041dd  __aeabi_d2iz                   
00004225  UARTConfigSetExpClk            
000042b1  __aeabi_d2uiz                  
000042f5  SysCtlPeripheralReady          
0000432d  IntRegister                    
00004361  SysCtlPeripheralEnable         
00004395  ADCIntStatus                   
000043c3  __aeabi_i2d                    
000043f1  GPIODirModeSet                 
0000441d  UARTDisable                    
0000443d  __aeabi_ui2d                   
0000445d  ADCSequenceDataGet             
0000447b  strcat                         
00004499  memccpy                        
000044b5  ADCProcessorTrigger            
000044cd  GPIOIntRegister                
000044e5  GPIOPinTypeGPIOOutput          
000044fd  _args_main                     
00004515  strcmp                         
0000452d  strchr                         
00004543  UARTEnable                     
00004559  _register_unlock               
0000455f  _register_lock                 
00004567  _nop                           
0000456d  copysign                       
0000456d  copysignl                      
00004581  strcpy                         
00004595  strlen                         
000045a9  GPIOPinTypeADC                 
000045bb  GPIOPinTypeGPIOInput           
000045cd  GPIOPinTypeUART                
000045e1  FPUEnable                      
000045f1  FPULazyStackingEnable          
00004601  IntMasterDisable               
00004611  IntMasterEnable                
00004621  ADCSequenceDisable             
0000462f  ADCSequenceEnable              
0000463d  GPIOIntDisable                 
0000464b  UARTCharGetNonBlocking         
00004659  UARTCharPutNonBlocking         
00004667  UARTCharsAvail                 
00004675  UARTSpaceAvail                 
00004683  __TI_decompress_none           
00004691  CPUcpsid                       
0000469d  CPUcpsie                       
000046a9  GPIOIntEnable                  
000046b5  __TI_zero_init                 
000046c1  ResetISR                       
000046cd  ADCIntClear                    
000046d7  UARTIntDisable                 
000046e1  UARTIntStatus                  
000046eb  UARTBusy                       
000046f3  UARTIntEnable                  
000046fb  GPIOIntClear                   
00004701  GPIOPinRead                    
00004707  GPIOPinWrite                   
0000470d  SysCtlDelay                    
00004713  UARTFIFOLevelSet               
00004719  UARTIntClear                   
0000471d  _system_pre_init               
00004720  _ctypes_                       
00004bc4  customChar                     
00004c7c  __TI_Handler_Table_Base        
00004c88  __TI_Handler_Table_Limit       
00004c98  __TI_CINIT_Base                
00004cb0  __TI_CINIT_Limit               
20000000  g_pfnRAMVectors                
2000026c  __stack                        
2000046c  __STACK_END                    
2000046c  __STACK_TOP                    
20000470  _sys_memory                    
20000670  m                              
200006a0  b                              
200006c8  k                              
200006d8  solar                          
200006e0  keymap                         
20000710  __TI_cleanup_ptr               
20000714  __TI_dtors_ptr                 
20000718  __TI_enable_exit_profile_output
20000728  _lock                          
2000072c  _unlock                        
20000730  errno                          
20000734  main_func_sp                   
ffffffff  __TI_pprof_out_hndl            
ffffffff  __TI_prof_data_size            
ffffffff  __TI_prof_data_start           
ffffffff  __binit__                      
ffffffff  __c_args__                     
ffffffff  binit                          
UNDEFED   SHT$$INIT_ARRAY$$Base          
UNDEFED   SHT$$INIT_ARRAY$$Limit         

[201 symbols]
