******************************************************************************
                  TI ARM Linker PC v16.9.7                     
******************************************************************************
>> Linked Tue Apr 17 23:52:40 2018

OUTPUT FILE NAME:   <Solarco.out>
ENTRY POINT SYMBOL: "_c_int00"  address: 00002465


MEMORY CONFIGURATION

         name            origin    length      used     unused   attr    fill
----------------------  --------  ---------  --------  --------  ----  --------
  FLASH                 00000000   00040000  00003176  0003ce8a  R  X
  SRAM                  20000000   00008000  00000702  000078fe  RW X


SEGMENT ALLOCATION MAP

run origin  load origin   length   init length attrs members
----------  ----------- ---------- ----------- ----- -------
00000000    00000000    00003180   00003180    r-x
  00000000    00000000    0000026c   0000026c    r-- .intvecs
  0000026c    0000026c    00002908   00002908    r-x .text
  00002b78    00002b78    00000592   00000592    r-- .const
  00003110    00003110    00000070   00000070    r-- .cinit
20000000    20000000    0000070a   00000000    rw-
  20000000    20000000    0000026c   00000000    rw- .vtable
  2000026c    2000026c    00000200   00000000    rw- .stack
  20000470    20000470    00000200   00000000    rw- .sysmem
  20000670    20000670    0000004c   00000000    rw- .data
  200006c0    200006c0    0000004a   00000000    rw- .bss


SECTION ALLOCATION MAP

 output                                  attributes/
section   page    origin      length       input sections
--------  ----  ----------  ----------   ----------------
.intvecs   0    00000000    0000026c     
                  00000000    0000026c     tm4c123gh6pm_startup_ccs.obj (.intvecs)

.text      0    0000026c    00002908     
                  0000026c    000009d0     main.obj (.text)
                  00000c3c    00000330     keypad.obj (.text)
                  00000f6c    00000298     sensor.obj (.text)
                  00001204    0000023c     rtsv7M4_T_le_v4SPD16_eabi.lib : strtod.obj (.text)
                  00001440    00000228     display.obj (.text)
                  00001668    000001b6     rtsv7M4_T_le_v4SPD16_eabi.lib : fd_add_t2.obj (.text)
                  0000181e    00000002                                   : mpu_init.obj (.text)
                  00001820    00000188     motor.obj (.text)
                  000019a8    0000013c     UART.obj (.text)
                  00001ae4    00000136     rtsv7M4_T_le_v4SPD16_eabi.lib : fd_div_t2.obj (.text)
                  00001c1a    00000132     driverlib.lib : gpio.obj (.text:GPIOPadConfigSet)
                  00001d4c    00000110                   : sysctl.obj (.text:SysCtlClockGet)
                  00001e5c    000000fc     rtsv7M4_T_le_v4SPD16_eabi.lib : fd_mul_t2.obj (.text)
                  00001f58    000000f4     driverlib.lib : sysctl.obj (.text:SysCtlClockSet)
                  0000204c    0000009c     rtsv7M4_T_le_v4SPD16_eabi.lib : memcpy_t2.obj (.text)
                  000020e8    00000086                                   : fd_cmp_t2.obj (.text:__aeabi_cdcmple)
                  0000216e    0000007a     driverlib.lib : adc.obj (.text:ADCSequenceStepConfigure)
                  000021e8    0000007a     rtsv7M4_T_le_v4SPD16_eabi.lib : memset_t2.obj (.text)
                  00002262    00000002                                   : startup.obj (.text)
                  00002264    00000070                                   : autoinit.obj (.text)
                  000022d4    00000068     driverlib.lib : interrupt.obj (.text:IntDisable)
                  0000233c    00000068                   : interrupt.obj (.text:IntEnable)
                  000023a4    00000068     rtsv7M4_T_le_v4SPD16_eabi.lib : copy_decompress_lzss.obj (.text:decompress:lzss)
                  0000240c    00000056     driverlib.lib : gpio.obj (.text:GPIOIntTypeSet)
                  00002462    00000002     --HOLE-- [fill = 0]
                  00002464    00000054     rtsv7M4_T_le_v4SPD16_eabi.lib : boot.obj (.text)
                  000024b8    00000054                                   : exit.obj (.text)
                  0000250c    00000050     driverlib.lib : adc.obj (.text:ADCSequenceConfigure)
                  0000255c    0000004c     rtsv7M4_T_le_v4SPD16_eabi.lib : atoi.obj (.text)
                  000025a8    0000004c                                   : cpy_tbl.obj (.text)
                  000025f4    00000048     driverlib.lib : gpio.obj (.text:GPIOPinConfigure)
                  0000263c    00000048     rtsv7M4_T_le_v4SPD16_eabi.lib : fd_toi_t2.obj (.text)
                  00002684    00000046     driverlib.lib : uart.obj (.text:UARTConfigSetExpClk)
                  000026ca    00000002     --HOLE-- [fill = 0]
                  000026cc    00000044                   : gpio.obj (.text:_GPIOIntNumberGet)
                  00002710    00000044     rtsv7M4_T_le_v4SPD16_eabi.lib : fd_tou_t2.obj (.text)
                  00002754    00000040     driverlib.lib : uart.obj (.text:_UARTIntNumberGet)
                  00002794    00000038                   : sysctl.obj (.text:SysCtlPeripheralReady)
                  000027cc    00000034                   : interrupt.obj (.text:IntRegister)
                  00002800    00000034                   : sysctl.obj (.text:SysCtlPeripheralEnable)
                  00002834    0000002e                   : adc.obj (.text:ADCIntStatus)
                  00002862    0000002e     rtsv7M4_T_le_v4SPD16_eabi.lib : i_tofd_t2.obj (.text)
                  00002890    0000002a     driverlib.lib : gpio.obj (.text:GPIODirModeSet)
                  000028ba    00000002     --HOLE-- [fill = 0]
                  000028bc    00000020                   : uart.obj (.text:UARTDisable)
                  000028dc    00000020     rtsv7M4_T_le_v4SPD16_eabi.lib : u_tofd_t2.obj (.text)
                  000028fc    0000001e     driverlib.lib : adc.obj (.text:ADCSequenceDataGet)
                  0000291a    0000001e     rtsv7M4_T_le_v4SPD16_eabi.lib : strcat.obj (.text)
                  00002938    00000018     driverlib.lib : adc.obj (.text:ADCProcessorTrigger)
                  00002950    00000018                   : gpio.obj (.text:GPIOIntRegister)
                  00002968    00000018                   : gpio.obj (.text:GPIOPinTypeGPIOOutput)
                  00002980    00000018                   : uart.obj (.text:UARTIntRegister)
                  00002998    00000018     rtsv7M4_T_le_v4SPD16_eabi.lib : args_main.obj (.text)
                  000029b0    00000018                                   : strcmp.obj (.text)
                  000029c8    00000014     driverlib.lib : uart.obj (.text:UARTEnable)
                  000029dc    00000014     rtsv7M4_T_le_v4SPD16_eabi.lib : _lock.obj (.text)
                  000029f0    00000014                                   : strcpy.obj (.text)
                  00002a04    00000014                                   : strlen.obj (.text)
                  00002a18    00000012     driverlib.lib : gpio.obj (.text:GPIOPinTypeADC)
                  00002a2a    00000012                   : gpio.obj (.text:GPIOPinTypeGPIOInput)
                  00002a3c    00000012                   : gpio.obj (.text:GPIOPinTypeUART)
                  00002a4e    00000002     --HOLE-- [fill = 0]
                  00002a50    00000010                   : fpu.obj (.text:FPUEnable)
                  00002a60    00000010                   : fpu.obj (.text:FPULazyStackingEnable)
                  00002a70    00000010                   : interrupt.obj (.text:IntMasterDisable)
                  00002a80    00000010                   : interrupt.obj (.text:IntMasterEnable)
                  00002a90    0000000e                   : adc.obj (.text:ADCSequenceDisable)
                  00002a9e    0000000e                   : adc.obj (.text:ADCSequenceEnable)
                  00002aac    0000000e                   : gpio.obj (.text:GPIOIntDisable)
                  00002aba    0000000e                   : uart.obj (.text:UARTCharGetNonBlocking)
                  00002ac8    0000000e                   : uart.obj (.text:UARTCharPutNonBlocking)
                  00002ad6    0000000e                   : uart.obj (.text:UARTCharsAvail)
                  00002ae4    0000000e     rtsv7M4_T_le_v4SPD16_eabi.lib : copy_decompress_none.obj (.text:decompress:none)
                  00002af2    0000000c     driverlib.lib : cpu.obj (.text:CPUcpsid)
                  00002afe    0000000c                   : cpu.obj (.text:CPUcpsie)
                  00002b0a    0000000c                   : gpio.obj (.text:GPIOIntEnable)
                  00002b16    0000000c     rtsv7M4_T_le_v4SPD16_eabi.lib : copy_zero_init.obj (.text:decompress:ZI)
                  00002b22    0000000c     tm4c123gh6pm_startup_ccs.obj (.text)
                  00002b2e    0000000a     driverlib.lib : adc.obj (.text:ADCIntClear)
                  00002b38    0000000a                   : uart.obj (.text:UARTIntDisable)
                  00002b42    0000000a                   : uart.obj (.text:UARTIntStatus)
                  00002b4c    00000008                   : uart.obj (.text:UARTIntEnable)
                  00002b54    00000006                   : gpio.obj (.text:GPIOIntClear)
                  00002b5a    00000006                   : gpio.obj (.text:GPIOPinRead)
                  00002b60    00000006                   : gpio.obj (.text:GPIOPinWrite)
                  00002b66    00000006                   : sysctl.obj (.text:SysCtlDelay)
                  00002b6c    00000004                   : uart.obj (.text:UARTIntClear)
                  00002b70    00000004     rtsv7M4_T_le_v4SPD16_eabi.lib : pre_init.obj (.text)

.const     0    00002b78    00000592     
                  00002b78    00000101     rtsv7M4_T_le_v4SPD16_eabi.lib : ctype.obj (.const:.string:_ctypes_)
                  00002c79    00000003     --HOLE-- [fill = 0]
                  00002c7c    000000d8     driverlib.lib : gpio.obj (.const:g_ppui32GPIOIntMapSnowflake)
                  00002d54    000000c0                   : gpio.obj (.const:g_ppui32GPIOIntMapBlizzard)
                  00002e14    00000004     --HOLE-- [fill = 0]
                  00002e18    00000098     rtsv7M4_T_le_v4SPD16_eabi.lib : strtod.obj (.const:$O1$$)
                  00002eb0    00000090     driverlib.lib : gpio.obj (.const:g_pui32GPIOBaseAddrs)
                  00002f40    00000070                   : interrupt.obj (.const)
                  00002fb0    0000006c                   : sysctl.obj (.const:g_pui32Xtals)
                  0000301c    00000040     display.obj (.const:.string:customChar)
                  0000305c    00000040     driverlib.lib : uart.obj (.const:g_ppui32UARTIntMap)
                  0000309c    00000040                   : uart.obj (.const:g_ppui32UARTIntMapSnowflake)
                  000030dc    0000002e     keypad.obj (.const:.string)

.cinit     0    00003110    00000070     
                  00003110    00000039     (.cinit..data.load) [load image, compression = lzss]
                  00003149    00000003     --HOLE-- [fill = 0]
                  0000314c    0000000c     (__TI_handler_table)
                  00003158    00000008     (.cinit..bss.load) [load image, compression = zero_init]
                  00003160    00000008     (.cinit..vtable.load) [load image, compression = zero_init]
                  00003168    00000018     (__TI_cinit_table)

.init_array 
*          0    00000000    00000000     UNINITIALIZED

.vtable    0    20000000    0000026c     UNINITIALIZED
                  20000000    0000026c     driverlib.lib : interrupt.obj (.vtable)

.stack     0    2000026c    00000200     UNINITIALIZED
                  2000026c    00000200     --HOLE--

.sysmem    0    20000470    00000200     UNINITIALIZED
                  20000470    00000008     rtsv7M4_T_le_v4SPD16_eabi.lib : memory.obj (.sysmem)
                  20000478    000001f8     --HOLE--

.data      0    20000670    0000004c     UNINITIALIZED
                  20000670    00000030     keypad.obj (.data:keymap)
                  200006a0    0000000c     rtsv7M4_T_le_v4SPD16_eabi.lib : exit.obj (.data:$O1$$)
                  200006ac    00000008                                   : _lock.obj (.data:$O1$$)
                  200006b4    00000004                                   : errno.obj (.data)
                  200006b8    00000004                                   : stkdepth_vars.obj (.data)

.bss       0    200006c0    0000004a     UNINITIALIZED
                  200006c0    00000030     (.common:m)
                  200006f0    00000010     (.common:k)
                  20000700    00000006     (.common:solar)
                  20000706    00000004     (.common:u)

MODULE SUMMARY

       Module                         code    ro data   rw data
       ------                         ----    -------   -------
    .\
       main.obj                       2512    0         0      
       keypad.obj                     816     46        48     
       sensor.obj                     664     0         0      
       tm4c123gh6pm_startup_ccs.obj   12      620       0      
       display.obj                    552     64        0      
       motor.obj                      392     0         0      
       UART.obj                       316     0         74     
    +--+------------------------------+-------+---------+---------+
       Total:                         5264    730       122    
                                                               
    C:/Program Files (x86)/TI/TivaWare/driverlib/ccs/Debug/driverlib.lib
       gpio.obj                       720     552       0      
       interrupt.obj                  292     112       620    
       sysctl.obj                     630     108       0      
       uart.obj                       284     128       0      
       adc.obj                        340     0         0      
       fpu.obj                        32      0         0      
       cpu.obj                        24      0         0      
    +--+------------------------------+-------+---------+---------+
       Total:                         2322    900       620    
                                                               
    C:\Program Files (x86)\TI\ccsv7\tools\compiler\ti-cgt-arm_16.9.7.LTS\lib\rtsv7M4_T_le_v4SPD16_eabi.lib
       strtod.obj                     572     152       0      
       fd_add_t2.obj                  438     0         0      
       fd_div_t2.obj                  310     0         0      
       ctype.obj                      0       257       0      
       fd_mul_t2.obj                  252     0         0      
       memcpy_t2.obj                  156     0         0      
       fd_cmp_t2.obj                  134     0         0      
       memset_t2.obj                  122     0         0      
       autoinit.obj                   112     0         0      
       copy_decompress_lzss.obj       104     0         0      
       exit.obj                       84      0         12     
       boot.obj                       84      0         0      
       atoi.obj                       76      0         0      
       cpy_tbl.obj                    76      0         0      
       fd_toi_t2.obj                  72      0         0      
       fd_tou_t2.obj                  68      0         0      
       i_tofd_t2.obj                  46      0         0      
       u_tofd_t2.obj                  32      0         0      
       strcat.obj                     30      0         0      
       _lock.obj                      20      0         8      
       args_main.obj                  24      0         0      
       strcmp.obj                     24      0         0      
       strcpy.obj                     20      0         0      
       strlen.obj                     20      0         0      
       copy_decompress_none.obj       14      0         0      
       copy_zero_init.obj             12      0         0      
       errno.obj                      0       0         4      
       pre_init.obj                   4       0         0      
       stkdepth_vars.obj              0       0         4      
       mpu_init.obj                   2       0         0      
       startup.obj                    2       0         0      
    +--+------------------------------+-------+---------+---------+
       Total:                         2910    409       28     
                                                               
       Heap:                          0       0         512    
       Stack:                         0       0         512    
       Linker Generated:              0       109       0      
    +--+------------------------------+-------+---------+---------+
       Grand Total:                   10496   2148      1794   


LINKER GENERATED COPY TABLES

__TI_cinit_table @ 00003168 records: 3, size/record: 8, table size: 24
	.data: load addr=00003110, load size=00000039 bytes, run addr=20000670, run size=0000004c bytes, compression=lzss
	.bss: load addr=00003158, load size=00000008 bytes, run addr=200006c0, run size=0000004a bytes, compression=zero_init
	.vtable: load addr=00003160, load size=00000008 bytes, run addr=20000000, run size=0000026c bytes, compression=zero_init


LINKER GENERATED HANDLER TABLE

__TI_handler_table @ 0000314c records: 3, size/record: 4, table size: 12
	index: 0, handler: __TI_zero_init
	index: 1, handler: __TI_decompress_lzss
	index: 2, handler: __TI_decompress_none


GLOBAL SYMBOLS: SORTED ALPHABETICALLY BY Name 

address   name                           
-------   ----                           
00002b2f  ADCIntClear                    
00002835  ADCIntStatus                   
00002939  ADCProcessorTrigger            
0000250d  ADCSequenceConfigure           
000028fd  ADCSequenceDataGet             
00002a91  ADCSequenceDisable             
00002a9f  ADCSequenceEnable              
0000216f  ADCSequenceStepConfigure       
000024b9  C$$EXIT                        
00002af3  CPUcpsid                       
00002aff  CPUcpsie                       
00002a51  FPUEnable                      
00002a61  FPULazyStackingEnable          
00002891  GPIODirModeSet                 
00002b55  GPIOIntClear                   
00002aad  GPIOIntDisable                 
00002b0b  GPIOIntEnable                  
00002951  GPIOIntRegister                
0000240d  GPIOIntTypeSet                 
00001c1b  GPIOPadConfigSet               
000025f5  GPIOPinConfigure               
00002b5b  GPIOPinRead                    
00002a19  GPIOPinTypeADC                 
00002a2b  GPIOPinTypeGPIOInput           
00002969  GPIOPinTypeGPIOOutput          
00002a3d  GPIOPinTypeUART                
00002b61  GPIOPinWrite                   
000022d5  IntDisable                     
0000233d  IntEnable                      
00002a71  IntMasterDisable               
00002a81  IntMasterEnable                
000027cd  IntRegister                    
00002b23  ResetISR                       
UNDEFED   SHT$$INIT_ARRAY$$Base          
UNDEFED   SHT$$INIT_ARRAY$$Limit         
00001d4d  SysCtlClockGet                 
00001f59  SysCtlClockSet                 
00002b67  SysCtlDelay                    
00002801  SysCtlPeripheralEnable         
00002795  SysCtlPeripheralReady          
000019d9  UART1receive                   
00001a27  UART1send                      
00002abb  UARTCharGetNonBlocking         
00002ac9  UARTCharPutNonBlocking         
00002ad7  UARTCharsAvail                 
00002685  UARTConfigSetExpClk            
000028bd  UARTDisable                    
000029c9  UARTEnable                     
00002b6d  UARTIntClear                   
00002b39  UARTIntDisable                 
00002b4d  UARTIntEnable                  
00002981  UARTIntRegister                
00002b43  UARTIntStatus                  
2000046c  __STACK_END                    
00000200  __STACK_SIZE                   
2000046c  __STACK_TOP                    
00000200  __SYSMEM_SIZE                  
00003168  __TI_CINIT_Base                
00003180  __TI_CINIT_Limit               
0000314c  __TI_Handler_Table_Base        
00003158  __TI_Handler_Table_Limit       
00002265  __TI_auto_init                 
200006a0  __TI_cleanup_ptr               
000023a5  __TI_decompress_lzss           
00002ae5  __TI_decompress_none           
200006a4  __TI_dtors_ptr                 
200006a8  __TI_enable_exit_profile_output
ffffffff  __TI_pprof_out_hndl            
ffffffff  __TI_prof_data_size            
ffffffff  __TI_prof_data_start           
00000000  __TI_static_base__             
00002b17  __TI_zero_init                 
000020e9  __aeabi_cdcmpeq                
000020e9  __aeabi_cdcmple                
0000263d  __aeabi_d2iz                   
00002711  __aeabi_d2uiz                  
00001673  __aeabi_dadd                   
00001ae5  __aeabi_ddiv                   
00001e5d  __aeabi_dmul                   
00001669  __aeabi_dsub                   
00002863  __aeabi_i2d                    
000021e9  __aeabi_memclr                 
000021e9  __aeabi_memclr4                
000021e9  __aeabi_memclr8                
0000204d  __aeabi_memcpy                 
0000204d  __aeabi_memcpy4                
0000204d  __aeabi_memcpy8                
000021eb  __aeabi_memset                 
000021eb  __aeabi_memset4                
000021eb  __aeabi_memset8                
000028dd  __aeabi_ui2d                   
ffffffff  __binit__                      
ffffffff  __c_args__                     
0000181f  __mpu_init                     
2000026c  __stack                        
00002999  _args_main                     
00002465  _c_int00                       
00002b78  _ctypes_                       
200006ac  _lock                          
000029eb  _nop                           
000029e3  _register_lock                 
000029dd  _register_unlock               
20000470  _sys_memory                    
00002263  _system_post_cinit             
00002b71  _system_pre_init               
200006b0  _unlock                        
000024bd  abort                          
0000255d  atoi                           
ffffffff  binit                          
000019a9  blueMotor                      
00000837  changePW                       
00000749  changeRPM                      
00001531  clearLCD                       
0000093d  companyInfo                    
000025a9  copy_in                        
000015cd  createChar                     
00001579  cursorOffLCD                   
0000156d  cursorOnLCD                    
0000301c  customChar                     
00000285  delay_ms                       
0000026d  delay_us                       
00001a45  disableUART1                   
00001585  displayOffLCD                  
00001591  displayOnLCD                   
00001a5d  enableUART1                    
200006b4  errno                          
000024c5  exit                           
20000000  g_pfnRAMVectors                
00000000  g_pfnVectors                   
00000c3d  getKeypad                      
00001543  homeLCD                        
00000ef7  initKeypad                     
000015f9  initLCD                        
00001933  initMotor                      
000011c1  initSensor                     
00001a75  initUART1                      
200006f0  k                              
20000670  keymap                         
00000917  lockDevice                     
200006c0  m                              
00000ab5  main                           
200006b8  main_func_sp                   
0000204d  memcpy                         
000021f1  memset                         
00000343  menu                           
000003ed  motorControl                   
00001821  motorRPM                       
000004bd  newPosition                    
0000029f  password                       
000015bb  printCharLCD                   
0000159d  printLCD                       
00001441  pulseLCD                       
00000c53  readKeypad                     
00000f6d  readSensor                     
0000060f  rotateManually                 
000018a7  runMotor                       
0000148b  sendByte                       
00001555  setBlockCursorLCD              
00001463  setCmd                         
000014c9  setCursorPositionLCD           
00001477  setData                        
00001561  setLineCursorLCD               
20000700  solar                          
0000185b  stepMotor                      
0000291b  strcat                         
000029b1  strcmp                         
000029f1  strcpy                         
00002a05  strlen                         
00001205  strtod                         
00001205  strtold                        
00000a29  teamRole                       
20000706  u                              


GLOBAL SYMBOLS: SORTED BY Symbol Address 

address   name                           
-------   ----                           
00000000  __TI_static_base__             
00000000  g_pfnVectors                   
00000200  __STACK_SIZE                   
00000200  __SYSMEM_SIZE                  
0000026d  delay_us                       
00000285  delay_ms                       
0000029f  password                       
00000343  menu                           
000003ed  motorControl                   
000004bd  newPosition                    
0000060f  rotateManually                 
00000749  changeRPM                      
00000837  changePW                       
00000917  lockDevice                     
0000093d  companyInfo                    
00000a29  teamRole                       
00000ab5  main                           
00000c3d  getKeypad                      
00000c53  readKeypad                     
00000ef7  initKeypad                     
00000f6d  readSensor                     
000011c1  initSensor                     
00001205  strtod                         
00001205  strtold                        
00001441  pulseLCD                       
00001463  setCmd                         
00001477  setData                        
0000148b  sendByte                       
000014c9  setCursorPositionLCD           
00001531  clearLCD                       
00001543  homeLCD                        
00001555  setBlockCursorLCD              
00001561  setLineCursorLCD               
0000156d  cursorOnLCD                    
00001579  cursorOffLCD                   
00001585  displayOffLCD                  
00001591  displayOnLCD                   
0000159d  printLCD                       
000015bb  printCharLCD                   
000015cd  createChar                     
000015f9  initLCD                        
00001669  __aeabi_dsub                   
00001673  __aeabi_dadd                   
0000181f  __mpu_init                     
00001821  motorRPM                       
0000185b  stepMotor                      
000018a7  runMotor                       
00001933  initMotor                      
000019a9  blueMotor                      
000019d9  UART1receive                   
00001a27  UART1send                      
00001a45  disableUART1                   
00001a5d  enableUART1                    
00001a75  initUART1                      
00001ae5  __aeabi_ddiv                   
00001c1b  GPIOPadConfigSet               
00001d4d  SysCtlClockGet                 
00001e5d  __aeabi_dmul                   
00001f59  SysCtlClockSet                 
0000204d  __aeabi_memcpy                 
0000204d  __aeabi_memcpy4                
0000204d  __aeabi_memcpy8                
0000204d  memcpy                         
000020e9  __aeabi_cdcmpeq                
000020e9  __aeabi_cdcmple                
0000216f  ADCSequenceStepConfigure       
000021e9  __aeabi_memclr                 
000021e9  __aeabi_memclr4                
000021e9  __aeabi_memclr8                
000021eb  __aeabi_memset                 
000021eb  __aeabi_memset4                
000021eb  __aeabi_memset8                
000021f1  memset                         
00002263  _system_post_cinit             
00002265  __TI_auto_init                 
000022d5  IntDisable                     
0000233d  IntEnable                      
000023a5  __TI_decompress_lzss           
0000240d  GPIOIntTypeSet                 
00002465  _c_int00                       
000024b9  C$$EXIT                        
000024bd  abort                          
000024c5  exit                           
0000250d  ADCSequenceConfigure           
0000255d  atoi                           
000025a9  copy_in                        
000025f5  GPIOPinConfigure               
0000263d  __aeabi_d2iz                   
00002685  UARTConfigSetExpClk            
00002711  __aeabi_d2uiz                  
00002795  SysCtlPeripheralReady          
000027cd  IntRegister                    
00002801  SysCtlPeripheralEnable         
00002835  ADCIntStatus                   
00002863  __aeabi_i2d                    
00002891  GPIODirModeSet                 
000028bd  UARTDisable                    
000028dd  __aeabi_ui2d                   
000028fd  ADCSequenceDataGet             
0000291b  strcat                         
00002939  ADCProcessorTrigger            
00002951  GPIOIntRegister                
00002969  GPIOPinTypeGPIOOutput          
00002981  UARTIntRegister                
00002999  _args_main                     
000029b1  strcmp                         
000029c9  UARTEnable                     
000029dd  _register_unlock               
000029e3  _register_lock                 
000029eb  _nop                           
000029f1  strcpy                         
00002a05  strlen                         
00002a19  GPIOPinTypeADC                 
00002a2b  GPIOPinTypeGPIOInput           
00002a3d  GPIOPinTypeUART                
00002a51  FPUEnable                      
00002a61  FPULazyStackingEnable          
00002a71  IntMasterDisable               
00002a81  IntMasterEnable                
00002a91  ADCSequenceDisable             
00002a9f  ADCSequenceEnable              
00002aad  GPIOIntDisable                 
00002abb  UARTCharGetNonBlocking         
00002ac9  UARTCharPutNonBlocking         
00002ad7  UARTCharsAvail                 
00002ae5  __TI_decompress_none           
00002af3  CPUcpsid                       
00002aff  CPUcpsie                       
00002b0b  GPIOIntEnable                  
00002b17  __TI_zero_init                 
00002b23  ResetISR                       
00002b2f  ADCIntClear                    
00002b39  UARTIntDisable                 
00002b43  UARTIntStatus                  
00002b4d  UARTIntEnable                  
00002b55  GPIOIntClear                   
00002b5b  GPIOPinRead                    
00002b61  GPIOPinWrite                   
00002b67  SysCtlDelay                    
00002b6d  UARTIntClear                   
00002b71  _system_pre_init               
00002b78  _ctypes_                       
0000301c  customChar                     
0000314c  __TI_Handler_Table_Base        
00003158  __TI_Handler_Table_Limit       
00003168  __TI_CINIT_Base                
00003180  __TI_CINIT_Limit               
20000000  g_pfnRAMVectors                
2000026c  __stack                        
2000046c  __STACK_END                    
2000046c  __STACK_TOP                    
20000470  _sys_memory                    
20000670  keymap                         
200006a0  __TI_cleanup_ptr               
200006a4  __TI_dtors_ptr                 
200006a8  __TI_enable_exit_profile_output
200006ac  _lock                          
200006b0  _unlock                        
200006b4  errno                          
200006b8  main_func_sp                   
200006c0  m                              
200006f0  k                              
20000700  solar                          
20000706  u                              
ffffffff  __TI_pprof_out_hndl            
ffffffff  __TI_prof_data_size            
ffffffff  __TI_prof_data_start           
ffffffff  __binit__                      
ffffffff  __c_args__                     
ffffffff  binit                          
UNDEFED   SHT$$INIT_ARRAY$$Base          
UNDEFED   SHT$$INIT_ARRAY$$Limit         

[172 symbols]
